Archive member included to satisfy reference by file (symbol)

E:/HUST/Embedded System/STM32CubeIDE_1.17.0/STM32CubeIDE/plugins/com.st.stm32cube.ide.mcu.externaltools.gnu-tools-for-stm32.12.3.rel1.win32_1.1.0.202410251130/tools/bin/../lib/gcc/arm-none-eabi/12.3.1/../../../../arm-none-eabi/lib/thumb/v7e-m+fp/hard\libc_nano.a(libc_a-exit.o)
                              E:/HUST/Embedded System/STM32CubeIDE_1.17.0/STM32CubeIDE/plugins/com.st.stm32cube.ide.mcu.externaltools.gnu-tools-for-stm32.12.3.rel1.win32_1.1.0.202410251130/tools/bin/../lib/gcc/arm-none-eabi/12.3.1/../../../../arm-none-eabi/lib/thumb/v7e-m+fp/hard/crt0.o (exit)
E:/HUST/Embedded System/STM32CubeIDE_1.17.0/STM32CubeIDE/plugins/com.st.stm32cube.ide.mcu.externaltools.gnu-tools-for-stm32.12.3.rel1.win32_1.1.0.202410251130/tools/bin/../lib/gcc/arm-none-eabi/12.3.1/../../../../arm-none-eabi/lib/thumb/v7e-m+fp/hard\libc_nano.a(libc_a-findfp.o)
                              E:/HUST/Embedded System/STM32CubeIDE_1.17.0/STM32CubeIDE/plugins/com.st.stm32cube.ide.mcu.externaltools.gnu-tools-for-stm32.12.3.rel1.win32_1.1.0.202410251130/tools/bin/../lib/gcc/arm-none-eabi/12.3.1/../../../../arm-none-eabi/lib/thumb/v7e-m+fp/hard\libc_nano.a(libc_a-exit.o) (__stdio_exit_handler)
E:/HUST/Embedded System/STM32CubeIDE_1.17.0/STM32CubeIDE/plugins/com.st.stm32cube.ide.mcu.externaltools.gnu-tools-for-stm32.12.3.rel1.win32_1.1.0.202410251130/tools/bin/../lib/gcc/arm-none-eabi/12.3.1/../../../../arm-none-eabi/lib/thumb/v7e-m+fp/hard\libc_nano.a(libc_a-fwalk.o)
                              E:/HUST/Embedded System/STM32CubeIDE_1.17.0/STM32CubeIDE/plugins/com.st.stm32cube.ide.mcu.externaltools.gnu-tools-for-stm32.12.3.rel1.win32_1.1.0.202410251130/tools/bin/../lib/gcc/arm-none-eabi/12.3.1/../../../../arm-none-eabi/lib/thumb/v7e-m+fp/hard\libc_nano.a(libc_a-findfp.o) (_fwalk_sglue)
E:/HUST/Embedded System/STM32CubeIDE_1.17.0/STM32CubeIDE/plugins/com.st.stm32cube.ide.mcu.externaltools.gnu-tools-for-stm32.12.3.rel1.win32_1.1.0.202410251130/tools/bin/../lib/gcc/arm-none-eabi/12.3.1/../../../../arm-none-eabi/lib/thumb/v7e-m+fp/hard\libc_nano.a(libc_a-stdio.o)
                              E:/HUST/Embedded System/STM32CubeIDE_1.17.0/STM32CubeIDE/plugins/com.st.stm32cube.ide.mcu.externaltools.gnu-tools-for-stm32.12.3.rel1.win32_1.1.0.202410251130/tools/bin/../lib/gcc/arm-none-eabi/12.3.1/../../../../arm-none-eabi/lib/thumb/v7e-m+fp/hard\libc_nano.a(libc_a-findfp.o) (__sread)
E:/HUST/Embedded System/STM32CubeIDE_1.17.0/STM32CubeIDE/plugins/com.st.stm32cube.ide.mcu.externaltools.gnu-tools-for-stm32.12.3.rel1.win32_1.1.0.202410251130/tools/bin/../lib/gcc/arm-none-eabi/12.3.1/../../../../arm-none-eabi/lib/thumb/v7e-m+fp/hard\libc_nano.a(libc_a-memset.o)
                              E:/HUST/Embedded System/STM32CubeIDE_1.17.0/STM32CubeIDE/plugins/com.st.stm32cube.ide.mcu.externaltools.gnu-tools-for-stm32.12.3.rel1.win32_1.1.0.202410251130/tools/bin/../lib/gcc/arm-none-eabi/12.3.1/../../../../arm-none-eabi/lib/thumb/v7e-m+fp/hard/crt0.o (memset)
E:/HUST/Embedded System/STM32CubeIDE_1.17.0/STM32CubeIDE/plugins/com.st.stm32cube.ide.mcu.externaltools.gnu-tools-for-stm32.12.3.rel1.win32_1.1.0.202410251130/tools/bin/../lib/gcc/arm-none-eabi/12.3.1/../../../../arm-none-eabi/lib/thumb/v7e-m+fp/hard\libc_nano.a(libc_a-closer.o)
                              E:/HUST/Embedded System/STM32CubeIDE_1.17.0/STM32CubeIDE/plugins/com.st.stm32cube.ide.mcu.externaltools.gnu-tools-for-stm32.12.3.rel1.win32_1.1.0.202410251130/tools/bin/../lib/gcc/arm-none-eabi/12.3.1/../../../../arm-none-eabi/lib/thumb/v7e-m+fp/hard\libc_nano.a(libc_a-stdio.o) (_close_r)
E:/HUST/Embedded System/STM32CubeIDE_1.17.0/STM32CubeIDE/plugins/com.st.stm32cube.ide.mcu.externaltools.gnu-tools-for-stm32.12.3.rel1.win32_1.1.0.202410251130/tools/bin/../lib/gcc/arm-none-eabi/12.3.1/../../../../arm-none-eabi/lib/thumb/v7e-m+fp/hard\libc_nano.a(libc_a-reent.o)
                              E:/HUST/Embedded System/STM32CubeIDE_1.17.0/STM32CubeIDE/plugins/com.st.stm32cube.ide.mcu.externaltools.gnu-tools-for-stm32.12.3.rel1.win32_1.1.0.202410251130/tools/bin/../lib/gcc/arm-none-eabi/12.3.1/../../../../arm-none-eabi/lib/thumb/v7e-m+fp/hard\libc_nano.a(libc_a-closer.o) (errno)
E:/HUST/Embedded System/STM32CubeIDE_1.17.0/STM32CubeIDE/plugins/com.st.stm32cube.ide.mcu.externaltools.gnu-tools-for-stm32.12.3.rel1.win32_1.1.0.202410251130/tools/bin/../lib/gcc/arm-none-eabi/12.3.1/../../../../arm-none-eabi/lib/thumb/v7e-m+fp/hard\libc_nano.a(libc_a-impure.o)
                              E:/HUST/Embedded System/STM32CubeIDE_1.17.0/STM32CubeIDE/plugins/com.st.stm32cube.ide.mcu.externaltools.gnu-tools-for-stm32.12.3.rel1.win32_1.1.0.202410251130/tools/bin/../lib/gcc/arm-none-eabi/12.3.1/../../../../arm-none-eabi/lib/thumb/v7e-m+fp/hard\libc_nano.a(libc_a-reent.o) (_impure_ptr)
[...]
Memory Configuration

Name             Origin             Length             Attributes
CCMRAM           0x10000000         0x00010000         xrw
RAM              0x20000000         0x00030000         xrw
FLASH            0x08000000         0x00200000         xr
*default*        0x00000000         0xffffffff

Linker script and memory map

LOAD E:/HUST/Embedded System/STM32CubeIDE_1.17.0/STM32CubeIDE/plugins/com.st.stm32cube.ide.mcu.externaltools.gnu-tools-for-stm32.12.3.rel1.win32_1.1.0.202410251130/tools/bin/../lib/gcc/arm-none-eabi/12.3.1/thumb/v7e-m+fp/hard/crti.o
LOAD E:/HUST/Embedded System/STM32CubeIDE_1.17.0/STM32CubeIDE/plugins/com.st.stm32cube.ide.mcu.externaltools.gnu-tools-for-stm32.12.3.rel1.win32_1.1.0.202410251130/tools/bin/../lib/gcc/arm-none-eabi/12.3.1/thumb/v7e-m+fp/hard/crtbegin.o
LOAD E:/HUST/Embedded System/STM32CubeIDE_1.17.0/STM32CubeIDE/plugins/com.st.stm32cube.ide.mcu.externaltools.gnu-tools-for-stm32.12.3.rel1.win32_1.1.0.202410251130/tools/bin/../lib/gcc/arm-none-eabi/12.3.1/../../../../arm-none-eabi/lib/thumb/v7e-m+fp/hard/crt0.o
LOAD ./Core/Src/TETRIS.o
LOAD ./Core/Src/Tetromino.o
LOAD ./Core/Src/main.o
LOAD ./Core/Src/stm32f4xx_hal_msp.o
LOAD ./Core/Src/stm32f4xx_it.o
LOAD ./Core/Src/syscalls.o
LOAD ./Core/Src/sysmem.o
LOAD ./Core/Src/system_stm32f4xx.o
LOAD ./Core/Startup/startup_stm32f429zitx.o
LOAD ./Drivers/BSP/Components/ili9341/ili9341.o
LOAD ./Drivers/BSP/STM32F429I-Discovery/stm32f429i_discovery.o
LOAD ./Drivers/BSP/STM32F429I-Discovery/stm32f429i_discovery_lcd.o
LOAD ./Drivers/BSP/STM32F429I-Discovery/stm32f429i_discovery_sdram.o
LOAD ./Drivers/STM32F4xx_HAL_Driver/Src/stm32f4xx_hal.o
LOAD ./Drivers/STM32F4xx_HAL_Driver/Src/stm32f4xx_hal_cortex.o
LOAD ./Drivers/STM32F4xx_HAL_Driver/Src/stm32f4xx_hal_dac.o
LOAD ./Drivers/STM32F4xx_HAL_Driver/Src/stm32f4xx_hal_dac_ex.o
LOAD ./Drivers/STM32F4xx_HAL_Driver/Src/stm32f4xx_hal_dma.o
LOAD ./Drivers/STM32F4xx_HAL_Driver/Src/stm32f4xx_hal_dma2d.o
LOAD ./Drivers/STM32F4xx_HAL_Driver/Src/stm32f4xx_hal_dma_ex.o
LOAD ./Drivers/STM32F4xx_HAL_Driver/Src/stm32f4xx_hal_dsi.o
LOAD ./Drivers/STM32F4xx_HAL_Driver/Src/stm32f4xx_hal_exti.o
LOAD ./Drivers/STM32F4xx_HAL_Driver/Src/stm32f4xx_hal_flash.o
LOAD ./Drivers/STM32F4xx_HAL_Driver/Src/stm32f4xx_hal_flash_ex.o
LOAD ./Drivers/STM32F4xx_HAL_Driver/Src/stm32f4xx_hal_flash_ramfunc.o
LOAD ./Drivers/STM32F4xx_HAL_Driver/Src/stm32f4xx_hal_gpio.o
LOAD ./Drivers/STM32F4xx_HAL_Driver/Src/stm32f4xx_hal_i2c.o
LOAD ./Drivers/STM32F4xx_HAL_Driver/Src/stm32f4xx_hal_i2c_ex.o
LOAD ./Drivers/STM32F4xx_HAL_Driver/Src/stm32f4xx_hal_ltdc.o
LOAD ./Drivers/STM32F4xx_HAL_Driver/Src/stm32f4xx_hal_ltdc_ex.o
LOAD ./Drivers/STM32F4xx_HAL_Driver/Src/stm32f4xx_hal_pwr.o
LOAD ./Drivers/STM32F4xx_HAL_Driver/Src/stm32f4xx_hal_pwr_ex.o
LOAD ./Drivers/STM32F4xx_HAL_Driver/Src/stm32f4xx_hal_rcc.o
LOAD ./Drivers/STM32F4xx_HAL_Driver/Src/stm32f4xx_hal_rcc_ex.o
LOAD ./Drivers/STM32F4xx_HAL_Driver/Src/stm32f4xx_hal_rng.o
LOAD ./Drivers/STM32F4xx_HAL_Driver/Src/stm32f4xx_hal_sdram.o
LOAD ./Drivers/STM32F4xx_HAL_Driver/Src/stm32f4xx_hal_spi.o
LOAD ./Drivers/STM32F4xx_HAL_Driver/Src/stm32f4xx_hal_tim.o
LOAD ./Drivers/STM32F4xx_HAL_Driver/Src/stm32f4xx_hal_tim_ex.o
LOAD ./Drivers/STM32F4xx_HAL_Driver/Src/stm32f4xx_ll_fmc.o
START GROUP
LOAD E:/HUST/Embedded System/STM32CubeIDE_1.17.0/STM32CubeIDE/plugins/com.st.stm32cube.ide.mcu.externaltools.gnu-tools-for-stm32.12.3.rel1.win32_1.1.0.202410251130/tools/bin/../lib/gcc/arm-none-eabi/12.3.1/../../../../arm-none-eabi/lib/thumb/v7e-m+fp/hard\libstdc++_nano.a
LOAD E:/HUST/Embedded System/STM32CubeIDE_1.17.0/STM32CubeIDE/plugins/com.st.stm32cube.ide.mcu.externaltools.gnu-tools-for-stm32.12.3.rel1.win32_1.1.0.202410251130/tools/bin/../lib/gcc/arm-none-eabi/12.3.1/../../../../arm-none-eabi/lib/thumb/v7e-m+fp/hard\libsupc++_nano.a
END GROUP
LOAD E:/HUST/Embedded System/STM32CubeIDE_1.17.0/STM32CubeIDE/plugins/com.st.stm32cube.ide.mcu.externaltools.gnu-tools-for-stm32.12.3.rel1.win32_1.1.0.202410251130/tools/bin/../lib/gcc/arm-none-eabi/12.3.1/../../../../arm-none-eabi/lib/thumb/v7e-m+fp/hard\libstdc++_nano.a
LOAD E:/HUST/Embedded System/STM32CubeIDE_1.17.0/STM32CubeIDE/plugins/com.st.stm32cube.ide.mcu.externaltools.gnu-tools-for-stm32.12.3.rel1.win32_1.1.0.202410251130/tools/bin/../lib/gcc/arm-none-eabi/12.3.1/../../../../arm-none-eabi/lib/thumb/v7e-m+fp/hard\libm.a
LOAD E:/HUST/Embedded System/STM32CubeIDE_1.17.0/STM32CubeIDE/plugins/com.st.stm32cube.ide.mcu.externaltools.gnu-tools-for-stm32.12.3.rel1.win32_1.1.0.202410251130/tools/bin/../lib/gcc/arm-none-eabi/12.3.1/../../../../arm-none-eabi/lib/thumb/v7e-m+fp/hard\libc_nano.a
START GROUP
LOAD E:/HUST/Embedded System/STM32CubeIDE_1.17.0/STM32CubeIDE/plugins/com.st.stm32cube.ide.mcu.externaltools.gnu-tools-for-stm32.12.3.rel1.win32_1.1.0.202410251130/tools/bin/../lib/gcc/arm-none-eabi/12.3.1/thumb/v7e-m+fp/hard\libgcc.a
LOAD E:/HUST/Embedded System/STM32CubeIDE_1.17.0/STM32CubeIDE/plugins/com.st.stm32cube.ide.mcu.externaltools.gnu-tools-for-stm32.12.3.rel1.win32_1.1.0.202410251130/tools/bin/../lib/gcc/arm-none-eabi/12.3.1/../../../../arm-none-eabi/lib/thumb/v7e-m+fp/hard\libc_nano.a
END GROUP
START GROUP
LOAD E:/HUST/Embedded System/STM32CubeIDE_1.17.0/STM32CubeIDE/plugins/com.st.stm32cube.ide.mcu.externaltools.gnu-tools-for-stm32.12.3.rel1.win32_1.1.0.202410251130/tools/bin/../lib/gcc/arm-none-eabi/12.3.1/thumb/v7e-m+fp/hard\libgcc.a
LOAD E:/HUST/Embedded System/STM32CubeIDE_1.17.0/STM32CubeIDE/plugins/com.st.stm32cube.ide.mcu.externaltools.gnu-tools-for-stm32.12.3.rel1.win32_1.1.0.202410251130/tools/bin/../lib/gcc/arm-none-eabi/12.3.1/../../../../arm-none-eabi/lib/thumb/v7e-m+fp/hard\libc_nano.a
LOAD E:/HUST/Embedded System/STM32CubeIDE_1.17.0/STM32CubeIDE/plugins/com.st.stm32cube.ide.mcu.externaltools.gnu-tools-for-stm32.12.3.rel1.win32_1.1.0.202410251130/tools/bin/../lib/gcc/arm-none-eabi/12.3.1/../../../../arm-none-eabi/lib/thumb/v7e-m+fp/hard\libnosys.a
END GROUP
START GROUP
LOAD E:/HUST/Embedded System/STM32CubeIDE_1.17.0/STM32CubeIDE/plugins/com.st.stm32cube.ide.mcu.externaltools.gnu-tools-for-stm32.12.3.rel1.win32_1.1.0.202410251130/tools/bin/../lib/gcc/arm-none-eabi/12.3.1/thumb/v7e-m+fp/hard\libgcc.a
LOAD E:/HUST/Embedded System/STM32CubeIDE_1.17.0/STM32CubeIDE/plugins/com.st.stm32cube.ide.mcu.externaltools.gnu-tools-for-stm32.12.3.rel1.win32_1.1.0.202410251130/tools/bin/../lib/gcc/arm-none-eabi/12.3.1/../../../../arm-none-eabi/lib/thumb/v7e-m+fp/hard\libc_nano.a
LOAD E:/HUST/Embedded System/STM32CubeIDE_1.17.0/STM32CubeIDE/plugins/com.st.stm32cube.ide.mcu.externaltools.gnu-tools-for-stm32.12.3.rel1.win32_1.1.0.202410251130/tools/bin/../lib/gcc/arm-none-eabi/12.3.1/../../../../arm-none-eabi/lib/thumb/v7e-m+fp/hard\libnosys.a
END GROUP
LOAD E:/HUST/Embedded System/STM32CubeIDE_1.17.0/STM32CubeIDE/plugins/com.st.stm32cube.ide.mcu.externaltools.gnu-tools-for-stm32.12.3.rel1.win32_1.1.0.202410251130/tools/bin/../lib/gcc/arm-none-eabi/12.3.1/thumb/v7e-m+fp/hard/crtend.o
LOAD E:/HUST/Embedded System/STM32CubeIDE_1.17.0/STM32CubeIDE/plugins/com.st.stm32cube.ide.mcu.externaltools.gnu-tools-for-stm32.12.3.rel1.win32_1.1.0.202410251130/tools/bin/../lib/gcc/arm-none-eabi/12.3.1/thumb/v7e-m+fp/hard/crtn.o
                0x20030000                        _estack = (ORIGIN (RAM) + LENGTH (RAM))
                0x00000200                        _Min_Heap_Size = 0x200
                0x00000400                        _Min_Stack_Size = 0x400

.isr_vector     0x08000000      0x1ac
                0x08000000                        . = ALIGN (0x4)
 *(.isr_vector)
 .isr_vector    0x08000000      0x1ac ./Core/Startup/startup_stm32f429zitx.o
                0x08000000                g_pfnVectors
                0x080001ac                        . = ALIGN (0x4)

.text           0x080001ac     0xba40
                0x080001ac                        . = ALIGN (0x4)
 *(.text)
 .text          0x080001ac       0x40 E:/HUST/Embedded System/STM32CubeIDE_1.17.0/STM32CubeIDE/plugins/com.st.stm32cube.ide.mcu.externaltools.gnu-tools-for-stm32.12.3.rel1.win32_1.1.0.202410251130/tools/bin/../lib/gcc/arm-none-eabi/12.3.1/thumb/v7e-m+fp/hard/crtbegin.o
 .text          0x080001ec       0x30 E:/HUST/Embedded System/STM32CubeIDE_1.17.0/STM32CubeIDE/plugins/com.st.stm32cube.ide.mcu.externaltools.gnu-tools-for-stm32.12.3.rel1.win32_1.1.0.202410251130/tools/bin/../lib/gcc/arm-none-eabi/12.3.1/thumb/v7e-m+fp/hard\libgcc.a(_aeabi_uldivmod.o)
                0x080001ec                __aeabi_uldivmod
 .text          0x0800021c      0x2bc E:/HUST/Embedded System/STM32CubeIDE_1.17.0/STM32CubeIDE/plugins/com.st.stm32cube.ide.mcu.externaltools.gnu-tools-for-stm32.12.3.rel1.win32_1.1.0.202410251130/tools/bin/../lib/gcc/arm-none-eabi/12.3.1/thumb/v7e-m+fp/hard\libgcc.a(_udivmoddi4.o)
                0x0800021c                __udivmoddi4
 .text          0x080004d8        0x4 E:/HUST/Embedded System/STM32CubeIDE_1.17.0/STM32CubeIDE/plugins/com.st.stm32cube.ide.mcu.externaltools.gnu-tools-for-stm32.12.3.rel1.win32_1.1.0.202410251130/tools/bin/../lib/gcc/arm-none-eabi/12.3.1/thumb/v7e-m+fp/hard\libgcc.a(_dvmd_tls.o)
                0x080004d8                __aeabi_idiv0
                0x080004d8                __aeabi_ldiv0
 *(.text*)
 .text.ArrayReset
                0x080004dc       0x90 ./Core/Src/TETRIS.o
                0x080004dc                ArrayReset
 .text.PrintArray
                0x0800056c       0xe8 ./Core/Src/TETRIS.o
                0x0800056c                PrintArray
 .text.DeleteRow
                0x08000654       0x44 ./Core/Src/TETRIS.o
                0x08000654                DeleteRow
 .text.MoveAllRowAbove
                0x08000698       0x68 ./Core/Src/TETRIS.o
                0x08000698                MoveAllRowAbove
 .text.CheckFullRow
                0x08000700       0x90 ./Core/Src/TETRIS.o
                0x08000700                CheckFullRow
 .text.PrintVariables
                0x08000790        0xe ./Core/Src/TETRIS.o
                0x08000790                PrintVariables
 *fill*         0x0800079e        0x2 
 .text.Refresh  0x080007a0       0x2c ./Core/Src/TETRIS.o
                0x080007a0                Refresh
 .text.InputProcess
                0x080007cc      0x244 ./Core/Src/TETRIS.o
                0x080007cc                InputProcess
 .text.TETRIS_main
                0x08000a10      0x298 ./Core/Src/TETRIS.o
                0x08000a10                TETRIS_main
 .text.khung    0x08000ca8       0x94 ./Core/Src/TETRIS.o
                0x08000ca8                khung
 .text.TETRIS_PrintScore
                0x08000d3c      0x314 ./Core/Src/TETRIS.o
                0x08000d3c                TETRIS_PrintScore
 .text.BlockI1  0x08001050      0x360 ./Core/Src/Tetromino.o
                0x08001050                BlockI1
 .text.BlockI2  0x080013b0      0x2e8 ./Core/Src/Tetromino.o
                0x080013b0                BlockI2
 .text.BlockJ1  0x08001698      0x330 ./Core/Src/Tetromino.o
                0x08001698                BlockJ1
 .text.BlockJ2  0x080019c8      0x300 ./Core/Src/Tetromino.o
                0x080019c8                BlockJ2
 .text.BlockJ3  0x08001cc8      0x320 ./Core/Src/Tetromino.o
                0x08001cc8                BlockJ3
 .text.BlockJ4  0x08001fe8      0x300 ./Core/Src/Tetromino.o
                0x08001fe8                BlockJ4
 .text.BlockL1  0x080022e8      0x32c ./Core/Src/Tetromino.o
                0x080022e8                BlockL1
 .text.BlockL2  0x08002614      0x308 ./Core/Src/Tetromino.o
                0x08002614                BlockL2
 .text.BlockL3  0x0800291c      0x324 ./Core/Src/Tetromino.o
                0x0800291c                BlockL3
 .text.BlockL4  0x08002c40      0x2f8 ./Core/Src/Tetromino.o
                0x08002c40                BlockL4
 .text.BlockO   0x08002f38      0x290 ./Core/Src/Tetromino.o
                0x08002f38                BlockO
 .text.BlockS1  0x080031c8      0x330 ./Core/Src/Tetromino.o
                0x080031c8                BlockS1
 .text.BlockS2  0x080034f8      0x30c ./Core/Src/Tetromino.o
                0x080034f8                BlockS2
 .text.BlockT1  0x08003804      0x330 ./Core/Src/Tetromino.o
                0x08003804                BlockT1
 .text.BlockT2  0x08003b34      0x308 ./Core/Src/Tetromino.o
                0x08003b34                BlockT2
 .text.BlockT3  0x08003e3c      0x324 ./Core/Src/Tetromino.o
                0x08003e3c                BlockT3
 .text.BlockT4  0x08004160      0x304 ./Core/Src/Tetromino.o
                0x08004160                BlockT4
 .text.BlockZ1  0x08004464      0x32c ./Core/Src/Tetromino.o
                0x08004464                BlockZ1
 .text.BlockZ2  0x08004790      0x300 ./Core/Src/Tetromino.o
                0x08004790                BlockZ2
 .text.PrintTetromino
                0x08004a90      0x1c8 ./Core/Src/Tetromino.o
                0x08004a90                PrintTetromino
 .text.PrintNextPiece
                0x08004c58      0x5b8 ./Core/Src/Tetromino.o
                0x08004c58                PrintNextPiece
 .text.generate_square
                0x08005210       0x7e ./Core/Src/main.o
                0x08005210                generate_square
 *fill*         0x0800528e        0x2 
 .text.play_note
                0x08005290       0x98 ./Core/Src/main.o
                0x08005290                play_note
 .text.main     0x08005328       0xa8 ./Core/Src/main.o
                0x08005328                main
 .text.SystemClock_Config
                0x080053d0      0x108 ./Core/Src/main.o
                0x080053d0                SystemClock_Config
 .text.MX_DMA2D_Init
                0x080054d8       0x64 ./Core/Src/main.o
 .text.MX_I2C1_Init
                0x0800553c       0x80 ./Core/Src/main.o
 .text.MX_LTDC_Init
                0x080055bc       0xfc ./Core/Src/main.o
 .text.MX_RNG_Init
                0x080056b8       0x28 ./Core/Src/main.o
 .text.MX_SPI1_Init
                0x080056e0       0x6c ./Core/Src/main.o
 .text.MX_FMC_Init
                0x0800574c       0x9c ./Core/Src/main.o
 .text.MX_GPIO_Init
                0x080057e8      0x180 ./Core/Src/main.o
 .text.MX_DAC_Init
                0x08005968       0x40 ./Core/Src/main.o
 .text.MX_TIM6_Init
                0x080059a8       0x64 ./Core/Src/main.o
 .text.MX_DMA_Init
                0x08005a0c       0x94 ./Core/Src/main.o
 .text.isUpKey  0x08005aa0       0x24 ./Core/Src/main.o
                0x08005aa0                isUpKey
 .text.isDownKey
                0x08005ac4       0x24 ./Core/Src/main.o
                0x08005ac4                isDownKey
 .text.isLeftKey
                0x08005ae8       0x24 ./Core/Src/main.o
                0x08005ae8                isLeftKey
 .text.isRightKey
                0x08005b0c       0x24 ./Core/Src/main.o
                0x08005b0c                isRightKey
 .text.Random   0x08005b30       0x50 ./Core/Src/main.o
                0x08005b30                Random
 .text.isAnyKeyPressed
                0x08005b80       0x50 ./Core/Src/main.o
                0x08005b80                isAnyKeyPressed
 .text.PrintXY  0x08005bd0       0x3e ./Core/Src/main.o
                0x08005bd0                PrintXY
 *fill*         0x08005c0e        0x2 
 .text.Colour   0x08005c10       0x84 ./Core/Src/main.o
                0x08005c10                Colour
 .text.isUSERKey
                0x08005c94       0x20 ./Core/Src/main.o
                0x08005c94                isUSERKey
 .text.Error_Handler
                0x08005cb4        0xc ./Core/Src/main.o
                0x08005cb4                Error_Handler
 .text.HAL_MspInit
                0x08005cc0       0x50 ./Core/Src/stm32f4xx_hal_msp.o
                0x08005cc0                HAL_MspInit
 .text.HAL_DMA2D_MspInit
                0x08005d10       0x44 ./Core/Src/stm32f4xx_hal_msp.o
                0x08005d10                HAL_DMA2D_MspInit
 .text.HAL_I2C_MspInit
                0x08005d54       0x90 ./Core/Src/stm32f4xx_hal_msp.o
                0x08005d54                HAL_I2C_MspInit
 .text.HAL_LTDC_MspInit
                0x08005de4      0x21c ./Core/Src/stm32f4xx_hal_msp.o
                0x08005de4                HAL_LTDC_MspInit
 .text.HAL_RNG_MspInit
                0x08006000       0x50 ./Core/Src/stm32f4xx_hal_msp.o
                0x08006000                HAL_RNG_MspInit
 .text.HAL_SPI_MspInit
                0x08006050       0xd0 ./Core/Src/stm32f4xx_hal_msp.o
                0x08006050                HAL_SPI_MspInit
 .text.HAL_SPI_MspDeInit
                0x08006120       0x48 ./Core/Src/stm32f4xx_hal_msp.o
                0x08006120                HAL_SPI_MspDeInit
 .text.HAL_FMC_MspInit
                0x08006168      0x104 ./Core/Src/stm32f4xx_hal_msp.o
 .text.HAL_SDRAM_MspInit
                0x0800626c       0x14 ./Core/Src/stm32f4xx_hal_msp.o
                0x0800626c                HAL_SDRAM_MspInit
 .text.HAL_TIM_Base_MspInit
                0x08006280       0x44 ./Core/Src/stm32f4xx_hal_msp.o
                0x08006280                HAL_TIM_Base_MspInit
 .text.HAL_DAC_MspInit
                0x080062c4       0x88 ./Core/Src/stm32f4xx_hal_msp.o
                0x080062c4                HAL_DAC_MspInit
 .text.NMI_Handler
                0x0800634c        0x8 ./Core/Src/stm32f4xx_it.o
                0x0800634c                NMI_Handler
 .text.HardFault_Handler
                0x08006354        0x8 ./Core/Src/stm32f4xx_it.o
                0x08006354                HardFault_Handler
 .text.MemManage_Handler
                0x0800635c        0x8 ./Core/Src/stm32f4xx_it.o
                0x0800635c                MemManage_Handler
 .text.BusFault_Handler
                0x08006364        0x8 ./Core/Src/stm32f4xx_it.o
                0x08006364                BusFault_Handler
 .text.UsageFault_Handler
                0x0800636c        0x8 ./Core/Src/stm32f4xx_it.o
                0x0800636c                UsageFault_Handler
 .text.SVC_Handler
                0x08006374        0xe ./Core/Src/stm32f4xx_it.o
                0x08006374                SVC_Handler
 .text.DebugMon_Handler
                0x08006382        0xe ./Core/Src/stm32f4xx_it.o
                0x08006382                DebugMon_Handler
 .text.PendSV_Handler
                0x08006390        0xe ./Core/Src/stm32f4xx_it.o
                0x08006390                PendSV_Handler
 .text.SysTick_Handler
                0x0800639e        0xc ./Core/Src/stm32f4xx_it.o
                0x0800639e                SysTick_Handler
 *fill*         0x080063aa        0x2 
 .text.HASH_RNG_IRQHandler
                0x080063ac       0x14 ./Core/Src/stm32f4xx_it.o
                0x080063ac                HASH_RNG_IRQHandler
 .text.TIM6_DAC_IRQHandler
                0x080063c0       0x14 ./Core/Src/stm32f4xx_it.o
                0x080063c0                TIM6_DAC_IRQHandler
 .text.SystemInit
                0x080063d4       0x2c ./Core/Src/system_stm32f4xx.o
                0x080063d4                SystemInit
 .text.Reset_Handler
                0x08006400       0x50 ./Core/Startup/startup_stm32f429zitx.o
                0x08006400                Reset_Handler
 .text.Default_Handler
                0x08006450        0x2 ./Core/Startup/startup_stm32f429zitx.o
                0x08006450                RTC_Alarm_IRQHandler
                0x08006450                EXTI2_IRQHandler
                0x08006450                TIM8_CC_IRQHandler
                0x08006450                UART8_IRQHandler
                0x08006450                SPI4_IRQHandler
                0x08006450                TIM1_CC_IRQHandler
                0x08006450                DMA2_Stream5_IRQHandler
                0x08006450                DMA1_Stream5_IRQHandler
                0x08006450                PVD_IRQHandler
                0x08006450                SDIO_IRQHandler
                0x08006450                TAMP_STAMP_IRQHandler
                0x08006450                CAN2_RX1_IRQHandler
                0x08006450                EXTI3_IRQHandler
                0x08006450                TIM8_TRG_COM_TIM14_IRQHandler
                0x08006450                TIM1_UP_TIM10_IRQHandler
                0x08006450                TIM8_UP_TIM13_IRQHandler
                0x08006450                I2C3_ER_IRQHandler
                0x08006450                EXTI0_IRQHandler
                0x08006450                I2C2_EV_IRQHandler
                0x08006450                DMA1_Stream2_IRQHandler
                0x08006450                CAN1_RX0_IRQHandler
                0x08006450                FPU_IRQHandler
                0x08006450                OTG_HS_WKUP_IRQHandler
                0x08006450                LTDC_ER_IRQHandler
                0x08006450                CAN2_SCE_IRQHandler
                0x08006450                DMA2_Stream2_IRQHandler
                0x08006450                SPI1_IRQHandler
                0x08006450                TIM1_BRK_TIM9_IRQHandler
                0x08006450                DCMI_IRQHandler
                0x08006450                CAN2_RX0_IRQHandler
                0x08006450                DMA2_Stream3_IRQHandler
                0x08006450                USART6_IRQHandler
                0x08006450                USART3_IRQHandler
                0x08006450                CAN1_RX1_IRQHandler
                0x08006450                UART5_IRQHandler
                0x08006450                DMA2_Stream0_IRQHandler
                0x08006450                TIM4_IRQHandler
                0x08006450                I2C1_EV_IRQHandler
                0x08006450                DMA1_Stream6_IRQHandler
                0x08006450                DMA1_Stream1_IRQHandler
                0x08006450                UART4_IRQHandler
                0x08006450                TIM3_IRQHandler
                0x08006450                RCC_IRQHandler
                0x08006450                TIM8_BRK_TIM12_IRQHandler
                0x08006450                Default_Handler
                0x08006450                EXTI15_10_IRQHandler
                0x08006450                ADC_IRQHandler
                0x08006450                DMA1_Stream7_IRQHandler
                0x08006450                SPI5_IRQHandler
                0x08006450                TIM7_IRQHandler
                0x08006450                CAN2_TX_IRQHandler
                0x08006450                TIM5_IRQHandler
                0x08006450                DMA2_Stream7_IRQHandler
                0x08006450                I2C3_EV_IRQHandler
                0x08006450                EXTI9_5_IRQHandler
                0x08006450                RTC_WKUP_IRQHandler
                0x08006450                LTDC_IRQHandler
                0x08006450                ETH_WKUP_IRQHandler
                0x08006450                SPI2_IRQHandler
                0x08006450                OTG_HS_EP1_IN_IRQHandler
                0x08006450                DMA1_Stream0_IRQHandler
                0x08006450                CAN1_TX_IRQHandler
                0x08006450                EXTI4_IRQHandler
                0x08006450                ETH_IRQHandler
                0x08006450                OTG_HS_EP1_OUT_IRQHandler
                0x08006450                WWDG_IRQHandler
                0x08006450                SPI6_IRQHandler
                0x08006450                TIM2_IRQHandler
                0x08006450                OTG_FS_WKUP_IRQHandler
                0x08006450                TIM1_TRG_COM_TIM11_IRQHandler
                0x08006450                OTG_HS_IRQHandler
                0x08006450                DMA2D_IRQHandler
                0x08006450                EXTI1_IRQHandler
                0x08006450                UART7_IRQHandler
                0x08006450                USART2_IRQHandler
                0x08006450                I2C2_ER_IRQHandler
                0x08006450                DMA2_Stream1_IRQHandler
                0x08006450                CAN1_SCE_IRQHandler
                0x08006450                FLASH_IRQHandler
                0x08006450                DMA2_Stream4_IRQHandler
                0x08006450                USART1_IRQHandler
                0x08006450                OTG_FS_IRQHandler
                0x08006450                SPI3_IRQHandler
                0x08006450                DMA1_Stream4_IRQHandler
                0x08006450                I2C1_ER_IRQHandler
                0x08006450                FMC_IRQHandler
                0x08006450                DMA2_Stream6_IRQHandler
                0x08006450                SAI1_IRQHandler
                0x08006450                DMA1_Stream3_IRQHandler
 .text.ili9341_Init
                0x08006452      0x294 ./Drivers/BSP/Components/ili9341/ili9341.o
                0x08006452                ili9341_Init
 .text.ili9341_ReadID
                0x080066e6       0x18 ./Drivers/BSP/Components/ili9341/ili9341.o
                0x080066e6                ili9341_ReadID
 .text.ili9341_DisplayOn
                0x080066fe        0xe ./Drivers/BSP/Components/ili9341/ili9341.o
                0x080066fe                ili9341_DisplayOn
 .text.ili9341_DisplayOff
                0x0800670c        0xe ./Drivers/BSP/Components/ili9341/ili9341.o
                0x0800670c                ili9341_DisplayOff
 .text.ili9341_WriteReg
                0x0800671a       0x1a ./Drivers/BSP/Components/ili9341/ili9341.o
                0x0800671a                ili9341_WriteReg
 .text.ili9341_WriteData
                0x08006734       0x1a ./Drivers/BSP/Components/ili9341/ili9341.o
                0x08006734                ili9341_WriteData
 .text.ili9341_ReadData
                0x0800674e       0x26 ./Drivers/BSP/Components/ili9341/ili9341.o
                0x0800674e                ili9341_ReadData
 .text.ili9341_GetLcdPixelWidth
                0x08006774       0x10 ./Drivers/BSP/Components/ili9341/ili9341.o
                0x08006774                ili9341_GetLcdPixelWidth
 .text.ili9341_GetLcdPixelHeight
                0x08006784       0x12 ./Drivers/BSP/Components/ili9341/ili9341.o
                0x08006784                ili9341_GetLcdPixelHeight
 *fill*         0x08006796        0x2 
 .text.SPIx_Init
                0x08006798       0x74 ./Drivers/BSP/STM32F429I-Discovery/stm32f429i_discovery.o
 .text.SPIx_Read
                0x0800680c       0x40 ./Drivers/BSP/STM32F429I-Discovery/stm32f429i_discovery.o
 .text.SPIx_Write
                0x0800684c       0x3c ./Drivers/BSP/STM32F429I-Discovery/stm32f429i_discovery.o
 .text.SPIx_Error
                0x08006888       0x18 ./Drivers/BSP/STM32F429I-Discovery/stm32f429i_discovery.o
 .text.SPIx_MspInit
                0x080068a0       0x74 ./Drivers/BSP/STM32F429I-Discovery/stm32f429i_discovery.o
 .text.LCD_IO_Init
                0x08006914       0xf0 ./Drivers/BSP/STM32F429I-Discovery/stm32f429i_discovery.o
                0x08006914                LCD_IO_Init
 .text.LCD_IO_WriteData
                0x08006a04       0x44 ./Drivers/BSP/STM32F429I-Discovery/stm32f429i_discovery.o
                0x08006a04                LCD_IO_WriteData
 .text.LCD_IO_WriteReg
                0x08006a48       0x44 ./Drivers/BSP/STM32F429I-Discovery/stm32f429i_discovery.o
                0x08006a48                LCD_IO_WriteReg
 .text.LCD_IO_ReadData
                0x08006a8c       0x64 ./Drivers/BSP/STM32F429I-Discovery/stm32f429i_discovery.o
                0x08006a8c                LCD_IO_ReadData
 .text.LCD_Delay
                0x08006af0       0x16 ./Drivers/BSP/STM32F429I-Discovery/stm32f429i_discovery.o
                0x08006af0                LCD_Delay
 *fill*         0x08006b06        0x2 
 .text.BSP_LCD_Init
                0x08006b08       0xd4 ./Drivers/BSP/STM32F429I-Discovery/stm32f429i_discovery_lcd.o
                0x08006b08                BSP_LCD_Init
 .text.BSP_LCD_GetXSize
                0x08006bdc       0x18 ./Drivers/BSP/STM32F429I-Discovery/stm32f429i_discovery_lcd.o
                0x08006bdc                BSP_LCD_GetXSize
 .text.BSP_LCD_GetYSize
                0x08006bf4       0x18 ./Drivers/BSP/STM32F429I-Discovery/stm32f429i_discovery_lcd.o
                0x08006bf4                BSP_LCD_GetYSize
 .text.BSP_LCD_LayerDefaultInit
                0x08006c0c       0xc8 ./Drivers/BSP/STM32F429I-Discovery/stm32f429i_discovery_lcd.o
                0x08006c0c                BSP_LCD_LayerDefaultInit
 .text.BSP_LCD_SetTextColor
                0x08006cd4       0x30 ./Drivers/BSP/STM32F429I-Discovery/stm32f429i_discovery_lcd.o
                0x08006cd4                BSP_LCD_SetTextColor
 .text.BSP_LCD_SetBackColor
                0x08006d04       0x34 ./Drivers/BSP/STM32F429I-Discovery/stm32f429i_discovery_lcd.o
                0x08006d04                BSP_LCD_SetBackColor
 .text.BSP_LCD_SetFont
                0x08006d38       0x34 ./Drivers/BSP/STM32F429I-Discovery/stm32f429i_discovery_lcd.o
                0x08006d38                BSP_LCD_SetFont
 .text.BSP_LCD_Clear
                0x08006d6c       0x50 ./Drivers/BSP/STM32F429I-Discovery/stm32f429i_discovery_lcd.o
                0x08006d6c                BSP_LCD_Clear
 .text.BSP_LCD_DisplayChar
                0x08006dbc       0x88 ./Drivers/BSP/STM32F429I-Discovery/stm32f429i_discovery_lcd.o
                0x08006dbc                BSP_LCD_DisplayChar
 .text.BSP_LCD_DisplayStringAt
                0x08006e44      0x17c ./Drivers/BSP/STM32F429I-Discovery/stm32f429i_discovery_lcd.o
                0x08006e44                BSP_LCD_DisplayStringAt
 .text.BSP_LCD_FillRect
                0x08006fc0       0xb4 ./Drivers/BSP/STM32F429I-Discovery/stm32f429i_discovery_lcd.o
                0x08006fc0                BSP_LCD_FillRect
 .text.BSP_LCD_MspInit
                0x08007074      0x1ac ./Drivers/BSP/STM32F429I-Discovery/stm32f429i_discovery_lcd.o
                0x08007074                BSP_LCD_MspInit
 .text.BSP_LCD_DrawPixel
                0x08007220       0x4c ./Drivers/BSP/STM32F429I-Discovery/stm32f429i_discovery_lcd.o
                0x08007220                BSP_LCD_DrawPixel
 .text.DrawChar
                0x0800726c      0x174 ./Drivers/BSP/STM32F429I-Discovery/stm32f429i_discovery_lcd.o
 .text.FillBuffer
                0x080073e0       0x70 ./Drivers/BSP/STM32F429I-Discovery/stm32f429i_discovery_lcd.o
 .text.BSP_SDRAM_Init
                0x08007450       0xbc ./Drivers/BSP/STM32F429I-Discovery/stm32f429i_discovery_sdram.o
                0x08007450                BSP_SDRAM_Init
 .text.BSP_SDRAM_Initialization_sequence
                0x0800750c       0xc0 ./Drivers/BSP/STM32F429I-Discovery/stm32f429i_discovery_sdram.o
                0x0800750c                BSP_SDRAM_Initialization_sequence
 .text.BSP_SDRAM_MspInit
                0x080075cc      0x218 ./Drivers/BSP/STM32F429I-Discovery/stm32f429i_discovery_sdram.o
                0x080075cc                BSP_SDRAM_MspInit
 .text.HAL_Init
                0x080077e4       0x44 ./Drivers/STM32F4xx_HAL_Driver/Src/stm32f4xx_hal.o
                0x080077e4                HAL_Init
 .text.HAL_InitTick
                0x08007828       0x60 ./Drivers/STM32F4xx_HAL_Driver/Src/stm32f4xx_hal.o
                0x08007828                HAL_InitTick
 .text.HAL_IncTick
                0x08007888       0x28 ./Drivers/STM32F4xx_HAL_Driver/Src/stm32f4xx_hal.o
                0x08007888                HAL_IncTick
 .text.HAL_GetTick
                0x080078b0       0x18 ./Drivers/STM32F4xx_HAL_Driver/Src/stm32f4xx_hal.o
                0x080078b0                HAL_GetTick
 .text.HAL_Delay
                0x080078c8       0x48 ./Drivers/STM32F4xx_HAL_Driver/Src/stm32f4xx_hal.o
                0x080078c8                HAL_Delay
 .text.__NVIC_SetPriorityGrouping
                0x08007910       0x48 ./Drivers/STM32F4xx_HAL_Driver/Src/stm32f4xx_hal_cortex.o
 .text.__NVIC_GetPriorityGrouping
                0x08007958       0x1c ./Drivers/STM32F4xx_HAL_Driver/Src/stm32f4xx_hal_cortex.o
 .text.__NVIC_EnableIRQ
                0x08007974       0x3c ./Drivers/STM32F4xx_HAL_Driver/Src/stm32f4xx_hal_cortex.o
 .text.__NVIC_SetPriority
                0x080079b0       0x54 ./Drivers/STM32F4xx_HAL_Driver/Src/stm32f4xx_hal_cortex.o
 .text.NVIC_EncodePriority
                0x08007a04       0x66 ./Drivers/STM32F4xx_HAL_Driver/Src/stm32f4xx_hal_cortex.o
 *fill*         0x08007a6a        0x2 
 .text.SysTick_Config
                0x08007a6c       0x44 ./Drivers/STM32F4xx_HAL_Driver/Src/stm32f4xx_hal_cortex.o
 .text.HAL_NVIC_SetPriorityGrouping
                0x08007ab0       0x16 ./Drivers/STM32F4xx_HAL_Driver/Src/stm32f4xx_hal_cortex.o
                0x08007ab0                HAL_NVIC_SetPriorityGrouping
 .text.HAL_NVIC_SetPriority
                0x08007ac6       0x38 ./Drivers/STM32F4xx_HAL_Driver/Src/stm32f4xx_hal_cortex.o
                0x08007ac6                HAL_NVIC_SetPriority
 .text.HAL_NVIC_EnableIRQ
                0x08007afe       0x1c ./Drivers/STM32F4xx_HAL_Driver/Src/stm32f4xx_hal_cortex.o
                0x08007afe                HAL_NVIC_EnableIRQ
 .text.HAL_SYSTICK_Config
                0x08007b1a       0x18 ./Drivers/STM32F4xx_HAL_Driver/Src/stm32f4xx_hal_cortex.o
                0x08007b1a                HAL_SYSTICK_Config
 .text.HAL_DAC_Init
                0x08007b32       0x44 ./Drivers/STM32F4xx_HAL_Driver/Src/stm32f4xx_hal_dac.o
                0x08007b32                HAL_DAC_Init
 *fill*         0x08007b76        0x2 
 .text.HAL_DAC_Start_DMA
                0x08007b78      0x184 ./Drivers/STM32F4xx_HAL_Driver/Src/stm32f4xx_hal_dac.o
                0x08007b78                HAL_DAC_Start_DMA
 .text.HAL_DAC_Stop_DMA
                0x08007cfc       0x9a ./Drivers/STM32F4xx_HAL_Driver/Src/stm32f4xx_hal_dac.o
                0x08007cfc                HAL_DAC_Stop_DMA
 .text.HAL_DAC_ConvCpltCallbackCh1
                0x08007d96       0x14 ./Drivers/STM32F4xx_HAL_Driver/Src/stm32f4xx_hal_dac.o
                0x08007d96                HAL_DAC_ConvCpltCallbackCh1
 .text.HAL_DAC_ConvHalfCpltCallbackCh1
                0x08007daa       0x14 ./Drivers/STM32F4xx_HAL_Driver/Src/stm32f4xx_hal_dac.o
                0x08007daa                HAL_DAC_ConvHalfCpltCallbackCh1
 .text.HAL_DAC_ErrorCallbackCh1
                0x08007dbe       0x14 ./Drivers/STM32F4xx_HAL_Driver/Src/stm32f4xx_hal_dac.o
                0x08007dbe                HAL_DAC_ErrorCallbackCh1
 .text.HAL_DAC_ConfigChannel
                0x08007dd2       0xb2 ./Drivers/STM32F4xx_HAL_Driver/Src/stm32f4xx_hal_dac.o
                0x08007dd2                HAL_DAC_ConfigChannel
 .text.DAC_DMAConvCpltCh1
                0x08007e84       0x22 ./Drivers/STM32F4xx_HAL_Driver/Src/stm32f4xx_hal_dac.o
                0x08007e84                DAC_DMAConvCpltCh1
 .text.DAC_DMAHalfConvCpltCh1
                0x08007ea6       0x1c ./Drivers/STM32F4xx_HAL_Driver/Src/stm32f4xx_hal_dac.o
                0x08007ea6                DAC_DMAHalfConvCpltCh1
 .text.DAC_DMAErrorCh1
                0x08007ec2       0x2e ./Drivers/STM32F4xx_HAL_Driver/Src/stm32f4xx_hal_dac.o
                0x08007ec2                DAC_DMAErrorCh1
 .text.HAL_DACEx_ConvCpltCallbackCh2
                0x08007ef0       0x14 ./Drivers/STM32F4xx_HAL_Driver/Src/stm32f4xx_hal_dac_ex.o
                0x08007ef0                HAL_DACEx_ConvCpltCallbackCh2
 .text.HAL_DACEx_ConvHalfCpltCallbackCh2
                0x08007f04       0x14 ./Drivers/STM32F4xx_HAL_Driver/Src/stm32f4xx_hal_dac_ex.o
                0x08007f04                HAL_DACEx_ConvHalfCpltCallbackCh2
 .text.HAL_DACEx_ErrorCallbackCh2
                0x08007f18       0x14 ./Drivers/STM32F4xx_HAL_Driver/Src/stm32f4xx_hal_dac_ex.o
                0x08007f18                HAL_DACEx_ErrorCallbackCh2
 .text.DAC_DMAConvCpltCh2
                0x08007f2c       0x22 ./Drivers/STM32F4xx_HAL_Driver/Src/stm32f4xx_hal_dac_ex.o
                0x08007f2c                DAC_DMAConvCpltCh2
 .text.DAC_DMAHalfConvCpltCh2
                0x08007f4e       0x1c ./Drivers/STM32F4xx_HAL_Driver/Src/stm32f4xx_hal_dac_ex.o
                0x08007f4e                DAC_DMAHalfConvCpltCh2
 .text.DAC_DMAErrorCh2
                0x08007f6a       0x2e ./Drivers/STM32F4xx_HAL_Driver/Src/stm32f4xx_hal_dac_ex.o
                0x08007f6a                DAC_DMAErrorCh2
 .text.HAL_DMA_Init
                0x08007f98      0x15c ./Drivers/STM32F4xx_HAL_Driver/Src/stm32f4xx_hal_dma.o
                0x08007f98                HAL_DMA_Init
 .text.HAL_DMA_DeInit
                0x080080f4       0xbc ./Drivers/STM32F4xx_HAL_Driver/Src/stm32f4xx_hal_dma.o
                0x080080f4                HAL_DMA_DeInit
 .text.HAL_DMA_Start_IT
                0x080081b0       0xb0 ./Drivers/STM32F4xx_HAL_Driver/Src/stm32f4xx_hal_dma.o
                0x080081b0                HAL_DMA_Start_IT
 .text.HAL_DMA_Abort
                0x08008260       0xe0 ./Drivers/STM32F4xx_HAL_Driver/Src/stm32f4xx_hal_dma.o
                0x08008260                HAL_DMA_Abort
 .text.DMA_SetConfig
                0x08008340       0x5c ./Drivers/STM32F4xx_HAL_Driver/Src/stm32f4xx_hal_dma.o
 .text.DMA_CalcBaseAndBitshift
                0x0800839c       0x6c ./Drivers/STM32F4xx_HAL_Driver/Src/stm32f4xx_hal_dma.o
 .text.DMA_CheckFifoParam
                0x08008408       0xf8 ./Drivers/STM32F4xx_HAL_Driver/Src/stm32f4xx_hal_dma.o
 .text.HAL_DMA2D_Init
                0x08008500       0x92 ./Drivers/STM32F4xx_HAL_Driver/Src/stm32f4xx_hal_dma2d.o
                0x08008500                HAL_DMA2D_Init
 .text.HAL_DMA2D_Start
                0x08008592       0x56 ./Drivers/STM32F4xx_HAL_Driver/Src/stm32f4xx_hal_dma2d.o
                0x08008592                HAL_DMA2D_Start
 .text.HAL_DMA2D_PollForTransfer
                0x080085e8      0x1d2 ./Drivers/STM32F4xx_HAL_Driver/Src/stm32f4xx_hal_dma2d.o
                0x080085e8                HAL_DMA2D_PollForTransfer
 *fill*         0x080087ba        0x2 
 .text.HAL_DMA2D_ConfigLayer
                0x080087bc      0x124 ./Drivers/STM32F4xx_HAL_Driver/Src/stm32f4xx_hal_dma2d.o
                0x080087bc                HAL_DMA2D_ConfigLayer
 .text.DMA2D_SetConfig
                0x080088e0      0x138 ./Drivers/STM32F4xx_HAL_Driver/Src/stm32f4xx_hal_dma2d.o
 .text.HAL_GPIO_Init
                0x08008a18      0x358 ./Drivers/STM32F4xx_HAL_Driver/Src/stm32f4xx_hal_gpio.o
                0x08008a18                HAL_GPIO_Init
 .text.HAL_GPIO_DeInit
                0x08008d70      0x218 ./Drivers/STM32F4xx_HAL_Driver/Src/stm32f4xx_hal_gpio.o
                0x08008d70                HAL_GPIO_DeInit
 .text.HAL_GPIO_ReadPin
                0x08008f88       0x30 ./Drivers/STM32F4xx_HAL_Driver/Src/stm32f4xx_hal_gpio.o
                0x08008f88                HAL_GPIO_ReadPin
 .text.HAL_GPIO_WritePin
                0x08008fb8       0x32 ./Drivers/STM32F4xx_HAL_Driver/Src/stm32f4xx_hal_gpio.o
                0x08008fb8                HAL_GPIO_WritePin
 *fill*         0x08008fea        0x2 
 .text.HAL_I2C_Init
                0x08008fec      0x288 ./Drivers/STM32F4xx_HAL_Driver/Src/stm32f4xx_hal_i2c.o
                0x08008fec                HAL_I2C_Init
 .text.HAL_I2CEx_ConfigAnalogFilter
                0x08009274       0x78 ./Drivers/STM32F4xx_HAL_Driver/Src/stm32f4xx_hal_i2c_ex.o
                0x08009274                HAL_I2CEx_ConfigAnalogFilter
 .text.HAL_I2CEx_ConfigDigitalFilter
                0x080092ec       0x7e ./Drivers/STM32F4xx_HAL_Driver/Src/stm32f4xx_hal_i2c_ex.o
                0x080092ec                HAL_I2CEx_ConfigDigitalFilter
 *fill*         0x0800936a        0x2 
 .text.HAL_LTDC_Init
                0x0800936c      0x1a0 ./Drivers/STM32F4xx_HAL_Driver/Src/stm32f4xx_hal_ltdc.o
                0x0800936c                HAL_LTDC_Init
 .text.HAL_LTDC_ConfigLayer
                0x0800950c       0x7c ./Drivers/STM32F4xx_HAL_Driver/Src/stm32f4xx_hal_ltdc.o
                0x0800950c                HAL_LTDC_ConfigLayer
 .text.HAL_LTDC_EnableDither
                0x08009588       0x54 ./Drivers/STM32F4xx_HAL_Driver/Src/stm32f4xx_hal_ltdc.o
                0x08009588                HAL_LTDC_EnableDither
 .text.LTDC_SetConfig
                0x080095dc      0x32e ./Drivers/STM32F4xx_HAL_Driver/Src/stm32f4xx_hal_ltdc.o
 *fill*         0x0800990a        0x2 
 .text.HAL_RCC_OscConfig
                0x0800990c      0x4dc ./Drivers/STM32F4xx_HAL_Driver/Src/stm32f4xx_hal_rcc.o
                0x0800990c                HAL_RCC_OscConfig
 .text.HAL_RCC_ClockConfig
                0x08009de8      0x1cc ./Drivers/STM32F4xx_HAL_Driver/Src/stm32f4xx_hal_rcc.o
                0x08009de8                HAL_RCC_ClockConfig
 .text.HAL_RCC_GetSysClockFreq
                0x08009fb4      0x20c ./Drivers/STM32F4xx_HAL_Driver/Src/stm32f4xx_hal_rcc.o
                0x08009fb4                HAL_RCC_GetSysClockFreq
 .text.HAL_RCC_GetHCLKFreq
                0x0800a1c0       0x18 ./Drivers/STM32F4xx_HAL_Driver/Src/stm32f4xx_hal_rcc.o
                0x0800a1c0                HAL_RCC_GetHCLKFreq
 .text.HAL_RCC_GetPCLK1Freq
                0x0800a1d8       0x28 ./Drivers/STM32F4xx_HAL_Driver/Src/stm32f4xx_hal_rcc.o
                0x0800a1d8                HAL_RCC_GetPCLK1Freq
 .text.HAL_RCCEx_PeriphCLKConfig
                0x0800a200      0x380 ./Drivers/STM32F4xx_HAL_Driver/Src/stm32f4xx_hal_rcc_ex.o
                0x0800a200                HAL_RCCEx_PeriphCLKConfig
 .text.HAL_RNG_Init
                0x0800a580       0x54 ./Drivers/STM32F4xx_HAL_Driver/Src/stm32f4xx_hal_rng.o
                0x0800a580                HAL_RNG_Init
 .text.HAL_RNG_GenerateRandomNumber
                0x0800a5d4       0x9e ./Drivers/STM32F4xx_HAL_Driver/Src/stm32f4xx_hal_rng.o
                0x0800a5d4                HAL_RNG_GenerateRandomNumber
 .text.HAL_RNG_GetRandomNumber
                0x0800a672       0x2a ./Drivers/STM32F4xx_HAL_Driver/Src/stm32f4xx_hal_rng.o
                0x0800a672                HAL_RNG_GetRandomNumber
 .text.HAL_RNG_IRQHandler
                0x0800a69c       0xac ./Drivers/STM32F4xx_HAL_Driver/Src/stm32f4xx_hal_rng.o
                0x0800a69c                HAL_RNG_IRQHandler
 .text.HAL_RNG_ReadyDataCallback
                0x0800a748       0x16 ./Drivers/STM32F4xx_HAL_Driver/Src/stm32f4xx_hal_rng.o
                0x0800a748                HAL_RNG_ReadyDataCallback
 .text.HAL_RNG_ErrorCallback
                0x0800a75e       0x14 ./Drivers/STM32F4xx_HAL_Driver/Src/stm32f4xx_hal_rng.o
                0x0800a75e                HAL_RNG_ErrorCallback
 .text.HAL_SDRAM_Init
                0x0800a772       0x68 ./Drivers/STM32F4xx_HAL_Driver/Src/stm32f4xx_hal_sdram.o
                0x0800a772                HAL_SDRAM_Init
 .text.HAL_SDRAM_SendCommand
                0x0800a7da       0x56 ./Drivers/STM32F4xx_HAL_Driver/Src/stm32f4xx_hal_sdram.o
                0x0800a7da                HAL_SDRAM_SendCommand
 .text.HAL_SDRAM_ProgramRefreshRate
                0x0800a830       0x40 ./Drivers/STM32F4xx_HAL_Driver/Src/stm32f4xx_hal_sdram.o
                0x0800a830                HAL_SDRAM_ProgramRefreshRate
 .text.HAL_SPI_Init
                0x0800a870       0xc8 ./Drivers/STM32F4xx_HAL_Driver/Src/stm32f4xx_hal_spi.o
                0x0800a870                HAL_SPI_Init
 .text.HAL_SPI_DeInit
                0x0800a938       0x50 ./Drivers/STM32F4xx_HAL_Driver/Src/stm32f4xx_hal_spi.o
                0x0800a938                HAL_SPI_DeInit
 .text.HAL_SPI_Transmit
                0x0800a988      0x268 ./Drivers/STM32F4xx_HAL_Driver/Src/stm32f4xx_hal_spi.o
                0x0800a988                HAL_SPI_Transmit
 .text.HAL_SPI_Receive
                0x0800abf0      0x212 ./Drivers/STM32F4xx_HAL_Driver/Src/stm32f4xx_hal_spi.o
                0x0800abf0                HAL_SPI_Receive
 .text.HAL_SPI_TransmitReceive
                0x0800ae02      0x344 ./Drivers/STM32F4xx_HAL_Driver/Src/stm32f4xx_hal_spi.o
                0x0800ae02                HAL_SPI_TransmitReceive
 .text.HAL_SPI_GetState
                0x0800b146       0x1c ./Drivers/STM32F4xx_HAL_Driver/Src/stm32f4xx_hal_spi.o
                0x0800b146                HAL_SPI_GetState
 .text.SPI_WaitFlagStateUntilTimeout
                0x0800b162       0xd4 ./Drivers/STM32F4xx_HAL_Driver/Src/stm32f4xx_hal_spi.o
 .text.SPI_EndRxTransaction
                0x0800b236       0xca ./Drivers/STM32F4xx_HAL_Driver/Src/stm32f4xx_hal_spi.o
 .text.SPI_EndRxTxTransaction
                0x0800b300       0x84 ./Drivers/STM32F4xx_HAL_Driver/Src/stm32f4xx_hal_spi.o
 .text.HAL_TIM_Base_Init
                0x0800b384       0x56 ./Drivers/STM32F4xx_HAL_Driver/Src/stm32f4xx_hal_tim.o
                0x0800b384                HAL_TIM_Base_Init
 .text.HAL_TIM_Base_Start_IT
                0x0800b3da       0x48 ./Drivers/STM32F4xx_HAL_Driver/Src/stm32f4xx_hal_tim.o
                0x0800b3da                HAL_TIM_Base_Start_IT
 .text.HAL_TIM_IRQHandler
                0x0800b422      0x210 ./Drivers/STM32F4xx_HAL_Driver/Src/stm32f4xx_hal_tim.o
                0x0800b422                HAL_TIM_IRQHandler
 .text.HAL_TIM_PeriodElapsedCallback
                0x0800b632       0x14 ./Drivers/STM32F4xx_HAL_Driver/Src/stm32f4xx_hal_tim.o
                0x0800b632                HAL_TIM_PeriodElapsedCallback
 .text.HAL_TIM_OC_DelayElapsedCallback
                0x0800b646       0x14 ./Drivers/STM32F4xx_HAL_Driver/Src/stm32f4xx_hal_tim.o
                0x0800b646                HAL_TIM_OC_DelayElapsedCallback
 .text.HAL_TIM_IC_CaptureCallback
                0x0800b65a       0x14 ./Drivers/STM32F4xx_HAL_Driver/Src/stm32f4xx_hal_tim.o
                0x0800b65a                HAL_TIM_IC_CaptureCallback
 .text.HAL_TIM_PWM_PulseFinishedCallback
                0x0800b66e       0x14 ./Drivers/STM32F4xx_HAL_Driver/Src/stm32f4xx_hal_tim.o
                0x0800b66e                HAL_TIM_PWM_PulseFinishedCallback
 .text.HAL_TIM_TriggerCallback
                0x0800b682       0x14 ./Drivers/STM32F4xx_HAL_Driver/Src/stm32f4xx_hal_tim.o
                0x0800b682                HAL_TIM_TriggerCallback
 *fill*         0x0800b696        0x2 
 .text.TIM_Base_SetConfig
                0x0800b698      0x140 ./Drivers/STM32F4xx_HAL_Driver/Src/stm32f4xx_hal_tim.o
                0x0800b698                TIM_Base_SetConfig
 .text.HAL_TIMEx_MasterConfigSynchronization
                0x0800b7d8       0xf8 ./Drivers/STM32F4xx_HAL_Driver/Src/stm32f4xx_hal_tim_ex.o
                0x0800b7d8                HAL_TIMEx_MasterConfigSynchronization
 .text.HAL_TIMEx_CommutCallback
                0x0800b8d0       0x14 ./Drivers/STM32F4xx_HAL_Driver/Src/stm32f4xx_hal_tim_ex.o
                0x0800b8d0                HAL_TIMEx_CommutCallback
 .text.HAL_TIMEx_BreakCallback
                0x0800b8e4       0x14 ./Drivers/STM32F4xx_HAL_Driver/Src/stm32f4xx_hal_tim_ex.o
                0x0800b8e4                HAL_TIMEx_BreakCallback
 .text.FMC_SDRAM_Init
                0x0800b8f8       0xe6 ./Drivers/STM32F4xx_HAL_Driver/Src/stm32f4xx_ll_fmc.o
                0x0800b8f8                FMC_SDRAM_Init
 .text.FMC_SDRAM_Timing_Init
                0x0800b9de       0xfe ./Drivers/STM32F4xx_HAL_Driver/Src/stm32f4xx_ll_fmc.o
                0x0800b9de                FMC_SDRAM_Timing_Init
 .text.FMC_SDRAM_SendCommand
                0x0800badc       0x78 ./Drivers/STM32F4xx_HAL_Driver/Src/stm32f4xx_ll_fmc.o
                0x0800badc                FMC_SDRAM_SendCommand
 .text.FMC_SDRAM_ProgramRefreshRate
                0x0800bb54       0x26 ./Drivers/STM32F4xx_HAL_Driver/Src/stm32f4xx_ll_fmc.o
                0x0800bb54                FMC_SDRAM_ProgramRefreshRate
 .text.memset   0x0800bb7a       0x10 E:/HUST/Embedded System/STM32CubeIDE_1.17.0/STM32CubeIDE/plugins/com.st.stm32cube.ide.mcu.externaltools.gnu-tools-for-stm32.12.3.rel1.win32_1.1.0.202410251130/tools/bin/../lib/gcc/arm-none-eabi/12.3.1/../../../../arm-none-eabi/lib/thumb/v7e-m+fp/hard\libc_nano.a(libc_a-memset.o)
                0x0800bb7a                memset
 *fill*         0x0800bb8a        0x2 
 .text.__libc_init_array
                0x0800bb8c       0x48 E:/HUST/Embedded System/STM32CubeIDE_1.17.0/STM32CubeIDE/plugins/com.st.stm32cube.ide.mcu.externaltools.gnu-tools-for-stm32.12.3.rel1.win32_1.1.0.202410251130/tools/bin/../lib/gcc/arm-none-eabi/12.3.1/../../../../arm-none-eabi/lib/thumb/v7e-m+fp/hard\libc_nano.a(libc_a-init.o)
                0x0800bb8c                __libc_init_array
 *(.glue_7)
 .glue_7        0x0800bbd4        0x0 linker stubs
 *(.glue_7t)
 .glue_7t       0x0800bbd4        0x0 linker stubs
 *(.eh_frame)
 .eh_frame      0x0800bbd4        0x0 E:/HUST/Embedded System/STM32CubeIDE_1.17.0/STM32CubeIDE/plugins/com.st.stm32cube.ide.mcu.externaltools.gnu-tools-for-stm32.12.3.rel1.win32_1.1.0.202410251130/tools/bin/../lib/gcc/arm-none-eabi/12.3.1/thumb/v7e-m+fp/hard/crtbegin.o
 *(.init)
 .init          0x0800bbd4        0x4 E:/HUST/Embedded System/STM32CubeIDE_1.17.0/STM32CubeIDE/plugins/com.st.stm32cube.ide.mcu.externaltools.gnu-tools-for-stm32.12.3.rel1.win32_1.1.0.202410251130/tools/bin/../lib/gcc/arm-none-eabi/12.3.1/thumb/v7e-m+fp/hard/crti.o
                0x0800bbd4                _init
 .init          0x0800bbd8        0x8 E:/HUST/Embedded System/STM32CubeIDE_1.17.0/STM32CubeIDE/plugins/com.st.stm32cube.ide.mcu.externaltools.gnu-tools-for-stm32.12.3.rel1.win32_1.1.0.202410251130/tools/bin/../lib/gcc/arm-none-eabi/12.3.1/thumb/v7e-m+fp/hard/crtn.o
 *(.fini)
 .fini          0x0800bbe0        0x4 E:/HUST/Embedded System/STM32CubeIDE_1.17.0/STM32CubeIDE/plugins/com.st.stm32cube.ide.mcu.externaltools.gnu-tools-for-stm32.12.3.rel1.win32_1.1.0.202410251130/tools/bin/../lib/gcc/arm-none-eabi/12.3.1/thumb/v7e-m+fp/hard/crti.o
                0x0800bbe0                _fini
 .fini          0x0800bbe4        0x8 E:/HUST/Embedded System/STM32CubeIDE_1.17.0/STM32CubeIDE/plugins/com.st.stm32cube.ide.mcu.externaltools.gnu-tools-for-stm32.12.3.rel1.win32_1.1.0.202410251130/tools/bin/../lib/gcc/arm-none-eabi/12.3.1/thumb/v7e-m+fp/hard/crtn.o
                0x0800bbec                        . = ALIGN (0x4)
                0x0800bbec                        _etext = .

.vfp11_veneer   0x0800bbec        0x0
 .vfp11_veneer  0x0800bbec        0x0 linker stubs

.v4_bx          0x0800bbec        0x0
 .v4_bx         0x0800bbec        0x0 linker stubs

.iplt           0x0800bbec        0x0
 .iplt          0x0800bbec        0x0 E:/HUST/Embedded System/STM32CubeIDE_1.17.0/STM32CubeIDE/plugins/com.st.stm32cube.ide.mcu.externaltools.gnu-tools-for-stm32.12.3.rel1.win32_1.1.0.202410251130/tools/bin/../lib/gcc/arm-none-eabi/12.3.1/thumb/v7e-m+fp/hard/crtbegin.o

.rodata         0x0800bbec     0x1fa4
                0x0800bbec                        . = ALIGN (0x4)
 *(.rodata)
 .rodata        0x0800bbec       0x56 ./Core/Src/TETRIS.o
 *(.rodata*)
 *fill*         0x0800bc42        0x2 
 .rodata.AHBPrescTable
                0x0800bc44       0x10 ./Core/Src/system_stm32f4xx.o
                0x0800bc44                AHBPrescTable
 .rodata.APBPrescTable
                0x0800bc54        0x8 ./Core/Src/system_stm32f4xx.o
                0x0800bc54                APBPrescTable
 .rodata.Font24_Table
                0x0800bc5c     0x1ab8 ./Drivers/BSP/STM32F429I-Discovery/stm32f429i_discovery_lcd.o
                0x0800bc5c                Font24_Table
 .rodata.Font12_Table
                0x0800d714      0x474 ./Drivers/BSP/STM32F429I-Discovery/stm32f429i_discovery_lcd.o
                0x0800d714                Font12_Table
 .rodata.flagBitshiftOffset.0
                0x0800db88        0x8 ./Drivers/STM32F4xx_HAL_Driver/Src/stm32f4xx_hal_dma.o
                0x0800db90                        . = ALIGN (0x4)

.ARM.extab      0x0800db90        0x0
                0x0800db90                        . = ALIGN (0x4)
 *(.ARM.extab* .gnu.linkonce.armextab.*)
                0x0800db90                        . = ALIGN (0x4)

.ARM            0x0800db90        0x8
                0x0800db90                        . = ALIGN (0x4)
                0x0800db90                        __exidx_start = .
 *(.ARM.exidx*)
 .ARM.exidx     0x0800db90        0x8 E:/HUST/Embedded System/STM32CubeIDE_1.17.0/STM32CubeIDE/plugins/com.st.stm32cube.ide.mcu.externaltools.gnu-tools-for-stm32.12.3.rel1.win32_1.1.0.202410251130/tools/bin/../lib/gcc/arm-none-eabi/12.3.1/thumb/v7e-m+fp/hard\libgcc.a(_udivmoddi4.o)
                0x0800db98                        __exidx_end = .
                0x0800db98                        . = ALIGN (0x4)

.preinit_array  0x0800db98        0x0
                0x0800db98                        . = ALIGN (0x4)
                0x0800db98                        PROVIDE (__preinit_array_start = .)
 *(.preinit_array*)
                0x0800db98                        PROVIDE (__preinit_array_end = .)
                0x0800db98                        . = ALIGN (0x4)

.init_array     0x0800db98        0x4
                0x0800db98                        . = ALIGN (0x4)
                0x0800db98                        PROVIDE (__init_array_start = .)
 *(SORT_BY_NAME(.init_array.*))
 *(.init_array*)
 .init_array    0x0800db98        0x4 E:/HUST/Embedded System/STM32CubeIDE_1.17.0/STM32CubeIDE/plugins/com.st.stm32cube.ide.mcu.externaltools.gnu-tools-for-stm32.12.3.rel1.win32_1.1.0.202410251130/tools/bin/../lib/gcc/arm-none-eabi/12.3.1/thumb/v7e-m+fp/hard/crtbegin.o
                0x0800db9c                        PROVIDE (__init_array_end = .)
                0x0800db9c                        . = ALIGN (0x4)

.fini_array     0x0800db9c        0x4
                0x0800db9c                        . = ALIGN (0x4)
                [!provide]                        PROVIDE (__fini_array_start = .)
 *(SORT_BY_NAME(.fini_array.*))
 *(.fini_array*)
 .fini_array    0x0800db9c        0x4 E:/HUST/Embedded System/STM32CubeIDE_1.17.0/STM32CubeIDE/plugins/com.st.stm32cube.ide.mcu.externaltools.gnu-tools-for-stm32.12.3.rel1.win32_1.1.0.202410251130/tools/bin/../lib/gcc/arm-none-eabi/12.3.1/thumb/v7e-m+fp/hard/crtbegin.o
                [!provide]                        PROVIDE (__fini_array_end = .)
                0x0800dba0                        . = ALIGN (0x4)
                0x0800dba0                        _sidata = LOADADDR (.data)

.rel.dyn        0x0800dba0        0x0
 .rel.iplt      0x0800dba0        0x0 E:/HUST/Embedded System/STM32CubeIDE_1.17.0/STM32CubeIDE/plugins/com.st.stm32cube.ide.mcu.externaltools.gnu-tools-for-stm32.12.3.rel1.win32_1.1.0.202410251130/tools/bin/../lib/gcc/arm-none-eabi/12.3.1/thumb/v7e-m+fp/hard/crtbegin.o

.data           0x20000000      0x1b4 load address 0x0800dba0
                0x20000000                        . = ALIGN (0x4)
                0x20000000                        _sdata = .
 *(.data)
 *(.data*)
 .data.DelayTime
                0x20000000        0x4 ./Core/Src/TETRIS.o
                0x20000000                DelayTime
 .data.Level    0x20000004        0x4 ./Core/Src/TETRIS.o
                0x20000004                Level
 .data.FallingSpeed
                0x20000008        0x4 ./Core/Src/TETRIS.o
                0x20000008                FallingSpeed
 .data.NewTetromino
                0x2000000c        0x1 ./Core/Src/TETRIS.o
                0x2000000c                NewTetromino
 .data.CanMoveRight
                0x2000000d        0x1 ./Core/Src/TETRIS.o
                0x2000000d                CanMoveRight
 .data.CanMoveLeft
                0x2000000e        0x1 ./Core/Src/TETRIS.o
                0x2000000e                CanMoveLeft
 .data.CanMoveDown
                0x2000000f        0x1 ./Core/Src/TETRIS.o
                0x2000000f                CanMoveDown
 .data.CanRotate
                0x20000010        0x1 ./Core/Src/TETRIS.o
                0x20000010                CanRotate
 *fill*         0x20000011        0x3 
 .data.seed     0x20000014        0x4 ./Core/Src/main.o
                0x20000014                seed
 .data.melody   0x20000018      0x140 ./Core/Src/main.o
                0x20000018                melody
 .data.SystemCoreClock
                0x20000158        0x4 ./Core/Src/system_stm32f4xx.o
                0x20000158                SystemCoreClock
 .data.ili9341_drv
                0x2000015c       0x38 ./Drivers/BSP/Components/ili9341/ili9341.o
                0x2000015c                ili9341_drv
 .data.SpixTimeout
                0x20000194        0x4 ./Drivers/BSP/STM32F429I-Discovery/stm32f429i_discovery.o
                0x20000194                SpixTimeout
 .data.Font24   0x20000198        0x8 ./Drivers/BSP/STM32F429I-Discovery/stm32f429i_discovery_lcd.o
                0x20000198                Font24
 .data.Font12   0x200001a0        0x8 ./Drivers/BSP/STM32F429I-Discovery/stm32f429i_discovery_lcd.o
                0x200001a0                Font12
 .data.sdramstatus.2
                0x200001a8        0x1 ./Drivers/BSP/STM32F429I-Discovery/stm32f429i_discovery_sdram.o
 *fill*         0x200001a9        0x3 
 .data.uwTickPrio
                0x200001ac        0x4 ./Drivers/STM32F4xx_HAL_Driver/Src/stm32f4xx_hal.o
                0x200001ac                uwTickPrio
 .data.uwTickFreq
                0x200001b0        0x1 ./Drivers/STM32F4xx_HAL_Driver/Src/stm32f4xx_hal.o
                0x200001b0                uwTickFreq
 *(.RamFunc)
 *(.RamFunc*)
                0x200001b4                        . = ALIGN (0x4)
 *fill*         0x200001b1        0x3 
                0x200001b4                        _edata = .
                0x0800dd54                        _siccmram = LOADADDR (.ccmram)

.igot.plt       0x200001b4        0x0 load address 0x0800dd54
 .igot.plt      0x200001b4        0x0 E:/HUST/Embedded System/STM32CubeIDE_1.17.0/STM32CubeIDE/plugins/com.st.stm32cube.ide.mcu.externaltools.gnu-tools-for-stm32.12.3.rel1.win32_1.1.0.202410251130/tools/bin/../lib/gcc/arm-none-eabi/12.3.1/thumb/v7e-m+fp/hard/crtbegin.o

.ccmram         0x10000000        0x0 load address 0x0800dd54
                0x10000000                        . = ALIGN (0x4)
                0x10000000                        _sccmram = .
 *(.ccmram)
 *(.ccmram*)
                0x10000000                        . = ALIGN (0x4)
                0x10000000                        _eccmram = .
                0x10000000                        . = ALIGN (0x4)

.bss            0x200001b4     0x1b30
                0x200001b4                        _sbss = .
                0x200001b4                        __bss_start__ = _sbss
 *(.bss)
 .bss           0x200001b4       0x1c E:/HUST/Embedded System/STM32CubeIDE_1.17.0/STM32CubeIDE/plugins/com.st.stm32cube.ide.mcu.externaltools.gnu-tools-for-stm32.12.3.rel1.win32_1.1.0.202410251130/tools/bin/../lib/gcc/arm-none-eabi/12.3.1/thumb/v7e-m+fp/hard/crtbegin.o
 *(.bss*)
 .bss.tetris    0x200001d0      0xe10 ./Core/Src/TETRIS.o
                0x200001d0                tetris
 .bss.TETRIS_Score
                0x20000fe0        0x4 ./Core/Src/TETRIS.o
                0x20000fe0                TETRIS_Score
 .bss.tetrominoLocX
                0x20000fe4        0x4 ./Core/Src/TETRIS.o
                0x20000fe4                tetrominoLocX
 .bss.tetrominoLocY
                0x20000fe8        0x4 ./Core/Src/TETRIS.o
                0x20000fe8                tetrominoLocY
 .bss.CurrentState
                0x20000fec        0x2 ./Core/Src/TETRIS.o
                0x20000fec                CurrentState
 .bss.NextPiece
                0x20000fee        0x2 ./Core/Src/TETRIS.o
                0x20000fee                NextPiece
 .bss.colour    0x20000ff0        0x2 ./Core/Src/TETRIS.o
                0x20000ff0                colour
 .bss.Pause     0x20000ff2        0x1 ./Core/Src/TETRIS.o
                0x20000ff2                Pause
 .bss.fullrow   0x20000ff3        0x1 ./Core/Src/TETRIS.o
                0x20000ff3                fullrow
 .bss.hdma2d    0x20000ff4       0x40 ./Core/Src/main.o
                0x20000ff4                hdma2d
 .bss.hi2c1     0x20001034       0x54 ./Core/Src/main.o
                0x20001034                hi2c1
 .bss.hltdc     0x20001088       0xa8 ./Core/Src/main.o
                0x20001088                hltdc
 .bss.hrng      0x20001130       0x10 ./Core/Src/main.o
                0x20001130                hrng
 .bss.hspi1     0x20001140       0x58 ./Core/Src/main.o
                0x20001140                hspi1
 .bss.hsdram1   0x20001198       0x34 ./Core/Src/main.o
                0x20001198                hsdram1
 .bss.hdac1     0x200011cc       0x14 ./Core/Src/main.o
                0x200011cc                hdac1
 .bss.htim6     0x200011e0       0x40 ./Core/Src/main.o
                0x200011e0                htim6
 .bss.hdma_dac1
                0x20001220       0x60 ./Core/Src/main.o
                0x20001220                hdma_dac1
 .bss.isKeyHold
                0x20001280        0x4 ./Core/Src/main.o
                0x20001280                isKeyHold
 .bss.randomNum
                0x20001284        0x4 ./Core/Src/main.o
                0x20001284                randomNum
 .bss.wave_buf  0x20001288      0x800 ./Core/Src/main.o
                0x20001288                wave_buf
 .bss.FMC_Initialized
                0x20001a88        0x4 ./Core/Src/stm32f4xx_hal_msp.o
 .bss.SpiHandle
                0x20001a8c       0x58 ./Drivers/BSP/STM32F429I-Discovery/stm32f429i_discovery.o
 .bss.Is_LCD_IO_Initialized
                0x20001ae4        0x1 ./Drivers/BSP/STM32F429I-Discovery/stm32f429i_discovery.o
 *fill*         0x20001ae5        0x3 
 .bss.LtdcHandler
                0x20001ae8       0xa8 ./Drivers/BSP/STM32F429I-Discovery/stm32f429i_discovery_lcd.o
                0x20001ae8                LtdcHandler
 .bss.Dma2dHandler
                0x20001b90       0x40 ./Drivers/BSP/STM32F429I-Discovery/stm32f429i_discovery_lcd.o
 .bss.PeriphClkInitStruct
                0x20001bd0       0x30 ./Drivers/BSP/STM32F429I-Discovery/stm32f429i_discovery_lcd.o
 .bss.ActiveLayer
                0x20001c00        0x4 ./Drivers/BSP/STM32F429I-Discovery/stm32f429i_discovery_lcd.o
 .bss.DrawProp  0x20001c04       0x18 ./Drivers/BSP/STM32F429I-Discovery/stm32f429i_discovery_lcd.o
 .bss.LcdDrv    0x20001c1c        0x4 ./Drivers/BSP/STM32F429I-Discovery/stm32f429i_discovery_lcd.o
                0x20001c1c                LcdDrv
 .bss.SdramHandle
                0x20001c20       0x34 ./Drivers/BSP/STM32F429I-Discovery/stm32f429i_discovery_sdram.o
 .bss.Timing    0x20001c54       0x1c ./Drivers/BSP/STM32F429I-Discovery/stm32f429i_discovery_sdram.o
 .bss.Command   0x20001c70       0x10 ./Drivers/BSP/STM32F429I-Discovery/stm32f429i_discovery_sdram.o
 .bss.dmaHandle.1
                0x20001c80       0x60 ./Drivers/BSP/STM32F429I-Discovery/stm32f429i_discovery_sdram.o
 .bss.uwTick    0x20001ce0        0x4 ./Drivers/STM32F4xx_HAL_Driver/Src/stm32f4xx_hal.o
                0x20001ce0                uwTick
 *(COMMON)
                0x20001ce4                        . = ALIGN (0x4)
                0x20001ce4                        _ebss = .
                0x20001ce4                        __bss_end__ = _ebss

._user_heap_stack
                0x20001ce4      0x604
                0x20001ce8                        . = ALIGN (0x8)
 *fill*         0x20001ce4        0x4 
                [!provide]                        PROVIDE (end = .)
                0x20001ce8                        PROVIDE (_end = .)
                0x20001ee8                        . = (. + _Min_Heap_Size)
 *fill*         0x20001ce8      0x200 
                0x200022e8                        . = (. + _Min_Stack_Size)
 *fill*         0x20001ee8      0x400 
                0x200022e8                        . = ALIGN (0x8)

/DISCARD/
 libc.a(*)
 libm.a(*)
 libgcc.a(*)

.ARM.attributes
                0x00000000       0x30
 *(.ARM.attributes)
 .ARM.attributes
                0x00000000       0x22 E:/HUST/Embedded System/STM32CubeIDE_1.17.0/STM32CubeIDE/plugins/com.st.stm32cube.ide.mcu.externaltools.gnu-tools-for-stm32.12.3.rel1.win32_1.1.0.202410251130/tools/bin/../lib/gcc/arm-none-eabi/12.3.1/thumb/v7e-m+fp/hard/crti.o
 .ARM.attributes
                0x00000022       0x34 E:/HUST/Embedded System/STM32CubeIDE_1.17.0/STM32CubeIDE/plugins/com.st.stm32cube.ide.mcu.externaltools.gnu-tools-for-stm32.12.3.rel1.win32_1.1.0.202410251130/tools/bin/../lib/gcc/arm-none-eabi/12.3.1/thumb/v7e-m+fp/hard/crtbegin.o
 .ARM.attributes
                0x00000056       0x34 ./Core/Src/TETRIS.o
 .ARM.attributes
                0x0000008a       0x34 ./Core/Src/Tetromino.o
 .ARM.attributes
                0x000000be       0x34 ./Core/Src/main.o
 .ARM.attributes
                0x000000f2       0x34 ./Core/Src/stm32f4xx_hal_msp.o
 .ARM.attributes
                0x00000126       0x34 ./Core/Src/stm32f4xx_it.o
 .ARM.attributes
                0x0000015a       0x34 ./Core/Src/system_stm32f4xx.o
 .ARM.attributes
                0x0000018e       0x21 ./Core/Startup/startup_stm32f429zitx.o
 .ARM.attributes
                0x000001af       0x34 ./Drivers/BSP/Components/ili9341/ili9341.o
 .ARM.attributes
                0x000001e3       0x34 ./Drivers/BSP/STM32F429I-Discovery/stm32f429i_discovery.o
 .ARM.attributes
                0x00000217       0x34 ./Drivers/BSP/STM32F429I-Discovery/stm32f429i_discovery_lcd.o
 .ARM.attributes
                0x0000024b       0x34 ./Drivers/BSP/STM32F429I-Discovery/stm32f429i_discovery_sdram.o
 .ARM.attributes
                0x0000027f       0x34 ./Drivers/STM32F4xx_HAL_Driver/Src/stm32f4xx_hal.o
 .ARM.attributes
                0x000002b3       0x34 ./Drivers/STM32F4xx_HAL_Driver/Src/stm32f4xx_hal_cortex.o
 .ARM.attributes
                0x000002e7       0x34 ./Drivers/STM32F4xx_HAL_Driver/Src/stm32f4xx_hal_dac.o
 .ARM.attributes
                0x0000031b       0x34 ./Drivers/STM32F4xx_HAL_Driver/Src/stm32f4xx_hal_dac_ex.o
 .ARM.attributes
                0x0000034f       0x34 ./Drivers/STM32F4xx_HAL_Driver/Src/stm32f4xx_hal_dma.o
 .ARM.attributes
                0x00000383       0x34 ./Drivers/STM32F4xx_HAL_Driver/Src/stm32f4xx_hal_dma2d.o
 .ARM.attributes
                0x000003b7       0x34 ./Drivers/STM32F4xx_HAL_Driver/Src/stm32f4xx_hal_gpio.o
 .ARM.attributes
                0x000003eb       0x34 ./Drivers/STM32F4xx_HAL_Driver/Src/stm32f4xx_hal_i2c.o
 .ARM.attributes
                0x0000041f       0x34 ./Drivers/STM32F4xx_HAL_Driver/Src/stm32f4xx_hal_i2c_ex.o
 .ARM.attributes
                0x00000453       0x34 ./Drivers/STM32F4xx_HAL_Driver/Src/stm32f4xx_hal_ltdc.o
 .ARM.attributes
                0x00000487       0x34 ./Drivers/STM32F4xx_HAL_Driver/Src/stm32f4xx_hal_rcc.o
 .ARM.attributes
                0x000004bb       0x34 ./Drivers/STM32F4xx_HAL_Driver/Src/stm32f4xx_hal_rcc_ex.o
 .ARM.attributes
                0x000004ef       0x34 ./Drivers/STM32F4xx_HAL_Driver/Src/stm32f4xx_hal_rng.o
 .ARM.attributes
                0x00000523       0x34 ./Drivers/STM32F4xx_HAL_Driver/Src/stm32f4xx_hal_sdram.o
 .ARM.attributes
                0x00000557       0x34 ./Drivers/STM32F4xx_HAL_Driver/Src/stm32f4xx_hal_spi.o
 .ARM.attributes
                0x0000058b       0x34 ./Drivers/STM32F4xx_HAL_Driver/Src/stm32f4xx_hal_tim.o
 .ARM.attributes
                0x000005bf       0x34 ./Drivers/STM32F4xx_HAL_Driver/Src/stm32f4xx_hal_tim_ex.o
 .ARM.attributes
                0x000005f3       0x34 ./Drivers/STM32F4xx_HAL_Driver/Src/stm32f4xx_ll_fmc.o
 .ARM.attributes
                0x00000627       0x34 E:/HUST/Embedded System/STM32CubeIDE_1.17.0/STM32CubeIDE/plugins/com.st.stm32cube.ide.mcu.externaltools.gnu-tools-for-stm32.12.3.rel1.win32_1.1.0.202410251130/tools/bin/../lib/gcc/arm-none-eabi/12.3.1/../../../../arm-none-eabi/lib/thumb/v7e-m+fp/hard\libc_nano.a(libc_a-memset.o)
 .ARM.attributes
                0x0000065b       0x34 E:/HUST/Embedded System/STM32CubeIDE_1.17.0/STM32CubeIDE/plugins/com.st.stm32cube.ide.mcu.externaltools.gnu-tools-for-stm32.12.3.rel1.win32_1.1.0.202410251130/tools/bin/../lib/gcc/arm-none-eabi/12.3.1/../../../../arm-none-eabi/lib/thumb/v7e-m+fp/hard\libc_nano.a(libc_a-init.o)
 .ARM.attributes
                0x0000068f       0x22 E:/HUST/Embedded System/STM32CubeIDE_1.17.0/STM32CubeIDE/plugins/com.st.stm32cube.ide.mcu.externaltools.gnu-tools-for-stm32.12.3.rel1.win32_1.1.0.202410251130/tools/bin/../lib/gcc/arm-none-eabi/12.3.1/thumb/v7e-m+fp/hard\libgcc.a(_aeabi_uldivmod.o)
 .ARM.attributes
                0x000006b1       0x34 E:/HUST/Embedded System/STM32CubeIDE_1.17.0/STM32CubeIDE/plugins/com.st.stm32cube.ide.mcu.externaltools.gnu-tools-for-stm32.12.3.rel1.win32_1.1.0.202410251130/tools/bin/../lib/gcc/arm-none-eabi/12.3.1/thumb/v7e-m+fp/hard\libgcc.a(_udivmoddi4.o)
 .ARM.attributes
                0x000006e5       0x22 E:/HUST/Embedded System/STM32CubeIDE_1.17.0/STM32CubeIDE/plugins/com.st.stm32cube.ide.mcu.externaltools.gnu-tools-for-stm32.12.3.rel1.win32_1.1.0.202410251130/tools/bin/../lib/gcc/arm-none-eabi/12.3.1/thumb/v7e-m+fp/hard\libgcc.a(_dvmd_tls.o)
 .ARM.attributes
                0x00000707       0x22 E:/HUST/Embedded System/STM32CubeIDE_1.17.0/STM32CubeIDE/plugins/com.st.stm32cube.ide.mcu.externaltools.gnu-tools-for-stm32.12.3.rel1.win32_1.1.0.202410251130/tools/bin/../lib/gcc/arm-none-eabi/12.3.1/thumb/v7e-m+fp/hard/crtn.o
OUTPUT(Lab02_1.elf elf32-littlearm)
LOAD linker stubs
LOAD E:/HUST/Embedded System/STM32CubeIDE_1.17.0/STM32CubeIDE/plugins/com.st.stm32cube.ide.mcu.externaltools.gnu-tools-for-stm32.12.3.rel1.win32_1.1.0.202410251130/tools/bin/../lib/gcc/arm-none-eabi/12.3.1/../../../../arm-none-eabi/lib/thumb/v7e-m+fp/hard\libc.a
LOAD E:/HUST/Embedded System/STM32CubeIDE_1.17.0/STM32CubeIDE/plugins/com.st.stm32cube.ide.mcu.externaltools.gnu-tools-for-stm32.12.3.rel1.win32_1.1.0.202410251130/tools/bin/../lib/gcc/arm-none-eabi/12.3.1/../../../../arm-none-eabi/lib/thumb/v7e-m+fp/hard\libm.a
LOAD E:/HUST/Embedded System/STM32CubeIDE_1.17.0/STM32CubeIDE/plugins/com.st.stm32cube.ide.mcu.externaltools.gnu-tools-for-stm32.12.3.rel1.win32_1.1.0.202410251130/tools/bin/../lib/gcc/arm-none-eabi/12.3.1/thumb/v7e-m+fp/hard\libgcc.a

.debug_info     0x00000000    0x1ac52
 .debug_info    0x00000000      0x7f6 ./Core/Src/TETRIS.o
 .debug_info    0x000007f6      0x50c ./Core/Src/Tetromino.o
 .debug_info    0x00000d02     0x2585 ./Core/Src/main.o
 .debug_info    0x00003287     0x1ff8 ./Core/Src/stm32f4xx_hal_msp.o
 .debug_info    0x0000527f      0x748 ./Core/Src/stm32f4xx_it.o
 .debug_info    0x000059c7      0x52e ./Core/Src/system_stm32f4xx.o
 .debug_info    0x00005ef5       0x30 ./Core/Startup/startup_stm32f429zitx.o
 .debug_info    0x00005f25      0x388 ./Drivers/BSP/Components/ili9341/ili9341.o
 .debug_info    0x000062ad     0x198d ./Drivers/BSP/STM32F429I-Discovery/stm32f429i_discovery.o
 .debug_info    0x00007c3a     0x248f ./Drivers/BSP/STM32F429I-Discovery/stm32f429i_discovery_lcd.o
 .debug_info    0x0000a0c9     0x1010 ./Drivers/BSP/STM32F429I-Discovery/stm32f429i_discovery_sdram.o
 .debug_info    0x0000b0d9      0x9be ./Drivers/STM32F4xx_HAL_Driver/Src/stm32f4xx_hal.o
 .debug_info    0x0000ba97      0xd7c ./Drivers/STM32F4xx_HAL_Driver/Src/stm32f4xx_hal_cortex.o
 .debug_info    0x0000c813      0xa01 ./Drivers/STM32F4xx_HAL_Driver/Src/stm32f4xx_hal_dac.o
 .debug_info    0x0000d214      0x750 ./Drivers/STM32F4xx_HAL_Driver/Src/stm32f4xx_hal_dac_ex.o
 .debug_info    0x0000d964      0x8e7 ./Drivers/STM32F4xx_HAL_Driver/Src/stm32f4xx_hal_dma.o
 .debug_info    0x0000e24b      0xe6e ./Drivers/STM32F4xx_HAL_Driver/Src/stm32f4xx_hal_dma2d.o
 .debug_info    0x0000f0b9      0x6cc ./Drivers/STM32F4xx_HAL_Driver/Src/stm32f4xx_hal_gpio.o
 .debug_info    0x0000f785     0x23d4 ./Drivers/STM32F4xx_HAL_Driver/Src/stm32f4xx_hal_i2c.o
 .debug_info    0x00011b59      0x672 ./Drivers/STM32F4xx_HAL_Driver/Src/stm32f4xx_hal_i2c_ex.o
 .debug_info    0x000121cb     0x1007 ./Drivers/STM32F4xx_HAL_Driver/Src/stm32f4xx_hal_ltdc.o
 .debug_info    0x000131d2      0x8c9 ./Drivers/STM32F4xx_HAL_Driver/Src/stm32f4xx_hal_rcc.o
 .debug_info    0x00013a9b      0x651 ./Drivers/STM32F4xx_HAL_Driver/Src/stm32f4xx_hal_rcc_ex.o
 .debug_info    0x000140ec      0x47a ./Drivers/STM32F4xx_HAL_Driver/Src/stm32f4xx_hal_rng.o
 .debug_info    0x00014566      0xd30 ./Drivers/STM32F4xx_HAL_Driver/Src/stm32f4xx_hal_sdram.o
 .debug_info    0x00015296     0x15bf ./Drivers/STM32F4xx_HAL_Driver/Src/stm32f4xx_hal_spi.o
 .debug_info    0x00016855     0x2447 ./Drivers/STM32F4xx_HAL_Driver/Src/stm32f4xx_hal_tim.o
 .debug_info    0x00018c9c     0x118e ./Drivers/STM32F4xx_HAL_Driver/Src/stm32f4xx_hal_tim_ex.o
 .debug_info    0x00019e2a      0xe28 ./Drivers/STM32F4xx_HAL_Driver/Src/stm32f4xx_ll_fmc.o

.debug_abbrev   0x00000000     0x3e5c
 .debug_abbrev  0x00000000      0x28b ./Core/Src/TETRIS.o
 .debug_abbrev  0x0000028b      0x119 ./Core/Src/Tetromino.o
 .debug_abbrev  0x000003a4      0x3cf ./Core/Src/main.o
 .debug_abbrev  0x00000773      0x2a3 ./Core/Src/stm32f4xx_hal_msp.o
 .debug_abbrev  0x00000a16      0x194 ./Core/Src/stm32f4xx_it.o
 .debug_abbrev  0x00000baa      0x11a ./Core/Src/system_stm32f4xx.o
 .debug_abbrev  0x00000cc4       0x24 ./Core/Startup/startup_stm32f429zitx.o
 .debug_abbrev  0x00000ce8      0x1ad ./Drivers/BSP/Components/ili9341/ili9341.o
 .debug_abbrev  0x00000e95      0x2fc ./Drivers/BSP/STM32F429I-Discovery/stm32f429i_discovery.o
 .debug_abbrev  0x00001191      0x33f ./Drivers/BSP/STM32F429I-Discovery/stm32f429i_discovery_lcd.o
 .debug_abbrev  0x000014d0      0x285 ./Drivers/BSP/STM32F429I-Discovery/stm32f429i_discovery_sdram.o
 .debug_abbrev  0x00001755      0x213 ./Drivers/STM32F4xx_HAL_Driver/Src/stm32f4xx_hal.o
 .debug_abbrev  0x00001968      0x327 ./Drivers/STM32F4xx_HAL_Driver/Src/stm32f4xx_hal_cortex.o
 .debug_abbrev  0x00001c8f      0x1fa ./Drivers/STM32F4xx_HAL_Driver/Src/stm32f4xx_hal_dac.o
 .debug_abbrev  0x00001e89      0x1ef ./Drivers/STM32F4xx_HAL_Driver/Src/stm32f4xx_hal_dac_ex.o
 .debug_abbrev  0x00002078      0x264 ./Drivers/STM32F4xx_HAL_Driver/Src/stm32f4xx_hal_dma.o
 .debug_abbrev  0x000022dc      0x23e ./Drivers/STM32F4xx_HAL_Driver/Src/stm32f4xx_hal_dma2d.o
 .debug_abbrev  0x0000251a      0x1d4 ./Drivers/STM32F4xx_HAL_Driver/Src/stm32f4xx_hal_gpio.o
 .debug_abbrev  0x000026ee      0x2ad ./Drivers/STM32F4xx_HAL_Driver/Src/stm32f4xx_hal_i2c.o
 .debug_abbrev  0x0000299b      0x157 ./Drivers/STM32F4xx_HAL_Driver/Src/stm32f4xx_hal_i2c_ex.o
 .debug_abbrev  0x00002af2      0x21e ./Drivers/STM32F4xx_HAL_Driver/Src/stm32f4xx_hal_ltdc.o
 .debug_abbrev  0x00002d10      0x2b6 ./Drivers/STM32F4xx_HAL_Driver/Src/stm32f4xx_hal_rcc.o
 .debug_abbrev  0x00002fc6      0x1af ./Drivers/STM32F4xx_HAL_Driver/Src/stm32f4xx_hal_rcc_ex.o
 .debug_abbrev  0x00003175      0x1bd ./Drivers/STM32F4xx_HAL_Driver/Src/stm32f4xx_hal_rng.o
 .debug_abbrev  0x00003332      0x230 ./Drivers/STM32F4xx_HAL_Driver/Src/stm32f4xx_hal_sdram.o
 .debug_abbrev  0x00003562      0x284 ./Drivers/STM32F4xx_HAL_Driver/Src/stm32f4xx_hal_spi.o
 .debug_abbrev  0x000037e6      0x271 ./Drivers/STM32F4xx_HAL_Driver/Src/stm32f4xx_hal_tim.o
 .debug_abbrev  0x00003a57      0x261 ./Drivers/STM32F4xx_HAL_Driver/Src/stm32f4xx_hal_tim_ex.o
 .debug_abbrev  0x00003cb8      0x1a4 ./Drivers/STM32F4xx_HAL_Driver/Src/stm32f4xx_ll_fmc.o

.debug_aranges  0x00000000     0x1a90
 .debug_aranges
                0x00000000       0x78 ./Core/Src/TETRIS.o
 .debug_aranges
                0x00000078       0xc0 ./Core/Src/Tetromino.o
 .debug_aranges
                0x00000138       0xd8 ./Core/Src/main.o
 .debug_aranges
                0x00000210       0xb0 ./Core/Src/stm32f4xx_hal_msp.o
 .debug_aranges
                0x000002c0       0x70 ./Core/Src/stm32f4xx_it.o
 .debug_aranges
                0x00000330       0x28 ./Core/Src/system_stm32f4xx.o
 .debug_aranges
                0x00000358       0x28 ./Core/Startup/startup_stm32f429zitx.o
 .debug_aranges
                0x00000380       0x60 ./Drivers/BSP/Components/ili9341/ili9341.o
 .debug_aranges
                0x000003e0      0x138 ./Drivers/BSP/STM32F429I-Discovery/stm32f429i_discovery.o
 .debug_aranges
                0x00000518      0x1a8 ./Drivers/BSP/STM32F429I-Discovery/stm32f429i_discovery_lcd.o
 .debug_aranges
                0x000006c0       0x68 ./Drivers/BSP/STM32F429I-Discovery/stm32f429i_discovery_sdram.o
 .debug_aranges
                0x00000728      0x100 ./Drivers/STM32F4xx_HAL_Driver/Src/stm32f4xx_hal.o
 .debug_aranges
                0x00000828      0x118 ./Drivers/STM32F4xx_HAL_Driver/Src/stm32f4xx_hal_cortex.o
 .debug_aranges
                0x00000940       0xc0 ./Drivers/STM32F4xx_HAL_Driver/Src/stm32f4xx_hal_dac.o
 .debug_aranges
                0x00000a00       0x80 ./Drivers/STM32F4xx_HAL_Driver/Src/stm32f4xx_hal_dac_ex.o
 .debug_aranges
                0x00000a80       0x90 ./Drivers/STM32F4xx_HAL_Driver/Src/stm32f4xx_hal_dma.o
 .debug_aranges
                0x00000b10      0x118 ./Drivers/STM32F4xx_HAL_Driver/Src/stm32f4xx_hal_dma2d.o
 .debug_aranges
                0x00000c28       0x58 ./Drivers/STM32F4xx_HAL_Driver/Src/stm32f4xx_hal_gpio.o
 .debug_aranges
                0x00000c80      0x2a0 ./Drivers/STM32F4xx_HAL_Driver/Src/stm32f4xx_hal_i2c.o
 .debug_aranges
                0x00000f20       0x28 ./Drivers/STM32F4xx_HAL_Driver/Src/stm32f4xx_hal_i2c_ex.o
 .debug_aranges
                0x00000f48      0x158 ./Drivers/STM32F4xx_HAL_Driver/Src/stm32f4xx_hal_ltdc.o
 .debug_aranges
                0x000010a0       0x88 ./Drivers/STM32F4xx_HAL_Driver/Src/stm32f4xx_hal_rcc.o
 .debug_aranges
                0x00001128       0x58 ./Drivers/STM32F4xx_HAL_Driver/Src/stm32f4xx_hal_rcc_ex.o
 .debug_aranges
                0x00001180       0x88 ./Drivers/STM32F4xx_HAL_Driver/Src/stm32f4xx_hal_rng.o
 .debug_aranges
                0x00001208       0xd0 ./Drivers/STM32F4xx_HAL_Driver/Src/stm32f4xx_hal_sdram.o
 .debug_aranges
                0x000012d8      0x1d0 ./Drivers/STM32F4xx_HAL_Driver/Src/stm32f4xx_hal_spi.o
 .debug_aranges
                0x000014a8      0x3a8 ./Drivers/STM32F4xx_HAL_Driver/Src/stm32f4xx_hal_tim.o
 .debug_aranges
                0x00001850      0x150 ./Drivers/STM32F4xx_HAL_Driver/Src/stm32f4xx_hal_tim_ex.o
 .debug_aranges
                0x000019a0       0xf0 ./Drivers/STM32F4xx_HAL_Driver/Src/stm32f4xx_ll_fmc.o

.debug_rnglists
                0x00000000     0x1490
 .debug_rnglists
                0x00000000       0x5c ./Core/Src/TETRIS.o
 .debug_rnglists
                0x0000005c       0xa0 ./Core/Src/Tetromino.o
 .debug_rnglists
                0x000000fc       0xa6 ./Core/Src/main.o
 .debug_rnglists
                0x000001a2       0x85 ./Core/Src/stm32f4xx_hal_msp.o
 .debug_rnglists
                0x00000227       0x4f ./Core/Src/stm32f4xx_it.o
 .debug_rnglists
                0x00000276       0x1a ./Core/Src/system_stm32f4xx.o
 .debug_rnglists
                0x00000290       0x19 ./Core/Startup/startup_stm32f429zitx.o
 .debug_rnglists
                0x000002a9       0x44 ./Drivers/BSP/Components/ili9341/ili9341.o
 .debug_rnglists
                0x000002ed       0xea ./Drivers/BSP/STM32F429I-Discovery/stm32f429i_discovery.o
 .debug_rnglists
                0x000003d7      0x14d ./Drivers/BSP/STM32F429I-Discovery/stm32f429i_discovery_lcd.o
 .debug_rnglists
                0x00000524       0x4c ./Drivers/BSP/STM32F429I-Discovery/stm32f429i_discovery_sdram.o
 .debug_rnglists
                0x00000570       0xbb ./Drivers/STM32F4xx_HAL_Driver/Src/stm32f4xx_hal.o
 .debug_rnglists
                0x0000062b       0xce ./Drivers/STM32F4xx_HAL_Driver/Src/stm32f4xx_hal_cortex.o
 .debug_rnglists
                0x000006f9       0x90 ./Drivers/STM32F4xx_HAL_Driver/Src/stm32f4xx_hal_dac.o
 .debug_rnglists
                0x00000789       0x5c ./Drivers/STM32F4xx_HAL_Driver/Src/stm32f4xx_hal_dac_ex.o
 .debug_rnglists
                0x000007e5       0x70 ./Drivers/STM32F4xx_HAL_Driver/Src/stm32f4xx_hal_dma.o
 .debug_rnglists
                0x00000855       0xdc ./Drivers/STM32F4xx_HAL_Driver/Src/stm32f4xx_hal_dma2d.o
 .debug_rnglists
                0x00000931       0x3f ./Drivers/STM32F4xx_HAL_Driver/Src/stm32f4xx_hal_gpio.o
 .debug_rnglists
                0x00000970      0x23f ./Drivers/STM32F4xx_HAL_Driver/Src/stm32f4xx_hal_i2c.o
 .debug_rnglists
                0x00000baf       0x19 ./Drivers/STM32F4xx_HAL_Driver/Src/stm32f4xx_hal_i2c_ex.o
 .debug_rnglists
                0x00000bc8      0x109 ./Drivers/STM32F4xx_HAL_Driver/Src/stm32f4xx_hal_ltdc.o
 .debug_rnglists
                0x00000cd1       0x66 ./Drivers/STM32F4xx_HAL_Driver/Src/stm32f4xx_hal_rcc.o
 .debug_rnglists
                0x00000d37       0x43 ./Drivers/STM32F4xx_HAL_Driver/Src/stm32f4xx_hal_rcc_ex.o
 .debug_rnglists
                0x00000d7a       0x63 ./Drivers/STM32F4xx_HAL_Driver/Src/stm32f4xx_hal_rng.o
 .debug_rnglists
                0x00000ddd       0x9e ./Drivers/STM32F4xx_HAL_Driver/Src/stm32f4xx_hal_sdram.o
 .debug_rnglists
                0x00000e7b      0x16f ./Drivers/STM32F4xx_HAL_Driver/Src/stm32f4xx_hal_spi.o
 .debug_rnglists
                0x00000fea      0x2e6 ./Drivers/STM32F4xx_HAL_Driver/Src/stm32f4xx_hal_tim.o
 .debug_rnglists
                0x000012d0      0x10a ./Drivers/STM32F4xx_HAL_Driver/Src/stm32f4xx_hal_tim_ex.o
 .debug_rnglists
                0x000013da       0xb6 ./Drivers/STM32F4xx_HAL_Driver/Src/stm32f4xx_ll_fmc.o

.debug_macro    0x00000000    0x27e2a
 .debug_macro   0x00000000      0x430 ./Core/Src/TETRIS.o
 .debug_macro   0x00000430      0xab4 ./Core/Src/TETRIS.o
 .debug_macro   0x00000ee4      0x2b8 ./Core/Src/TETRIS.o
 .debug_macro   0x0000119c       0x2e ./Core/Src/TETRIS.o
 .debug_macro   0x000011ca       0x28 ./Core/Src/TETRIS.o
 .debug_macro   0x000011f2       0x22 ./Core/Src/TETRIS.o
 .debug_macro   0x00001214       0x8e ./Core/Src/TETRIS.o
 .debug_macro   0x000012a2       0x51 ./Core/Src/TETRIS.o
 .debug_macro   0x000012f3      0x103 ./Core/Src/TETRIS.o
 .debug_macro   0x000013f6       0x6a ./Core/Src/TETRIS.o
 .debug_macro   0x00001460      0x1df ./Core/Src/TETRIS.o
 .debug_macro   0x0000163f       0x1c ./Core/Src/TETRIS.o
 .debug_macro   0x0000165b       0x22 ./Core/Src/TETRIS.o
 .debug_macro   0x0000167d       0xd9 ./Core/Src/TETRIS.o
 .debug_macro   0x00001756     0x102d ./Core/Src/TETRIS.o
 .debug_macro   0x00002783      0x11f ./Core/Src/TETRIS.o
 .debug_macro   0x000028a2    0x17f69 ./Core/Src/TETRIS.o
 .debug_macro   0x0001a80b       0x43 ./Core/Src/TETRIS.o
 .debug_macro   0x0001a84e     0x36c9 ./Core/Src/TETRIS.o
 .debug_macro   0x0001df17      0x189 ./Core/Src/TETRIS.o
 .debug_macro   0x0001e0a0       0x5a ./Core/Src/TETRIS.o
 .debug_macro   0x0001e0fa      0xca5 ./Core/Src/TETRIS.o
 .debug_macro   0x0001ed9f      0x9fe ./Core/Src/TETRIS.o
 .debug_macro   0x0001f79d      0x117 ./Core/Src/TETRIS.o
 .debug_macro   0x0001f8b4      0x157 ./Core/Src/TETRIS.o
 .debug_macro   0x0001fa0b       0x27 ./Core/Src/TETRIS.o
 .debug_macro   0x0001fa32      0x182 ./Core/Src/TETRIS.o
 .debug_macro   0x0001fbb4      0x287 ./Core/Src/TETRIS.o
 .debug_macro   0x0001fe3b       0x5f ./Core/Src/TETRIS.o
 .debug_macro   0x0001fe9a      0x236 ./Core/Src/TETRIS.o
 .debug_macro   0x000200d0      0x20f ./Core/Src/TETRIS.o
 .debug_macro   0x000202df      0x122 ./Core/Src/TETRIS.o
 .debug_macro   0x00020401       0xa6 ./Core/Src/TETRIS.o
 .debug_macro   0x000204a7      0x132 ./Core/Src/TETRIS.o
 .debug_macro   0x000205d9      0x41d ./Core/Src/TETRIS.o
 .debug_macro   0x000209f6       0x2e ./Core/Src/TETRIS.o
 .debug_macro   0x00020a24      0x582 ./Core/Src/TETRIS.o
 .debug_macro   0x00020fa6      0x1b5 ./Core/Src/TETRIS.o
 .debug_macro   0x0002115b       0x22 ./Core/Src/TETRIS.o
 .debug_macro   0x0002117d       0xd6 ./Core/Src/TETRIS.o
 .debug_macro   0x00021253      0x198 ./Core/Src/TETRIS.o
 .debug_macro   0x000213eb       0xd6 ./Core/Src/TETRIS.o
 .debug_macro   0x000214c1      0x11a ./Core/Src/TETRIS.o
 .debug_macro   0x000215db       0xe2 ./Core/Src/TETRIS.o
 .debug_macro   0x000216bd       0x89 ./Core/Src/TETRIS.o
 .debug_macro   0x00021746       0xa4 ./Core/Src/TETRIS.o
 .debug_macro   0x000217ea      0x225 ./Core/Src/TETRIS.o
 .debug_macro   0x00021a0f      0x8a0 ./Core/Src/TETRIS.o
 .debug_macro   0x000222af       0x47 ./Core/Src/TETRIS.o
 .debug_macro   0x000222f6      0x134 ./Core/Src/TETRIS.o
 .debug_macro   0x0002242a       0x2a ./Core/Src/TETRIS.o
 .debug_macro   0x00022454       0x61 ./Core/Src/TETRIS.o
 .debug_macro   0x000224b5       0x43 ./Core/Src/TETRIS.o
 .debug_macro   0x000224f8       0x34 ./Core/Src/TETRIS.o
 .debug_macro   0x0002252c       0x16 ./Core/Src/TETRIS.o
 .debug_macro   0x00022542       0x35 ./Core/Src/TETRIS.o
 .debug_macro   0x00022577       0x16 ./Core/Src/TETRIS.o
 .debug_macro   0x0002258d       0x43 ./Core/Src/TETRIS.o
 .debug_macro   0x000225d0       0x34 ./Core/Src/TETRIS.o
 .debug_macro   0x00022604       0x10 ./Core/Src/TETRIS.o
 .debug_macro   0x00022614       0x58 ./Core/Src/TETRIS.o
 .debug_macro   0x0002266c       0x8e ./Core/Src/TETRIS.o
 .debug_macro   0x000226fa       0x1c ./Core/Src/TETRIS.o
 .debug_macro   0x00022716      0x177 ./Core/Src/TETRIS.o
 .debug_macro   0x0002288d      0x369 ./Core/Src/TETRIS.o
 .debug_macro   0x00022bf6       0x16 ./Core/Src/TETRIS.o
 .debug_macro   0x00022c0c       0x29 ./Core/Src/TETRIS.o
 .debug_macro   0x00022c35       0x16 ./Core/Src/TETRIS.o
 .debug_macro   0x00022c4b       0x10 ./Core/Src/TETRIS.o
 .debug_macro   0x00022c5b       0x10 ./Core/Src/TETRIS.o
 .debug_macro   0x00022c6b       0x10 ./Core/Src/TETRIS.o
 .debug_macro   0x00022c7b       0x1c ./Core/Src/TETRIS.o
 .debug_macro   0x00022c97       0x52 ./Core/Src/TETRIS.o
 .debug_macro   0x00022ce9       0x22 ./Core/Src/TETRIS.o
 .debug_macro   0x00022d0b       0x10 ./Core/Src/TETRIS.o
 .debug_macro   0x00022d1b       0x52 ./Core/Src/TETRIS.o
 .debug_macro   0x00022d6d       0xcf ./Core/Src/TETRIS.o
 .debug_macro   0x00022e3c       0x1c ./Core/Src/TETRIS.o
 .debug_macro   0x00022e58       0x3d ./Core/Src/TETRIS.o
 .debug_macro   0x00022e95       0x35 ./Core/Src/TETRIS.o
 .debug_macro   0x00022eca       0x22 ./Core/Src/TETRIS.o
 .debug_macro   0x00022eec      0x265 ./Core/Src/TETRIS.o
 .debug_macro   0x00023151       0xb0 ./Core/Src/TETRIS.o
 .debug_macro   0x00023201       0x10 ./Core/Src/TETRIS.o
 .debug_macro   0x00023211      0x26d ./Core/Src/TETRIS.o
 .debug_macro   0x0002347e      0x121 ./Core/Src/TETRIS.o
 .debug_macro   0x0002359f       0x7c ./Core/Src/TETRIS.o
 .debug_macro   0x0002361b      0x430 ./Core/Src/Tetromino.o
 .debug_macro   0x00023a4b      0x43e ./Core/Src/main.o
 .debug_macro   0x00023e89      0x424 ./Core/Src/stm32f4xx_hal_msp.o
 .debug_macro   0x000242ad      0x42e ./Core/Src/stm32f4xx_it.o
 .debug_macro   0x000246db      0x24a ./Core/Src/system_stm32f4xx.o
 .debug_macro   0x00024925       0x7c ./Drivers/BSP/Components/ili9341/ili9341.o
 .debug_macro   0x000249a1      0x271 ./Drivers/BSP/STM32F429I-Discovery/stm32f429i_discovery.o
 .debug_macro   0x00024c12      0x25f ./Drivers/BSP/STM32F429I-Discovery/stm32f429i_discovery.o
 .debug_macro   0x00024e71      0x2b7 ./Drivers/BSP/STM32F429I-Discovery/stm32f429i_discovery_lcd.o
 .debug_macro   0x00025128      0x262 ./Drivers/BSP/STM32F429I-Discovery/stm32f429i_discovery_sdram.o
 .debug_macro   0x0002538a       0xaa ./Drivers/BSP/STM32F429I-Discovery/stm32f429i_discovery_sdram.o
 .debug_macro   0x00025434      0x2a4 ./Drivers/STM32F4xx_HAL_Driver/Src/stm32f4xx_hal.o
 .debug_macro   0x000256d8      0x244 ./Drivers/STM32F4xx_HAL_Driver/Src/stm32f4xx_hal_cortex.o
 .debug_macro   0x0002591c      0x245 ./Drivers/STM32F4xx_HAL_Driver/Src/stm32f4xx_hal_dac.o
 .debug_macro   0x00025b61      0x244 ./Drivers/STM32F4xx_HAL_Driver/Src/stm32f4xx_hal_dac_ex.o
 .debug_macro   0x00025da5      0x24a ./Drivers/STM32F4xx_HAL_Driver/Src/stm32f4xx_hal_dma.o
 .debug_macro   0x00025fef      0x253 ./Drivers/STM32F4xx_HAL_Driver/Src/stm32f4xx_hal_dma2d.o
 .debug_macro   0x00026242      0x27a ./Drivers/STM32F4xx_HAL_Driver/Src/stm32f4xx_hal_gpio.o
 .debug_macro   0x000264bc      0x28b ./Drivers/STM32F4xx_HAL_Driver/Src/stm32f4xx_hal_i2c.o
 .debug_macro   0x00026747      0x244 ./Drivers/STM32F4xx_HAL_Driver/Src/stm32f4xx_hal_i2c_ex.o
 .debug_macro   0x0002698b      0x245 ./Drivers/STM32F4xx_HAL_Driver/Src/stm32f4xx_hal_ltdc.o
 .debug_macro   0x00026bd0      0x268 ./Drivers/STM32F4xx_HAL_Driver/Src/stm32f4xx_hal_rcc.o
 .debug_macro   0x00026e38      0x244 ./Drivers/STM32F4xx_HAL_Driver/Src/stm32f4xx_hal_rcc_ex.o
 .debug_macro   0x0002707c      0x24a ./Drivers/STM32F4xx_HAL_Driver/Src/stm32f4xx_hal_rng.o
 .debug_macro   0x000272c6      0x244 ./Drivers/STM32F4xx_HAL_Driver/Src/stm32f4xx_hal_sdram.o
 .debug_macro   0x0002750a      0x253 ./Drivers/STM32F4xx_HAL_Driver/Src/stm32f4xx_hal_spi.o
 .debug_macro   0x0002775d      0x245 ./Drivers/STM32F4xx_HAL_Driver/Src/stm32f4xx_hal_tim.o
 .debug_macro   0x000279a2      0x244 ./Drivers/STM32F4xx_HAL_Driver/Src/stm32f4xx_hal_tim_ex.o
 .debug_macro   0x00027be6      0x244 ./Drivers/STM32F4xx_HAL_Driver/Src/stm32f4xx_ll_fmc.o

.debug_line     0x00000000    0x21818
 .debug_line    0x00000000     0x1413 ./Core/Src/TETRIS.o
 .debug_line    0x00001413     0x2893 ./Core/Src/Tetromino.o
 .debug_line    0x00003ca6     0x1363 ./Core/Src/main.o
 .debug_line    0x00005009     0x1104 ./Core/Src/stm32f4xx_hal_msp.o
 .debug_line    0x0000610d      0xeae ./Core/Src/stm32f4xx_it.o
 .debug_line    0x00006fbb      0x967 ./Core/Src/system_stm32f4xx.o
 .debug_line    0x00007922       0x77 ./Core/Startup/startup_stm32f429zitx.o
 .debug_line    0x00007999      0x63a ./Drivers/BSP/Components/ili9341/ili9341.o
 .debug_line    0x00007fd3      0xe0a ./Drivers/BSP/STM32F429I-Discovery/stm32f429i_discovery.o
 .debug_line    0x00008ddd     0x17af ./Drivers/BSP/STM32F429I-Discovery/stm32f429i_discovery_lcd.o
 .debug_line    0x0000a58c      0xad5 ./Drivers/BSP/STM32F429I-Discovery/stm32f429i_discovery_sdram.o
 .debug_line    0x0000b061      0xc00 ./Drivers/STM32F4xx_HAL_Driver/Src/stm32f4xx_hal.o
 .debug_line    0x0000bc61      0xe77 ./Drivers/STM32F4xx_HAL_Driver/Src/stm32f4xx_hal_cortex.o
 .debug_line    0x0000cad8      0xd3e ./Drivers/STM32F4xx_HAL_Driver/Src/stm32f4xx_hal_dac.o
 .debug_line    0x0000d816      0xb25 ./Drivers/STM32F4xx_HAL_Driver/Src/stm32f4xx_hal_dac_ex.o
 .debug_line    0x0000e33b     0x1141 ./Drivers/STM32F4xx_HAL_Driver/Src/stm32f4xx_hal_dma.o
 .debug_line    0x0000f47c     0x139a ./Drivers/STM32F4xx_HAL_Driver/Src/stm32f4xx_hal_dma2d.o
 .debug_line    0x00010816      0xd92 ./Drivers/STM32F4xx_HAL_Driver/Src/stm32f4xx_hal_gpio.o
 .debug_line    0x000115a8     0x3b45 ./Drivers/STM32F4xx_HAL_Driver/Src/stm32f4xx_hal_i2c.o
 .debug_line    0x000150ed      0x957 ./Drivers/STM32F4xx_HAL_Driver/Src/stm32f4xx_hal_i2c_ex.o
 .debug_line    0x00015a44     0x1961 ./Drivers/STM32F4xx_HAL_Driver/Src/stm32f4xx_hal_ltdc.o
 .debug_line    0x000173a5      0xf26 ./Drivers/STM32F4xx_HAL_Driver/Src/stm32f4xx_hal_rcc.o
 .debug_line    0x000182cb      0xd98 ./Drivers/STM32F4xx_HAL_Driver/Src/stm32f4xx_hal_rcc_ex.o
 .debug_line    0x00019063      0xb4c ./Drivers/STM32F4xx_HAL_Driver/Src/stm32f4xx_hal_rng.o
 .debug_line    0x00019baf      0xe38 ./Drivers/STM32F4xx_HAL_Driver/Src/stm32f4xx_hal_sdram.o
 .debug_line    0x0001a9e7     0x1e32 ./Drivers/STM32F4xx_HAL_Driver/Src/stm32f4xx_hal_spi.o
 .debug_line    0x0001c819     0x2bc8 ./Drivers/STM32F4xx_HAL_Driver/Src/stm32f4xx_hal_tim.o
 .debug_line    0x0001f3e1     0x13b5 ./Drivers/STM32F4xx_HAL_Driver/Src/stm32f4xx_hal_tim_ex.o
 .debug_line    0x00020796     0x1082 ./Drivers/STM32F4xx_HAL_Driver/Src/stm32f4xx_ll_fmc.o

.debug_str      0x00000000    0xe6bf9
 .debug_str     0x00000000    0xdf5f8 ./Core/Src/TETRIS.o
                              0xdf8d0 (size before relaxing)
 .debug_str     0x000df5f8       0xaf ./Core/Src/Tetromino.o
                              0xdf717 (size before relaxing)
 .debug_str     0x000df6a7     0x1707 ./Core/Src/main.o
                              0xe0f70 (size before relaxing)
 .debug_str     0x000e0dae      0x6dd ./Core/Src/stm32f4xx_hal_msp.o
                              0xe0e97 (size before relaxing)
 .debug_str     0x000e148b      0x117 ./Core/Src/stm32f4xx_it.o
                              0xdfba8 (size before relaxing)
 .debug_str     0x000e15a2       0xf0 ./Core/Src/system_stm32f4xx.o
                              0xd98ad (size before relaxing)
 .debug_str     0x000e1692       0x44 ./Core/Startup/startup_stm32f429zitx.o
                                 0x6a (size before relaxing)
 .debug_str     0x000e16d6      0x183 ./Drivers/BSP/Components/ili9341/ili9341.o
                               0x45d7 (size before relaxing)
 .debug_str     0x000e1859      0x546 ./Drivers/BSP/STM32F429I-Discovery/stm32f429i_discovery.o
                              0xdbab6 (size before relaxing)
 .debug_str     0x000e1d9f      0x8d9 ./Drivers/BSP/STM32F429I-Discovery/stm32f429i_discovery_lcd.o
                              0xdcadc (size before relaxing)
 .debug_str     0x000e2678      0x28a ./Drivers/BSP/STM32F429I-Discovery/stm32f429i_discovery_sdram.o
                              0xdb9b8 (size before relaxing)
 .debug_str     0x000e2902      0x648 ./Drivers/STM32F4xx_HAL_Driver/Src/stm32f4xx_hal.o
                              0xda4bb (size before relaxing)
 .debug_str     0x000e2f4a      0x31c ./Drivers/STM32F4xx_HAL_Driver/Src/stm32f4xx_hal_cortex.o
                              0xda1a0 (size before relaxing)
 .debug_str     0x000e3266      0x208 ./Drivers/STM32F4xx_HAL_Driver/Src/stm32f4xx_hal_dac.o
                              0xd9d07 (size before relaxing)
 .debug_str     0x000e346e      0x13b ./Drivers/STM32F4xx_HAL_Driver/Src/stm32f4xx_hal_dac_ex.o
                              0xd9be2 (size before relaxing)
 .debug_str     0x000e35a9      0x2ca ./Drivers/STM32F4xx_HAL_Driver/Src/stm32f4xx_hal_dma.o
                              0xd9c9f (size before relaxing)
 .debug_str     0x000e3873      0x357 ./Drivers/STM32F4xx_HAL_Driver/Src/stm32f4xx_hal_dma2d.o
                              0xd9e74 (size before relaxing)
 .debug_str     0x000e3bca      0x1a5 ./Drivers/STM32F4xx_HAL_Driver/Src/stm32f4xx_hal_gpio.o
                              0xd9ac0 (size before relaxing)
 .debug_str     0x000e3d6f      0xa56 ./Drivers/STM32F4xx_HAL_Driver/Src/stm32f4xx_hal_i2c.o
                              0xda855 (size before relaxing)
 .debug_str     0x000e47c5       0x3b ./Drivers/STM32F4xx_HAL_Driver/Src/stm32f4xx_hal_i2c_ex.o
                              0xd9c67 (size before relaxing)
 .debug_str     0x000e4800      0x23a ./Drivers/STM32F4xx_HAL_Driver/Src/stm32f4xx_hal_ltdc.o
                              0xd9ec2 (size before relaxing)
 .debug_str     0x000e4a3a      0x213 ./Drivers/STM32F4xx_HAL_Driver/Src/stm32f4xx_hal_rcc.o
                              0xd9ccc (size before relaxing)
 .debug_str     0x000e4c4d      0x12b ./Drivers/STM32F4xx_HAL_Driver/Src/stm32f4xx_hal_rcc_ex.o