Archive member included to satisfy reference by file (symbol)

E:/HUST/Embedded System/STM32CubeIDE_1.17.0/STM32CubeIDE/plugins/com.st.stm32cube.ide.mcu.externaltools.gnu-tools-for-stm32.12.3.rel1.win32_1.1.0.202410251130/tools/bin/../lib/gcc/arm-none-eabi/12.3.1/../../../../arm-none-eabi/lib/thumb/v7e-m+fp/hard\libc_nano.a(libc_a-exit.o)
                              E:/HUST/Embedded System/STM32CubeIDE_1.17.0/STM32CubeIDE/plugins/com.st.stm32cube.ide.mcu.externaltools.gnu-tools-for-stm32.12.3.rel1.win32_1.1.0.202410251130/tools/bin/../lib/gcc/arm-none-eabi/12.3.1/../../../../arm-none-eabi/lib/thumb/v7e-m+fp/hard/crt0.o (exit)
E:/HUST/Embedded System/STM32CubeIDE_1.17.0/STM32CubeIDE/plugins/com.st.stm32cube.ide.mcu.externaltools.gnu-tools-for-stm32.12.3.rel1.win32_1.1.0.202410251130/tools/bin/../lib/gcc/arm-none-eabi/12.3.1/../../../../arm-none-eabi/lib/thumb/v7e-m+fp/hard\libc_nano.a(libc_a-findfp.o)
                              E:/HUST/Embedded System/STM32CubeIDE_1.17.0/STM32CubeIDE/plugins/com.st.stm32cube.ide.mcu.externaltools.gnu-tools-for-stm32.12.3.rel1.win32_1.1.0.202410251130/tools/bin/../lib/gcc/arm-none-eabi/12.3.1/../../../../arm-none-eabi/lib/thumb/v7e-m+fp/hard\libc_nano.a(libc_a-exit.o) (__stdio_exit_handler)
E:/HUST/Embedded System/STM32CubeIDE_1.17.0/STM32CubeIDE/plugins/com.st.stm32cube.ide.mcu.externaltools.gnu-tools-for-stm32.12.3.rel1.win32_1.1.0.202410251130/tools/bin/../lib/gcc/arm-none-eabi/12.3.1/../../../../arm-none-eabi/lib/thumb/v7e-m+fp/hard\libc_nano.a(libc_a-fwalk.o)
                              E:/HUST/Embedded System/STM32CubeIDE_1.17.0/STM32CubeIDE/plugins/com.st.stm32cube.ide.mcu.externaltools.gnu-tools-for-stm32.12.3.rel1.win32_1.1.0.202410251130/tools/bin/../lib/gcc/arm-none-eabi/12.3.1/../../../../arm-none-eabi/lib/thumb/v7e-m+fp/hard\libc_nano.a(libc_a-findfp.o) (_fwalk_sglue)
E:/HUST/Embedded System/STM32CubeIDE_1.17.0/STM32CubeIDE/plugins/com.st.stm32cube.ide.mcu.externaltools.gnu-tools-for-stm32.12.3.rel1.win32_1.1.0.202410251130/tools/bin/../lib/gcc/arm-none-eabi/12.3.1/../../../../arm-none-eabi/lib/thumb/v7e-m+fp/hard\libc_nano.a(libc_a-stdio.o)
                              E:/HUST/Embedded System/STM32CubeIDE_1.17.0/STM32CubeIDE/plugins/com.st.stm32cube.ide.mcu.externaltools.gnu-tools-for-stm32.12.3.rel1.win32_1.1.0.202410251130/tools/bin/../lib/gcc/arm-none-eabi/12.3.1/../../../../arm-none-eabi/lib/thumb/v7e-m+fp/hard\libc_nano.a(libc_a-findfp.o) (__sread)
E:/HUST/Embedded System/STM32CubeIDE_1.17.0/STM32CubeIDE/plugins/com.st.stm32cube.ide.mcu.externaltools.gnu-tools-for-stm32.12.3.rel1.win32_1.1.0.202410251130/tools/bin/../lib/gcc/arm-none-eabi/12.3.1/../../../../arm-none-eabi/lib/thumb/v7e-m+fp/hard\libc_nano.a(libc_a-memset.o)
                              E:/HUST/Embedded System/STM32CubeIDE_1.17.0/STM32CubeIDE/plugins/com.st.stm32cube.ide.mcu.externaltools.gnu-tools-for-stm32.12.3.rel1.win32_1.1.0.202410251130/tools/bin/../lib/gcc/arm-none-eabi/12.3.1/../../../../arm-none-eabi/lib/thumb/v7e-m+fp/hard/crt0.o (memset)
E:/HUST/Embedded System/STM32CubeIDE_1.17.0/STM32CubeIDE/plugins/com.st.stm32cube.ide.mcu.externaltools.gnu-tools-for-stm32.12.3.rel1.win32_1.1.0.202410251130/tools/bin/../lib/gcc/arm-none-eabi/12.3.1/../../../../arm-none-eabi/lib/thumb/v7e-m+fp/hard\libc_nano.a(libc_a-closer.o)
                              E:/HUST/Embedded System/STM32CubeIDE_1.17.0/STM32CubeIDE/plugins/com.st.stm32cube.ide.mcu.externaltools.gnu-tools-for-stm32.12.3.rel1.win32_1.1.0.202410251130/tools/bin/../lib/gcc/arm-none-eabi/12.3.1/../../../../arm-none-eabi/lib/thumb/v7e-m+fp/hard\libc_nano.a(libc_a-stdio.o) (_close_r)
E:/HUST/Embedded System/STM32CubeIDE_1.17.0/STM32CubeIDE/plugins/com.st.stm32cube.ide.mcu.externaltools.gnu-tools-for-stm32.12.3.rel1.win32_1.1.0.202410251130/tools/bin/../lib/gcc/arm-none-eabi/12.3.1/../../../../arm-none-eabi/lib/thumb/v7e-m+fp/hard\libc_nano.a(libc_a-reent.o)
                              E:/HUST/Embedded System/STM32CubeIDE_1.17.0/STM32CubeIDE/plugins/com.st.stm32cube.ide.mcu.externaltools.gnu-tools-for-stm32.12.3.rel1.win32_1.1.0.202410251130/tools/bin/../lib/gcc/arm-none-eabi/12.3.1/../../../../arm-none-eabi/lib/thumb/v7e-m+fp/hard\libc_nano.a(libc_a-closer.o) (errno)
E:/HUST/Embedded System/STM32CubeIDE_1.17.0/STM32CubeIDE/plugins/com.st.stm32cube.ide.mcu.externaltools.gnu-tools-for-stm32.12.3.rel1.win32_1.1.0.202410251130/tools/bin/../lib/gcc/arm-none-eabi/12.3.1/../../../../arm-none-eabi/lib/thumb/v7e-m+fp/hard\libc_nano.a(libc_a-impure.o)
                              E:/HUST/Embedded System/STM32CubeIDE_1.17.0/STM32CubeIDE/plugins/com.st.stm32cube.ide.mcu.externaltools.gnu-tools-for-stm32.12.3.rel1.win32_1.1.0.202410251130/tools/bin/../lib/gcc/arm-none-eabi/12.3.1/../../../../arm-none-eabi/lib/thumb/v7e-m+fp/hard\libc_nano.a(libc_a-reent.o) (_impure_ptr)
[...]
Memory Configuration

Name             Origin             Length             Attributes
CCMRAM           0x10000000         0x00010000         xrw
RAM              0x20000000         0x00030000         xrw
FLASH            0x08000000         0x00200000         xr
*default*        0x00000000         0xffffffff

Linker script and memory map

LOAD E:/HUST/Embedded System/STM32CubeIDE_1.17.0/STM32CubeIDE/plugins/com.st.stm32cube.ide.mcu.externaltools.gnu-tools-for-stm32.12.3.rel1.win32_1.1.0.202410251130/tools/bin/../lib/gcc/arm-none-eabi/12.3.1/thumb/v7e-m+fp/hard/crti.o
LOAD E:/HUST/Embedded System/STM32CubeIDE_1.17.0/STM32CubeIDE/plugins/com.st.stm32cube.ide.mcu.externaltools.gnu-tools-for-stm32.12.3.rel1.win32_1.1.0.202410251130/tools/bin/../lib/gcc/arm-none-eabi/12.3.1/thumb/v7e-m+fp/hard/crtbegin.o
LOAD E:/HUST/Embedded System/STM32CubeIDE_1.17.0/STM32CubeIDE/plugins/com.st.stm32cube.ide.mcu.externaltools.gnu-tools-for-stm32.12.3.rel1.win32_1.1.0.202410251130/tools/bin/../lib/gcc/arm-none-eabi/12.3.1/../../../../arm-none-eabi/lib/thumb/v7e-m+fp/hard/crt0.o
LOAD ./Core/Src/Snake.o
LOAD ./Core/Src/TETRIS.o
LOAD ./Core/Src/Tetromino.o
LOAD ./Core/Src/main.o
LOAD ./Core/Src/stm32f4xx_hal_msp.o
LOAD ./Core/Src/stm32f4xx_it.o
LOAD ./Core/Src/syscalls.o
LOAD ./Core/Src/sysmem.o
LOAD ./Core/Src/system_stm32f4xx.o
LOAD ./Core/Startup/startup_stm32f429zitx.o
LOAD ./Drivers/BSP/Components/ili9341/ili9341.o
LOAD ./Drivers/BSP/STM32F429I-Discovery/stm32f429i_discovery.o
LOAD ./Drivers/BSP/STM32F429I-Discovery/stm32f429i_discovery_lcd.o
LOAD ./Drivers/BSP/STM32F429I-Discovery/stm32f429i_discovery_sdram.o
LOAD ./Drivers/STM32F4xx_HAL_Driver/Src/stm32f4xx_hal.o
LOAD ./Drivers/STM32F4xx_HAL_Driver/Src/stm32f4xx_hal_cortex.o
LOAD ./Drivers/STM32F4xx_HAL_Driver/Src/stm32f4xx_hal_dma.o
LOAD ./Drivers/STM32F4xx_HAL_Driver/Src/stm32f4xx_hal_dma2d.o
LOAD ./Drivers/STM32F4xx_HAL_Driver/Src/stm32f4xx_hal_dma_ex.o
LOAD ./Drivers/STM32F4xx_HAL_Driver/Src/stm32f4xx_hal_dsi.o
LOAD ./Drivers/STM32F4xx_HAL_Driver/Src/stm32f4xx_hal_exti.o
LOAD ./Drivers/STM32F4xx_HAL_Driver/Src/stm32f4xx_hal_flash.o
LOAD ./Drivers/STM32F4xx_HAL_Driver/Src/stm32f4xx_hal_flash_ex.o
LOAD ./Drivers/STM32F4xx_HAL_Driver/Src/stm32f4xx_hal_flash_ramfunc.o
LOAD ./Drivers/STM32F4xx_HAL_Driver/Src/stm32f4xx_hal_gpio.o
LOAD ./Drivers/STM32F4xx_HAL_Driver/Src/stm32f4xx_hal_i2c.o
LOAD ./Drivers/STM32F4xx_HAL_Driver/Src/stm32f4xx_hal_i2c_ex.o
LOAD ./Drivers/STM32F4xx_HAL_Driver/Src/stm32f4xx_hal_ltdc.o
LOAD ./Drivers/STM32F4xx_HAL_Driver/Src/stm32f4xx_hal_ltdc_ex.o
LOAD ./Drivers/STM32F4xx_HAL_Driver/Src/stm32f4xx_hal_pwr.o
LOAD ./Drivers/STM32F4xx_HAL_Driver/Src/stm32f4xx_hal_pwr_ex.o
LOAD ./Drivers/STM32F4xx_HAL_Driver/Src/stm32f4xx_hal_rcc.o
LOAD ./Drivers/STM32F4xx_HAL_Driver/Src/stm32f4xx_hal_rcc_ex.o
LOAD ./Drivers/STM32F4xx_HAL_Driver/Src/stm32f4xx_hal_rng.o
LOAD ./Drivers/STM32F4xx_HAL_Driver/Src/stm32f4xx_hal_sdram.o
LOAD ./Drivers/STM32F4xx_HAL_Driver/Src/stm32f4xx_hal_spi.o
LOAD ./Drivers/STM32F4xx_HAL_Driver/Src/stm32f4xx_hal_tim.o
LOAD ./Drivers/STM32F4xx_HAL_Driver/Src/stm32f4xx_hal_tim_ex.o
LOAD ./Drivers/STM32F4xx_HAL_Driver/Src/stm32f4xx_ll_fmc.o
START GROUP
LOAD E:/HUST/Embedded System/STM32CubeIDE_1.17.0/STM32CubeIDE/plugins/com.st.stm32cube.ide.mcu.externaltools.gnu-tools-for-stm32.12.3.rel1.win32_1.1.0.202410251130/tools/bin/../lib/gcc/arm-none-eabi/12.3.1/../../../../arm-none-eabi/lib/thumb/v7e-m+fp/hard\libstdc++_nano.a
LOAD E:/HUST/Embedded System/STM32CubeIDE_1.17.0/STM32CubeIDE/plugins/com.st.stm32cube.ide.mcu.externaltools.gnu-tools-for-stm32.12.3.rel1.win32_1.1.0.202410251130/tools/bin/../lib/gcc/arm-none-eabi/12.3.1/../../../../arm-none-eabi/lib/thumb/v7e-m+fp/hard\libsupc++_nano.a
END GROUP
LOAD E:/HUST/Embedded System/STM32CubeIDE_1.17.0/STM32CubeIDE/plugins/com.st.stm32cube.ide.mcu.externaltools.gnu-tools-for-stm32.12.3.rel1.win32_1.1.0.202410251130/tools/bin/../lib/gcc/arm-none-eabi/12.3.1/../../../../arm-none-eabi/lib/thumb/v7e-m+fp/hard\libstdc++_nano.a
LOAD E:/HUST/Embedded System/STM32CubeIDE_1.17.0/STM32CubeIDE/plugins/com.st.stm32cube.ide.mcu.externaltools.gnu-tools-for-stm32.12.3.rel1.win32_1.1.0.202410251130/tools/bin/../lib/gcc/arm-none-eabi/12.3.1/../../../../arm-none-eabi/lib/thumb/v7e-m+fp/hard\libm.a
LOAD E:/HUST/Embedded System/STM32CubeIDE_1.17.0/STM32CubeIDE/plugins/com.st.stm32cube.ide.mcu.externaltools.gnu-tools-for-stm32.12.3.rel1.win32_1.1.0.202410251130/tools/bin/../lib/gcc/arm-none-eabi/12.3.1/../../../../arm-none-eabi/lib/thumb/v7e-m+fp/hard\libc_nano.a
START GROUP
LOAD E:/HUST/Embedded System/STM32CubeIDE_1.17.0/STM32CubeIDE/plugins/com.st.stm32cube.ide.mcu.externaltools.gnu-tools-for-stm32.12.3.rel1.win32_1.1.0.202410251130/tools/bin/../lib/gcc/arm-none-eabi/12.3.1/thumb/v7e-m+fp/hard\libgcc.a
LOAD E:/HUST/Embedded System/STM32CubeIDE_1.17.0/STM32CubeIDE/plugins/com.st.stm32cube.ide.mcu.externaltools.gnu-tools-for-stm32.12.3.rel1.win32_1.1.0.202410251130/tools/bin/../lib/gcc/arm-none-eabi/12.3.1/../../../../arm-none-eabi/lib/thumb/v7e-m+fp/hard\libc_nano.a
END GROUP
START GROUP
LOAD E:/HUST/Embedded System/STM32CubeIDE_1.17.0/STM32CubeIDE/plugins/com.st.stm32cube.ide.mcu.externaltools.gnu-tools-for-stm32.12.3.rel1.win32_1.1.0.202410251130/tools/bin/../lib/gcc/arm-none-eabi/12.3.1/thumb/v7e-m+fp/hard\libgcc.a
LOAD E:/HUST/Embedded System/STM32CubeIDE_1.17.0/STM32CubeIDE/plugins/com.st.stm32cube.ide.mcu.externaltools.gnu-tools-for-stm32.12.3.rel1.win32_1.1.0.202410251130/tools/bin/../lib/gcc/arm-none-eabi/12.3.1/../../../../arm-none-eabi/lib/thumb/v7e-m+fp/hard\libc_nano.a
LOAD E:/HUST/Embedded System/STM32CubeIDE_1.17.0/STM32CubeIDE/plugins/com.st.stm32cube.ide.mcu.externaltools.gnu-tools-for-stm32.12.3.rel1.win32_1.1.0.202410251130/tools/bin/../lib/gcc/arm-none-eabi/12.3.1/../../../../arm-none-eabi/lib/thumb/v7e-m+fp/hard\libnosys.a
END GROUP
START GROUP
LOAD E:/HUST/Embedded System/STM32CubeIDE_1.17.0/STM32CubeIDE/plugins/com.st.stm32cube.ide.mcu.externaltools.gnu-tools-for-stm32.12.3.rel1.win32_1.1.0.202410251130/tools/bin/../lib/gcc/arm-none-eabi/12.3.1/thumb/v7e-m+fp/hard\libgcc.a
LOAD E:/HUST/Embedded System/STM32CubeIDE_1.17.0/STM32CubeIDE/plugins/com.st.stm32cube.ide.mcu.externaltools.gnu-tools-for-stm32.12.3.rel1.win32_1.1.0.202410251130/tools/bin/../lib/gcc/arm-none-eabi/12.3.1/../../../../arm-none-eabi/lib/thumb/v7e-m+fp/hard\libc_nano.a
LOAD E:/HUST/Embedded System/STM32CubeIDE_1.17.0/STM32CubeIDE/plugins/com.st.stm32cube.ide.mcu.externaltools.gnu-tools-for-stm32.12.3.rel1.win32_1.1.0.202410251130/tools/bin/../lib/gcc/arm-none-eabi/12.3.1/../../../../arm-none-eabi/lib/thumb/v7e-m+fp/hard\libnosys.a
END GROUP
LOAD E:/HUST/Embedded System/STM32CubeIDE_1.17.0/STM32CubeIDE/plugins/com.st.stm32cube.ide.mcu.externaltools.gnu-tools-for-stm32.12.3.rel1.win32_1.1.0.202410251130/tools/bin/../lib/gcc/arm-none-eabi/12.3.1/thumb/v7e-m+fp/hard/crtend.o
LOAD E:/HUST/Embedded System/STM32CubeIDE_1.17.0/STM32CubeIDE/plugins/com.st.stm32cube.ide.mcu.externaltools.gnu-tools-for-stm32.12.3.rel1.win32_1.1.0.202410251130/tools/bin/../lib/gcc/arm-none-eabi/12.3.1/thumb/v7e-m+fp/hard/crtn.o
                0x20030000                        _estack = (ORIGIN (RAM) + LENGTH (RAM))
                0x00000200                        _Min_Heap_Size = 0x200
                0x00000400                        _Min_Stack_Size = 0x400

.isr_vector     0x08000000      0x1ac
                0x08000000                        . = ALIGN (0x4)
 *(.isr_vector)
 .isr_vector    0x08000000      0x1ac ./Core/Startup/startup_stm32f429zitx.o
                0x08000000                g_pfnVectors
                0x080001ac                        . = ALIGN (0x4)

.text           0x080001ac     0xaaf8
                0x080001ac                        . = ALIGN (0x4)
 *(.text)
 .text          0x080001ac       0x40 E:/HUST/Embedded System/STM32CubeIDE_1.17.0/STM32CubeIDE/plugins/com.st.stm32cube.ide.mcu.externaltools.gnu-tools-for-stm32.12.3.rel1.win32_1.1.0.202410251130/tools/bin/../lib/gcc/arm-none-eabi/12.3.1/thumb/v7e-m+fp/hard/crtbegin.o
 .text          0x080001ec       0x30 E:/HUST/Embedded System/STM32CubeIDE_1.17.0/STM32CubeIDE/plugins/com.st.stm32cube.ide.mcu.externaltools.gnu-tools-for-stm32.12.3.rel1.win32_1.1.0.202410251130/tools/bin/../lib/gcc/arm-none-eabi/12.3.1/thumb/v7e-m+fp/hard\libgcc.a(_aeabi_uldivmod.o)
                0x080001ec                __aeabi_uldivmod
 .text          0x0800021c      0x2bc E:/HUST/Embedded System/STM32CubeIDE_1.17.0/STM32CubeIDE/plugins/com.st.stm32cube.ide.mcu.externaltools.gnu-tools-for-stm32.12.3.rel1.win32_1.1.0.202410251130/tools/bin/../lib/gcc/arm-none-eabi/12.3.1/thumb/v7e-m+fp/hard\libgcc.a(_udivmoddi4.o)
                0x0800021c                __udivmoddi4
 .text          0x080004d8        0x4 E:/HUST/Embedded System/STM32CubeIDE_1.17.0/STM32CubeIDE/plugins/com.st.stm32cube.ide.mcu.externaltools.gnu-tools-for-stm32.12.3.rel1.win32_1.1.0.202410251130/tools/bin/../lib/gcc/arm-none-eabi/12.3.1/thumb/v7e-m+fp/hard\libgcc.a(_dvmd_tls.o)
                0x080004d8                __aeabi_idiv0
                0x080004d8                __aeabi_ldiv0
 *(.text*)
 .text.ArrayReset
                0x080004dc       0x90 ./Core/Src/TETRIS.o
                0x080004dc                ArrayReset
 .text.PrintArray
                0x0800056c       0xe8 ./Core/Src/TETRIS.o
                0x0800056c                PrintArray
 .text.DeleteRow
                0x08000654       0x44 ./Core/Src/TETRIS.o
                0x08000654                DeleteRow
 .text.MoveAllRowAbove
                0x08000698       0x68 ./Core/Src/TETRIS.o
                0x08000698                MoveAllRowAbove
 .text.CheckFullRow
                0x08000700       0x90 ./Core/Src/TETRIS.o
                0x08000700                CheckFullRow
 .text.PrintVariables
                0x08000790        0xe ./Core/Src/TETRIS.o
                0x08000790                PrintVariables
 *fill*         0x0800079e        0x2 
 .text.Refresh  0x080007a0       0x2c ./Core/Src/TETRIS.o
                0x080007a0                Refresh
 .text.InputProcess
                0x080007cc      0x244 ./Core/Src/TETRIS.o
                0x080007cc                InputProcess
 .text.TETRIS_main
                0x08000a10      0x2b0 ./Core/Src/TETRIS.o
                0x08000a10                TETRIS_main
 .text.khung    0x08000cc0       0x94 ./Core/Src/TETRIS.o
                0x08000cc0                khung
 .text.TETRIS_PrintScore
                0x08000d54      0x314 ./Core/Src/TETRIS.o
                0x08000d54                TETRIS_PrintScore
 .text.BlockI1  0x08001068      0x360 ./Core/Src/Tetromino.o
                0x08001068                BlockI1
 .text.BlockI2  0x080013c8      0x2e8 ./Core/Src/Tetromino.o
                0x080013c8                BlockI2
 .text.BlockJ1  0x080016b0      0x330 ./Core/Src/Tetromino.o
                0x080016b0                BlockJ1
 .text.BlockJ2  0x080019e0      0x300 ./Core/Src/Tetromino.o
                0x080019e0                BlockJ2
 .text.BlockJ3  0x08001ce0      0x320 ./Core/Src/Tetromino.o
                0x08001ce0                BlockJ3
 .text.BlockJ4  0x08002000      0x300 ./Core/Src/Tetromino.o
                0x08002000                BlockJ4
 .text.BlockL1  0x08002300      0x32c ./Core/Src/Tetromino.o
                0x08002300                BlockL1
 .text.BlockL2  0x0800262c      0x308 ./Core/Src/Tetromino.o
                0x0800262c                BlockL2
 .text.BlockL3  0x08002934      0x324 ./Core/Src/Tetromino.o
                0x08002934                BlockL3
 .text.BlockL4  0x08002c58      0x2f8 ./Core/Src/Tetromino.o
                0x08002c58                BlockL4
 .text.BlockO   0x08002f50      0x290 ./Core/Src/Tetromino.o
                0x08002f50                BlockO
 .text.BlockS1  0x080031e0      0x330 ./Core/Src/Tetromino.o
                0x080031e0                BlockS1
 .text.BlockS2  0x08003510      0x30c ./Core/Src/Tetromino.o
                0x08003510                BlockS2
 .text.BlockT1  0x0800381c      0x330 ./Core/Src/Tetromino.o
                0x0800381c                BlockT1
 .text.BlockT2  0x08003b4c      0x308 ./Core/Src/Tetromino.o
                0x08003b4c                BlockT2
 .text.BlockT3  0x08003e54      0x324 ./Core/Src/Tetromino.o
                0x08003e54                BlockT3
 .text.BlockT4  0x08004178      0x304 ./Core/Src/Tetromino.o
                0x08004178                BlockT4
 .text.BlockZ1  0x0800447c      0x32c ./Core/Src/Tetromino.o
                0x0800447c                BlockZ1
 .text.BlockZ2  0x080047a8      0x300 ./Core/Src/Tetromino.o
                0x080047a8                BlockZ2
 .text.PrintTetromino
                0x08004aa8      0x1c8 ./Core/Src/Tetromino.o
                0x08004aa8                PrintTetromino
 .text.PrintNextPiece
                0x08004c70      0x5b8 ./Core/Src/Tetromino.o
                0x08004c70                PrintNextPiece
 .text.main     0x08005228       0x54 ./Core/Src/main.o
                0x08005228                main
 .text.SystemClock_Config
                0x0800527c      0x108 ./Core/Src/main.o
                0x0800527c                SystemClock_Config
 .text.MX_DMA2D_Init
                0x08005384       0x64 ./Core/Src/main.o
 .text.MX_I2C1_Init
                0x080053e8       0x80 ./Core/Src/main.o
 .text.MX_LTDC_Init
                0x08005468       0xfc ./Core/Src/main.o
 .text.MX_RNG_Init
                0x08005564       0x28 ./Core/Src/main.o
 .text.MX_SPI1_Init
                0x0800558c       0x6c ./Core/Src/main.o
 .text.MX_FMC_Init
                0x080055f8       0x9c ./Core/Src/main.o
 .text.MX_GPIO_Init
                0x08005694      0x168 ./Core/Src/main.o
 .text.isUpKey  0x080057fc       0x24 ./Core/Src/main.o
                0x080057fc                isUpKey
 .text.isDownKey
                0x08005820       0x24 ./Core/Src/main.o
                0x08005820                isDownKey
 .text.isLeftKey
                0x08005844       0x24 ./Core/Src/main.o
                0x08005844                isLeftKey
 .text.isRightKey
                0x08005868       0x24 ./Core/Src/main.o
                0x08005868                isRightKey
 .text.Random   0x0800588c       0x50 ./Core/Src/main.o
                0x0800588c                Random
 .text.isAnyKeyPressed
                0x080058dc       0x50 ./Core/Src/main.o
                0x080058dc                isAnyKeyPressed
 .text.PrintXY  0x0800592c       0x3e ./Core/Src/main.o
                0x0800592c                PrintXY
 *fill*         0x0800596a        0x2 
 .text.Colour   0x0800596c       0x84 ./Core/Src/main.o
                0x0800596c                Colour
 .text.isUSERKey
                0x080059f0       0x20 ./Core/Src/main.o
                0x080059f0                isUSERKey
 .text.Error_Handler
                0x08005a10        0xc ./Core/Src/main.o
                0x08005a10                Error_Handler
 .text.HAL_MspInit
                0x08005a1c       0x50 ./Core/Src/stm32f4xx_hal_msp.o
                0x08005a1c                HAL_MspInit
 .text.HAL_DMA2D_MspInit
                0x08005a6c       0x44 ./Core/Src/stm32f4xx_hal_msp.o
                0x08005a6c                HAL_DMA2D_MspInit
 .text.HAL_I2C_MspInit
                0x08005ab0       0x90 ./Core/Src/stm32f4xx_hal_msp.o
                0x08005ab0                HAL_I2C_MspInit
 .text.HAL_LTDC_MspInit
                0x08005b40      0x21c ./Core/Src/stm32f4xx_hal_msp.o
                0x08005b40                HAL_LTDC_MspInit
 .text.HAL_RNG_MspInit
                0x08005d5c       0x50 ./Core/Src/stm32f4xx_hal_msp.o
                0x08005d5c                HAL_RNG_MspInit
 .text.HAL_SPI_MspInit
                0x08005dac       0xd0 ./Core/Src/stm32f4xx_hal_msp.o
                0x08005dac                HAL_SPI_MspInit
 .text.HAL_SPI_MspDeInit
                0x08005e7c       0x48 ./Core/Src/stm32f4xx_hal_msp.o
                0x08005e7c                HAL_SPI_MspDeInit
 .text.HAL_FMC_MspInit
                0x08005ec4      0x104 ./Core/Src/stm32f4xx_hal_msp.o
 .text.HAL_SDRAM_MspInit
                0x08005fc8       0x14 ./Core/Src/stm32f4xx_hal_msp.o
                0x08005fc8                HAL_SDRAM_MspInit
 .text.NMI_Handler
                0x08005fdc        0x8 ./Core/Src/stm32f4xx_it.o
                0x08005fdc                NMI_Handler
 .text.HardFault_Handler
                0x08005fe4        0x8 ./Core/Src/stm32f4xx_it.o
                0x08005fe4                HardFault_Handler
 .text.MemManage_Handler
                0x08005fec        0x8 ./Core/Src/stm32f4xx_it.o
                0x08005fec                MemManage_Handler
 .text.BusFault_Handler
                0x08005ff4        0x8 ./Core/Src/stm32f4xx_it.o
                0x08005ff4                BusFault_Handler
 .text.UsageFault_Handler
                0x08005ffc        0x8 ./Core/Src/stm32f4xx_it.o
                0x08005ffc                UsageFault_Handler
 .text.SVC_Handler
                0x08006004        0xe ./Core/Src/stm32f4xx_it.o
                0x08006004                SVC_Handler
 .text.DebugMon_Handler
                0x08006012        0xe ./Core/Src/stm32f4xx_it.o
                0x08006012                DebugMon_Handler
 .text.PendSV_Handler
                0x08006020        0xe ./Core/Src/stm32f4xx_it.o
                0x08006020                PendSV_Handler
 .text.SysTick_Handler
                0x0800602e        0xc ./Core/Src/stm32f4xx_it.o
                0x0800602e                SysTick_Handler
 *fill*         0x0800603a        0x2 
 .text.HASH_RNG_IRQHandler
                0x0800603c       0x14 ./Core/Src/stm32f4xx_it.o
                0x0800603c                HASH_RNG_IRQHandler
 .text.SystemInit
                0x08006050       0x2c ./Core/Src/system_stm32f4xx.o
                0x08006050                SystemInit
 .text.Reset_Handler
                0x0800607c       0x50 ./Core/Startup/startup_stm32f429zitx.o
                0x0800607c                Reset_Handler
 .text.Default_Handler
                0x080060cc        0x2 ./Core/Startup/startup_stm32f429zitx.o
                0x080060cc                RTC_Alarm_IRQHandler
                0x080060cc                EXTI2_IRQHandler
                0x080060cc                TIM8_CC_IRQHandler
                0x080060cc                UART8_IRQHandler
                0x080060cc                SPI4_IRQHandler
                0x080060cc                TIM1_CC_IRQHandler
                0x080060cc                DMA2_Stream5_IRQHandler
                0x080060cc                DMA1_Stream5_IRQHandler
                0x080060cc                PVD_IRQHandler
                0x080060cc                SDIO_IRQHandler
                0x080060cc                TAMP_STAMP_IRQHandler
                0x080060cc                CAN2_RX1_IRQHandler
                0x080060cc                EXTI3_IRQHandler
                0x080060cc                TIM8_TRG_COM_TIM14_IRQHandler
                0x080060cc                TIM1_UP_TIM10_IRQHandler
                0x080060cc                TIM8_UP_TIM13_IRQHandler
                0x080060cc                I2C3_ER_IRQHandler
                0x080060cc                EXTI0_IRQHandler
                0x080060cc                I2C2_EV_IRQHandler
                0x080060cc                DMA1_Stream2_IRQHandler
                0x080060cc                CAN1_RX0_IRQHandler
                0x080060cc                FPU_IRQHandler
                0x080060cc                OTG_HS_WKUP_IRQHandler
                0x080060cc                LTDC_ER_IRQHandler
                0x080060cc                CAN2_SCE_IRQHandler
                0x080060cc                DMA2_Stream2_IRQHandler
                0x080060cc                SPI1_IRQHandler
                0x080060cc                TIM6_DAC_IRQHandler
                0x080060cc                TIM1_BRK_TIM9_IRQHandler
                0x080060cc                DCMI_IRQHandler
                0x080060cc                CAN2_RX0_IRQHandler
                0x080060cc                DMA2_Stream3_IRQHandler
                0x080060cc                USART6_IRQHandler
                0x080060cc                USART3_IRQHandler
                0x080060cc                CAN1_RX1_IRQHandler
                0x080060cc                UART5_IRQHandler
                0x080060cc                DMA2_Stream0_IRQHandler
                0x080060cc                TIM4_IRQHandler
                0x080060cc                I2C1_EV_IRQHandler
                0x080060cc                DMA1_Stream6_IRQHandler
                0x080060cc                DMA1_Stream1_IRQHandler
                0x080060cc                UART4_IRQHandler
                0x080060cc                TIM3_IRQHandler
                0x080060cc                RCC_IRQHandler
                0x080060cc                TIM8_BRK_TIM12_IRQHandler
                0x080060cc                Default_Handler
                0x080060cc                EXTI15_10_IRQHandler
                0x080060cc                ADC_IRQHandler
                0x080060cc                DMA1_Stream7_IRQHandler
                0x080060cc                SPI5_IRQHandler
                0x080060cc                TIM7_IRQHandler
                0x080060cc                CAN2_TX_IRQHandler
                0x080060cc                TIM5_IRQHandler
                0x080060cc                DMA2_Stream7_IRQHandler
                0x080060cc                I2C3_EV_IRQHandler
                0x080060cc                EXTI9_5_IRQHandler
                0x080060cc                RTC_WKUP_IRQHandler
                0x080060cc                LTDC_IRQHandler
                0x080060cc                ETH_WKUP_IRQHandler
                0x080060cc                SPI2_IRQHandler
                0x080060cc                OTG_HS_EP1_IN_IRQHandler
                0x080060cc                DMA1_Stream0_IRQHandler
                0x080060cc                CAN1_TX_IRQHandler
                0x080060cc                EXTI4_IRQHandler
                0x080060cc                ETH_IRQHandler
                0x080060cc                OTG_HS_EP1_OUT_IRQHandler
                0x080060cc                WWDG_IRQHandler
                0x080060cc                SPI6_IRQHandler
                0x080060cc                TIM2_IRQHandler
                0x080060cc                OTG_FS_WKUP_IRQHandler
                0x080060cc                TIM1_TRG_COM_TIM11_IRQHandler
                0x080060cc                OTG_HS_IRQHandler
                0x080060cc                DMA2D_IRQHandler
                0x080060cc                EXTI1_IRQHandler
                0x080060cc                UART7_IRQHandler
                0x080060cc                USART2_IRQHandler
                0x080060cc                I2C2_ER_IRQHandler
                0x080060cc                DMA2_Stream1_IRQHandler
                0x080060cc                CAN1_SCE_IRQHandler
                0x080060cc                FLASH_IRQHandler
                0x080060cc                DMA2_Stream4_IRQHandler
                0x080060cc                USART1_IRQHandler
                0x080060cc                OTG_FS_IRQHandler
                0x080060cc                SPI3_IRQHandler
                0x080060cc                DMA1_Stream4_IRQHandler
                0x080060cc                I2C1_ER_IRQHandler
                0x080060cc                FMC_IRQHandler
                0x080060cc                DMA2_Stream6_IRQHandler
                0x080060cc                SAI1_IRQHandler
                0x080060cc                DMA1_Stream3_IRQHandler
 .text.ili9341_Init
                0x080060ce      0x294 ./Drivers/BSP/Components/ili9341/ili9341.o
                0x080060ce                ili9341_Init
 .text.ili9341_ReadID
                0x08006362       0x18 ./Drivers/BSP/Components/ili9341/ili9341.o
                0x08006362                ili9341_ReadID
 .text.ili9341_DisplayOn
                0x0800637a        0xe ./Drivers/BSP/Components/ili9341/ili9341.o
                0x0800637a                ili9341_DisplayOn
 .text.ili9341_DisplayOff
                0x08006388        0xe ./Drivers/BSP/Components/ili9341/ili9341.o
                0x08006388                ili9341_DisplayOff
 .text.ili9341_WriteReg
                0x08006396       0x1a ./Drivers/BSP/Components/ili9341/ili9341.o
                0x08006396                ili9341_WriteReg
 .text.ili9341_WriteData
                0x080063b0       0x1a ./Drivers/BSP/Components/ili9341/ili9341.o
                0x080063b0                ili9341_WriteData
 .text.ili9341_ReadData
                0x080063ca       0x26 ./Drivers/BSP/Components/ili9341/ili9341.o
                0x080063ca                ili9341_ReadData
 .text.ili9341_GetLcdPixelWidth
                0x080063f0       0x10 ./Drivers/BSP/Components/ili9341/ili9341.o
                0x080063f0                ili9341_GetLcdPixelWidth
 .text.ili9341_GetLcdPixelHeight
                0x08006400       0x12 ./Drivers/BSP/Components/ili9341/ili9341.o
                0x08006400                ili9341_GetLcdPixelHeight
 *fill*         0x08006412        0x2 
 .text.SPIx_Init
                0x08006414       0x74 ./Drivers/BSP/STM32F429I-Discovery/stm32f429i_discovery.o
 .text.SPIx_Read
                0x08006488       0x40 ./Drivers/BSP/STM32F429I-Discovery/stm32f429i_discovery.o
 .text.SPIx_Write
                0x080064c8       0x3c ./Drivers/BSP/STM32F429I-Discovery/stm32f429i_discovery.o
 .text.SPIx_Error
                0x08006504       0x18 ./Drivers/BSP/STM32F429I-Discovery/stm32f429i_discovery.o
 .text.SPIx_MspInit
                0x0800651c       0x74 ./Drivers/BSP/STM32F429I-Discovery/stm32f429i_discovery.o
 .text.LCD_IO_Init
                0x08006590       0xf0 ./Drivers/BSP/STM32F429I-Discovery/stm32f429i_discovery.o
                0x08006590                LCD_IO_Init
 .text.LCD_IO_WriteData
                0x08006680       0x44 ./Drivers/BSP/STM32F429I-Discovery/stm32f429i_discovery.o
                0x08006680                LCD_IO_WriteData
 .text.LCD_IO_WriteReg
                0x080066c4       0x44 ./Drivers/BSP/STM32F429I-Discovery/stm32f429i_discovery.o
                0x080066c4                LCD_IO_WriteReg
 .text.LCD_IO_ReadData
                0x08006708       0x64 ./Drivers/BSP/STM32F429I-Discovery/stm32f429i_discovery.o
                0x08006708                LCD_IO_ReadData
 .text.LCD_Delay
                0x0800676c       0x16 ./Drivers/BSP/STM32F429I-Discovery/stm32f429i_discovery.o
                0x0800676c                LCD_Delay
 *fill*         0x08006782        0x2 
 .text.BSP_LCD_Init
                0x08006784       0xd4 ./Drivers/BSP/STM32F429I-Discovery/stm32f429i_discovery_lcd.o
                0x08006784                BSP_LCD_Init
 .text.BSP_LCD_GetXSize
                0x08006858       0x18 ./Drivers/BSP/STM32F429I-Discovery/stm32f429i_discovery_lcd.o
                0x08006858                BSP_LCD_GetXSize
 .text.BSP_LCD_GetYSize
                0x08006870       0x18 ./Drivers/BSP/STM32F429I-Discovery/stm32f429i_discovery_lcd.o
                0x08006870                BSP_LCD_GetYSize
 .text.BSP_LCD_LayerDefaultInit
                0x08006888       0xc8 ./Drivers/BSP/STM32F429I-Discovery/stm32f429i_discovery_lcd.o
                0x08006888                BSP_LCD_LayerDefaultInit
 .text.BSP_LCD_SetTextColor
                0x08006950       0x30 ./Drivers/BSP/STM32F429I-Discovery/stm32f429i_discovery_lcd.o
                0x08006950                BSP_LCD_SetTextColor
 .text.BSP_LCD_SetBackColor
                0x08006980       0x34 ./Drivers/BSP/STM32F429I-Discovery/stm32f429i_discovery_lcd.o
                0x08006980                BSP_LCD_SetBackColor
 .text.BSP_LCD_SetFont
                0x080069b4       0x34 ./Drivers/BSP/STM32F429I-Discovery/stm32f429i_discovery_lcd.o
                0x080069b4                BSP_LCD_SetFont
 .text.BSP_LCD_Clear
                0x080069e8       0x50 ./Drivers/BSP/STM32F429I-Discovery/stm32f429i_discovery_lcd.o
                0x080069e8                BSP_LCD_Clear
 .text.BSP_LCD_DisplayChar
                0x08006a38       0x88 ./Drivers/BSP/STM32F429I-Discovery/stm32f429i_discovery_lcd.o
                0x08006a38                BSP_LCD_DisplayChar
 .text.BSP_LCD_DisplayStringAt
                0x08006ac0      0x17c ./Drivers/BSP/STM32F429I-Discovery/stm32f429i_discovery_lcd.o
                0x08006ac0                BSP_LCD_DisplayStringAt
 .text.BSP_LCD_FillRect
                0x08006c3c       0xb4 ./Drivers/BSP/STM32F429I-Discovery/stm32f429i_discovery_lcd.o
                0x08006c3c                BSP_LCD_FillRect
 .text.BSP_LCD_MspInit
                0x08006cf0      0x1ac ./Drivers/BSP/STM32F429I-Discovery/stm32f429i_discovery_lcd.o
                0x08006cf0                BSP_LCD_MspInit
 .text.BSP_LCD_DrawPixel
                0x08006e9c       0x4c ./Drivers/BSP/STM32F429I-Discovery/stm32f429i_discovery_lcd.o
                0x08006e9c                BSP_LCD_DrawPixel
 .text.DrawChar
                0x08006ee8      0x174 ./Drivers/BSP/STM32F429I-Discovery/stm32f429i_discovery_lcd.o
 .text.FillBuffer
                0x0800705c       0x70 ./Drivers/BSP/STM32F429I-Discovery/stm32f429i_discovery_lcd.o
 .text.BSP_SDRAM_Init
                0x080070cc       0xbc ./Drivers/BSP/STM32F429I-Discovery/stm32f429i_discovery_sdram.o
                0x080070cc                BSP_SDRAM_Init
 .text.BSP_SDRAM_Initialization_sequence
                0x08007188       0xc0 ./Drivers/BSP/STM32F429I-Discovery/stm32f429i_discovery_sdram.o
                0x08007188                BSP_SDRAM_Initialization_sequence
 .text.BSP_SDRAM_MspInit
                0x08007248      0x218 ./Drivers/BSP/STM32F429I-Discovery/stm32f429i_discovery_sdram.o
                0x08007248                BSP_SDRAM_MspInit
 .text.HAL_Init
                0x08007460       0x44 ./Drivers/STM32F4xx_HAL_Driver/Src/stm32f4xx_hal.o
                0x08007460                HAL_Init
 .text.HAL_InitTick
                0x080074a4       0x60 ./Drivers/STM32F4xx_HAL_Driver/Src/stm32f4xx_hal.o
                0x080074a4                HAL_InitTick
 .text.HAL_IncTick
                0x08007504       0x28 ./Drivers/STM32F4xx_HAL_Driver/Src/stm32f4xx_hal.o
                0x08007504                HAL_IncTick
 .text.HAL_GetTick
                0x0800752c       0x18 ./Drivers/STM32F4xx_HAL_Driver/Src/stm32f4xx_hal.o
                0x0800752c                HAL_GetTick
 .text.HAL_Delay
                0x08007544       0x48 ./Drivers/STM32F4xx_HAL_Driver/Src/stm32f4xx_hal.o
                0x08007544                HAL_Delay
 .text.__NVIC_SetPriorityGrouping
                0x0800758c       0x48 ./Drivers/STM32F4xx_HAL_Driver/Src/stm32f4xx_hal_cortex.o
 .text.__NVIC_GetPriorityGrouping
                0x080075d4       0x1c ./Drivers/STM32F4xx_HAL_Driver/Src/stm32f4xx_hal_cortex.o
 .text.__NVIC_EnableIRQ
                0x080075f0       0x3c ./Drivers/STM32F4xx_HAL_Driver/Src/stm32f4xx_hal_cortex.o
 .text.__NVIC_SetPriority
                0x0800762c       0x54 ./Drivers/STM32F4xx_HAL_Driver/Src/stm32f4xx_hal_cortex.o
 .text.NVIC_EncodePriority
                0x08007680       0x66 ./Drivers/STM32F4xx_HAL_Driver/Src/stm32f4xx_hal_cortex.o
 *fill*         0x080076e6        0x2 
 .text.SysTick_Config
                0x080076e8       0x44 ./Drivers/STM32F4xx_HAL_Driver/Src/stm32f4xx_hal_cortex.o
 .text.HAL_NVIC_SetPriorityGrouping
                0x0800772c       0x16 ./Drivers/STM32F4xx_HAL_Driver/Src/stm32f4xx_hal_cortex.o
                0x0800772c                HAL_NVIC_SetPriorityGrouping
 .text.HAL_NVIC_SetPriority
                0x08007742       0x38 ./Drivers/STM32F4xx_HAL_Driver/Src/stm32f4xx_hal_cortex.o
                0x08007742                HAL_NVIC_SetPriority
 .text.HAL_NVIC_EnableIRQ
                0x0800777a       0x1c ./Drivers/STM32F4xx_HAL_Driver/Src/stm32f4xx_hal_cortex.o
                0x0800777a                HAL_NVIC_EnableIRQ
 .text.HAL_SYSTICK_Config
                0x08007796       0x18 ./Drivers/STM32F4xx_HAL_Driver/Src/stm32f4xx_hal_cortex.o
                0x08007796                HAL_SYSTICK_Config
 *fill*         0x080077ae        0x2 
 .text.HAL_DMA_Init
                0x080077b0      0x15c ./Drivers/STM32F4xx_HAL_Driver/Src/stm32f4xx_hal_dma.o
                0x080077b0                HAL_DMA_Init
 .text.HAL_DMA_DeInit
                0x0800790c       0xbc ./Drivers/STM32F4xx_HAL_Driver/Src/stm32f4xx_hal_dma.o
                0x0800790c                HAL_DMA_DeInit
 .text.DMA_CalcBaseAndBitshift
                0x080079c8       0x6c ./Drivers/STM32F4xx_HAL_Driver/Src/stm32f4xx_hal_dma.o
 .text.DMA_CheckFifoParam
                0x08007a34       0xf8 ./Drivers/STM32F4xx_HAL_Driver/Src/stm32f4xx_hal_dma.o
 .text.HAL_DMA2D_Init
                0x08007b2c       0x92 ./Drivers/STM32F4xx_HAL_Driver/Src/stm32f4xx_hal_dma2d.o
                0x08007b2c                HAL_DMA2D_Init
 .text.HAL_DMA2D_Start
                0x08007bbe       0x56 ./Drivers/STM32F4xx_HAL_Driver/Src/stm32f4xx_hal_dma2d.o
                0x08007bbe                HAL_DMA2D_Start
 .text.HAL_DMA2D_PollForTransfer
                0x08007c14      0x1d2 ./Drivers/STM32F4xx_HAL_Driver/Src/stm32f4xx_hal_dma2d.o
                0x08007c14                HAL_DMA2D_PollForTransfer
 *fill*         0x08007de6        0x2 
 .text.HAL_DMA2D_ConfigLayer
                0x08007de8      0x124 ./Drivers/STM32F4xx_HAL_Driver/Src/stm32f4xx_hal_dma2d.o
                0x08007de8                HAL_DMA2D_ConfigLayer
 .text.DMA2D_SetConfig
                0x08007f0c      0x138 ./Drivers/STM32F4xx_HAL_Driver/Src/stm32f4xx_hal_dma2d.o
 .text.HAL_GPIO_Init
                0x08008044      0x358 ./Drivers/STM32F4xx_HAL_Driver/Src/stm32f4xx_hal_gpio.o
                0x08008044                HAL_GPIO_Init
 .text.HAL_GPIO_DeInit
                0x0800839c      0x218 ./Drivers/STM32F4xx_HAL_Driver/Src/stm32f4xx_hal_gpio.o
                0x0800839c                HAL_GPIO_DeInit
 .text.HAL_GPIO_ReadPin
                0x080085b4       0x30 ./Drivers/STM32F4xx_HAL_Driver/Src/stm32f4xx_hal_gpio.o
                0x080085b4                HAL_GPIO_ReadPin
 .text.HAL_GPIO_WritePin
                0x080085e4       0x32 ./Drivers/STM32F4xx_HAL_Driver/Src/stm32f4xx_hal_gpio.o
                0x080085e4                HAL_GPIO_WritePin
 *fill*         0x08008616        0x2 
 .text.HAL_I2C_Init
                0x08008618      0x288 ./Drivers/STM32F4xx_HAL_Driver/Src/stm32f4xx_hal_i2c.o
                0x08008618                HAL_I2C_Init
 .text.HAL_I2CEx_ConfigAnalogFilter
                0x080088a0       0x78 ./Drivers/STM32F4xx_HAL_Driver/Src/stm32f4xx_hal_i2c_ex.o
                0x080088a0                HAL_I2CEx_ConfigAnalogFilter
 .text.HAL_I2CEx_ConfigDigitalFilter
                0x08008918       0x7e ./Drivers/STM32F4xx_HAL_Driver/Src/stm32f4xx_hal_i2c_ex.o
                0x08008918                HAL_I2CEx_ConfigDigitalFilter
 *fill*         0x08008996        0x2 
 .text.HAL_LTDC_Init
                0x08008998      0x1a0 ./Drivers/STM32F4xx_HAL_Driver/Src/stm32f4xx_hal_ltdc.o
                0x08008998                HAL_LTDC_Init
 .text.HAL_LTDC_ConfigLayer
                0x08008b38       0x7c ./Drivers/STM32F4xx_HAL_Driver/Src/stm32f4xx_hal_ltdc.o
                0x08008b38                HAL_LTDC_ConfigLayer
 .text.HAL_LTDC_EnableDither
                0x08008bb4       0x54 ./Drivers/STM32F4xx_HAL_Driver/Src/stm32f4xx_hal_ltdc.o
                0x08008bb4                HAL_LTDC_EnableDither
 .text.LTDC_SetConfig
                0x08008c08      0x32e ./Drivers/STM32F4xx_HAL_Driver/Src/stm32f4xx_hal_ltdc.o
 *fill*         0x08008f36        0x2 
 .text.HAL_RCC_OscConfig
                0x08008f38      0x4dc ./Drivers/STM32F4xx_HAL_Driver/Src/stm32f4xx_hal_rcc.o
                0x08008f38                HAL_RCC_OscConfig
 .text.HAL_RCC_ClockConfig
                0x08009414      0x1cc ./Drivers/STM32F4xx_HAL_Driver/Src/stm32f4xx_hal_rcc.o
                0x08009414                HAL_RCC_ClockConfig
 .text.HAL_RCC_GetSysClockFreq
                0x080095e0      0x20c ./Drivers/STM32F4xx_HAL_Driver/Src/stm32f4xx_hal_rcc.o
                0x080095e0                HAL_RCC_GetSysClockFreq
 .text.HAL_RCC_GetHCLKFreq
                0x080097ec       0x18 ./Drivers/STM32F4xx_HAL_Driver/Src/stm32f4xx_hal_rcc.o
                0x080097ec                HAL_RCC_GetHCLKFreq
 .text.HAL_RCC_GetPCLK1Freq
                0x08009804       0x28 ./Drivers/STM32F4xx_HAL_Driver/Src/stm32f4xx_hal_rcc.o
                0x08009804                HAL_RCC_GetPCLK1Freq
 .text.HAL_RCCEx_PeriphCLKConfig
                0x0800982c      0x380 ./Drivers/STM32F4xx_HAL_Driver/Src/stm32f4xx_hal_rcc_ex.o
                0x0800982c                HAL_RCCEx_PeriphCLKConfig
 .text.HAL_RNG_Init
                0x08009bac       0x54 ./Drivers/STM32F4xx_HAL_Driver/Src/stm32f4xx_hal_rng.o
                0x08009bac                HAL_RNG_Init
 .text.HAL_RNG_GenerateRandomNumber
                0x08009c00       0x9e ./Drivers/STM32F4xx_HAL_Driver/Src/stm32f4xx_hal_rng.o
                0x08009c00                HAL_RNG_GenerateRandomNumber
 .text.HAL_RNG_GetRandomNumber
                0x08009c9e       0x2a ./Drivers/STM32F4xx_HAL_Driver/Src/stm32f4xx_hal_rng.o
                0x08009c9e                HAL_RNG_GetRandomNumber
 .text.HAL_RNG_IRQHandler
                0x08009cc8       0xac ./Drivers/STM32F4xx_HAL_Driver/Src/stm32f4xx_hal_rng.o
                0x08009cc8                HAL_RNG_IRQHandler
 .text.HAL_RNG_ReadyDataCallback
                0x08009d74       0x16 ./Drivers/STM32F4xx_HAL_Driver/Src/stm32f4xx_hal_rng.o
                0x08009d74                HAL_RNG_ReadyDataCallback
 .text.HAL_RNG_ErrorCallback
                0x08009d8a       0x14 ./Drivers/STM32F4xx_HAL_Driver/Src/stm32f4xx_hal_rng.o
                0x08009d8a                HAL_RNG_ErrorCallback
 .text.HAL_SDRAM_Init
                0x08009d9e       0x68 ./Drivers/STM32F4xx_HAL_Driver/Src/stm32f4xx_hal_sdram.o
                0x08009d9e                HAL_SDRAM_Init
 .text.HAL_SDRAM_SendCommand
                0x08009e06       0x56 ./Drivers/STM32F4xx_HAL_Driver/Src/stm32f4xx_hal_sdram.o
                0x08009e06                HAL_SDRAM_SendCommand
 .text.HAL_SDRAM_ProgramRefreshRate
                0x08009e5c       0x40 ./Drivers/STM32F4xx_HAL_Driver/Src/stm32f4xx_hal_sdram.o
                0x08009e5c                HAL_SDRAM_ProgramRefreshRate
 .text.HAL_SPI_Init
                0x08009e9c       0xc8 ./Drivers/STM32F4xx_HAL_Driver/Src/stm32f4xx_hal_spi.o
                0x08009e9c                HAL_SPI_Init
 .text.HAL_SPI_DeInit
                0x08009f64       0x50 ./Drivers/STM32F4xx_HAL_Driver/Src/stm32f4xx_hal_spi.o
                0x08009f64                HAL_SPI_DeInit
 .text.HAL_SPI_Transmit
                0x08009fb4      0x268 ./Drivers/STM32F4xx_HAL_Driver/Src/stm32f4xx_hal_spi.o
                0x08009fb4                HAL_SPI_Transmit
 .text.HAL_SPI_Receive
                0x0800a21c      0x212 ./Drivers/STM32F4xx_HAL_Driver/Src/stm32f4xx_hal_spi.o
                0x0800a21c                HAL_SPI_Receive
 .text.HAL_SPI_TransmitReceive
                0x0800a42e      0x344 ./Drivers/STM32F4xx_HAL_Driver/Src/stm32f4xx_hal_spi.o
                0x0800a42e                HAL_SPI_TransmitReceive
 .text.HAL_SPI_GetState
                0x0800a772       0x1c ./Drivers/STM32F4xx_HAL_Driver/Src/stm32f4xx_hal_spi.o
                0x0800a772                HAL_SPI_GetState
 .text.SPI_WaitFlagStateUntilTimeout
                0x0800a78e       0xd4 ./Drivers/STM32F4xx_HAL_Driver/Src/stm32f4xx_hal_spi.o
 .text.SPI_EndRxTransaction
                0x0800a862       0xca ./Drivers/STM32F4xx_HAL_Driver/Src/stm32f4xx_hal_spi.o
 .text.SPI_EndRxTxTransaction
                0x0800a92c       0x84 ./Drivers/STM32F4xx_HAL_Driver/Src/stm32f4xx_hal_spi.o
 .text.FMC_SDRAM_Init
                0x0800a9b0       0xe6 ./Drivers/STM32F4xx_HAL_Driver/Src/stm32f4xx_ll_fmc.o
                0x0800a9b0                FMC_SDRAM_Init
 .text.FMC_SDRAM_Timing_Init
                0x0800aa96       0xfe ./Drivers/STM32F4xx_HAL_Driver/Src/stm32f4xx_ll_fmc.o
                0x0800aa96                FMC_SDRAM_Timing_Init
 .text.FMC_SDRAM_SendCommand
                0x0800ab94       0x78 ./Drivers/STM32F4xx_HAL_Driver/Src/stm32f4xx_ll_fmc.o
                0x0800ab94                FMC_SDRAM_SendCommand
 .text.FMC_SDRAM_ProgramRefreshRate
                0x0800ac0c       0x26 ./Drivers/STM32F4xx_HAL_Driver/Src/stm32f4xx_ll_fmc.o
                0x0800ac0c                FMC_SDRAM_ProgramRefreshRate
 .text.memset   0x0800ac32       0x10 E:/HUST/Embedded System/STM32CubeIDE_1.17.0/STM32CubeIDE/plugins/com.st.stm32cube.ide.mcu.externaltools.gnu-tools-for-stm32.12.3.rel1.win32_1.1.0.202410251130/tools/bin/../lib/gcc/arm-none-eabi/12.3.1/../../../../arm-none-eabi/lib/thumb/v7e-m+fp/hard\libc_nano.a(libc_a-memset.o)
                0x0800ac32                memset
 *fill*         0x0800ac42        0x2 
 .text.__libc_init_array
                0x0800ac44       0x48 E:/HUST/Embedded System/STM32CubeIDE_1.17.0/STM32CubeIDE/plugins/com.st.stm32cube.ide.mcu.externaltools.gnu-tools-for-stm32.12.3.rel1.win32_1.1.0.202410251130/tools/bin/../lib/gcc/arm-none-eabi/12.3.1/../../../../arm-none-eabi/lib/thumb/v7e-m+fp/hard\libc_nano.a(libc_a-init.o)
                0x0800ac44                __libc_init_array
 *(.glue_7)
 .glue_7        0x0800ac8c        0x0 linker stubs
 *(.glue_7t)
 .glue_7t       0x0800ac8c        0x0 linker stubs
 *(.eh_frame)
 .eh_frame      0x0800ac8c        0x0 E:/HUST/Embedded System/STM32CubeIDE_1.17.0/STM32CubeIDE/plugins/com.st.stm32cube.ide.mcu.externaltools.gnu-tools-for-stm32.12.3.rel1.win32_1.1.0.202410251130/tools/bin/../lib/gcc/arm-none-eabi/12.3.1/thumb/v7e-m+fp/hard/crtbegin.o
 *(.init)
 .init          0x0800ac8c        0x4 E:/HUST/Embedded System/STM32CubeIDE_1.17.0/STM32CubeIDE/plugins/com.st.stm32cube.ide.mcu.externaltools.gnu-tools-for-stm32.12.3.rel1.win32_1.1.0.202410251130/tools/bin/../lib/gcc/arm-none-eabi/12.3.1/thumb/v7e-m+fp/hard/crti.o
                0x0800ac8c                _init
 .init          0x0800ac90        0x8 E:/HUST/Embedded System/STM32CubeIDE_1.17.0/STM32CubeIDE/plugins/com.st.stm32cube.ide.mcu.externaltools.gnu-tools-for-stm32.12.3.rel1.win32_1.1.0.202410251130/tools/bin/../lib/gcc/arm-none-eabi/12.3.1/thumb/v7e-m+fp/hard/crtn.o
 *(.fini)
 .fini          0x0800ac98        0x4 E:/HUST/Embedded System/STM32CubeIDE_1.17.0/STM32CubeIDE/plugins/com.st.stm32cube.ide.mcu.externaltools.gnu-tools-for-stm32.12.3.rel1.win32_1.1.0.202410251130/tools/bin/../lib/gcc/arm-none-eabi/12.3.1/thumb/v7e-m+fp/hard/crti.o
                0x0800ac98                _fini
 .fini          0x0800ac9c        0x8 E:/HUST/Embedded System/STM32CubeIDE_1.17.0/STM32CubeIDE/plugins/com.st.stm32cube.ide.mcu.externaltools.gnu-tools-for-stm32.12.3.rel1.win32_1.1.0.202410251130/tools/bin/../lib/gcc/arm-none-eabi/12.3.1/thumb/v7e-m+fp/hard/crtn.o
                0x0800aca4                        . = ALIGN (0x4)
                0x0800aca4                        _etext = .

.vfp11_veneer   0x0800aca4        0x0
 .vfp11_veneer  0x0800aca4        0x0 linker stubs

.v4_bx          0x0800aca4        0x0
 .v4_bx         0x0800aca4        0x0 linker stubs

.iplt           0x0800aca4        0x0
 .iplt          0x0800aca4        0x0 E:/HUST/Embedded System/STM32CubeIDE_1.17.0/STM32CubeIDE/plugins/com.st.stm32cube.ide.mcu.externaltools.gnu-tools-for-stm32.12.3.rel1.win32_1.1.0.202410251130/tools/bin/../lib/gcc/arm-none-eabi/12.3.1/thumb/v7e-m+fp/hard/crtbegin.o

.rodata         0x0800aca4     0x1fa4
                0x0800aca4                        . = ALIGN (0x4)
 *(.rodata)
 .rodata        0x0800aca4       0x56 ./Core/Src/TETRIS.o
 *(.rodata*)
 *fill*         0x0800acfa        0x2 
 .rodata.AHBPrescTable
                0x0800acfc       0x10 ./Core/Src/system_stm32f4xx.o
                0x0800acfc                AHBPrescTable
 .rodata.APBPrescTable
                0x0800ad0c        0x8 ./Core/Src/system_stm32f4xx.o
                0x0800ad0c                APBPrescTable
 .rodata.Font24_Table
                0x0800ad14     0x1ab8 ./Drivers/BSP/STM32F429I-Discovery/stm32f429i_discovery_lcd.o
                0x0800ad14                Font24_Table
 .rodata.Font12_Table
                0x0800c7cc      0x474 ./Drivers/BSP/STM32F429I-Discovery/stm32f429i_discovery_lcd.o
                0x0800c7cc                Font12_Table
 .rodata.flagBitshiftOffset.0
                0x0800cc40        0x8 ./Drivers/STM32F4xx_HAL_Driver/Src/stm32f4xx_hal_dma.o
                0x0800cc48                        . = ALIGN (0x4)

.ARM.extab      0x0800cc48        0x0
                0x0800cc48                        . = ALIGN (0x4)
 *(.ARM.extab* .gnu.linkonce.armextab.*)
                0x0800cc48                        . = ALIGN (0x4)

.ARM            0x0800cc48        0x8
                0x0800cc48                        . = ALIGN (0x4)
                0x0800cc48                        __exidx_start = .
 *(.ARM.exidx*)
 .ARM.exidx     0x0800cc48        0x8 E:/HUST/Embedded System/STM32CubeIDE_1.17.0/STM32CubeIDE/plugins/com.st.stm32cube.ide.mcu.externaltools.gnu-tools-for-stm32.12.3.rel1.win32_1.1.0.202410251130/tools/bin/../lib/gcc/arm-none-eabi/12.3.1/thumb/v7e-m+fp/hard\libgcc.a(_udivmoddi4.o)
                0x0800cc50                        __exidx_end = .
                0x0800cc50                        . = ALIGN (0x4)

.preinit_array  0x0800cc50        0x0
                0x0800cc50                        . = ALIGN (0x4)
                0x0800cc50                        PROVIDE (__preinit_array_start = .)
 *(.preinit_array*)
                0x0800cc50                        PROVIDE (__preinit_array_end = .)
                0x0800cc50                        . = ALIGN (0x4)

.init_array     0x0800cc50        0x4
                0x0800cc50                        . = ALIGN (0x4)
                0x0800cc50                        PROVIDE (__init_array_start = .)
 *(SORT_BY_NAME(.init_array.*))
 *(.init_array*)
 .init_array    0x0800cc50        0x4 E:/HUST/Embedded System/STM32CubeIDE_1.17.0/STM32CubeIDE/plugins/com.st.stm32cube.ide.mcu.externaltools.gnu-tools-for-stm32.12.3.rel1.win32_1.1.0.202410251130/tools/bin/../lib/gcc/arm-none-eabi/12.3.1/thumb/v7e-m+fp/hard/crtbegin.o
                0x0800cc54                        PROVIDE (__init_array_end = .)
                0x0800cc54                        . = ALIGN (0x4)

.fini_array     0x0800cc54        0x4
                0x0800cc54                        . = ALIGN (0x4)
                [!provide]                        PROVIDE (__fini_array_start = .)
 *(SORT_BY_NAME(.fini_array.*))
 *(.fini_array*)
 .fini_array    0x0800cc54        0x4 E:/HUST/Embedded System/STM32CubeIDE_1.17.0/STM32CubeIDE/plugins/com.st.stm32cube.ide.mcu.externaltools.gnu-tools-for-stm32.12.3.rel1.win32_1.1.0.202410251130/tools/bin/../lib/gcc/arm-none-eabi/12.3.1/thumb/v7e-m+fp/hard/crtbegin.o
                [!provide]                        PROVIDE (__fini_array_end = .)
                0x0800cc58                        . = ALIGN (0x4)
                0x0800cc58                        _sidata = LOADADDR (.data)

.rel.dyn        0x0800cc58        0x0
 .rel.iplt      0x0800cc58        0x0 E:/HUST/Embedded System/STM32CubeIDE_1.17.0/STM32CubeIDE/plugins/com.st.stm32cube.ide.mcu.externaltools.gnu-tools-for-stm32.12.3.rel1.win32_1.1.0.202410251130/tools/bin/../lib/gcc/arm-none-eabi/12.3.1/thumb/v7e-m+fp/hard/crtbegin.o

.data           0x20000000       0x74 load address 0x0800cc58
                0x20000000                        . = ALIGN (0x4)
                0x20000000                        _sdata = .
 *(.data)
 *(.data*)
 .data.DelayTime
                0x20000000        0x4 ./Core/Src/TETRIS.o
                0x20000000                DelayTime
 .data.Level    0x20000004        0x4 ./Core/Src/TETRIS.o
                0x20000004                Level
 .data.FallingSpeed
                0x20000008        0x4 ./Core/Src/TETRIS.o
                0x20000008                FallingSpeed
 .data.NewTetromino
                0x2000000c        0x1 ./Core/Src/TETRIS.o
                0x2000000c                NewTetromino
 .data.CanMoveRight
                0x2000000d        0x1 ./Core/Src/TETRIS.o
                0x2000000d                CanMoveRight
 .data.CanMoveLeft
                0x2000000e        0x1 ./Core/Src/TETRIS.o
                0x2000000e                CanMoveLeft
 .data.CanMoveDown
                0x2000000f        0x1 ./Core/Src/TETRIS.o
                0x2000000f                CanMoveDown
 .data.CanRotate
                0x20000010        0x1 ./Core/Src/TETRIS.o
                0x20000010                CanRotate
 *fill*         0x20000011        0x3 
 .data.seed     0x20000014        0x4 ./Core/Src/main.o
                0x20000014                seed
 .data.SystemCoreClock
                0x20000018        0x4 ./Core/Src/system_stm32f4xx.o
                0x20000018                SystemCoreClock
 .data.ili9341_drv
                0x2000001c       0x38 ./Drivers/BSP/Components/ili9341/ili9341.o
                0x2000001c                ili9341_drv
 .data.SpixTimeout
                0x20000054        0x4 ./Drivers/BSP/STM32F429I-Discovery/stm32f429i_discovery.o
                0x20000054                SpixTimeout
 .data.Font24   0x20000058        0x8 ./Drivers/BSP/STM32F429I-Discovery/stm32f429i_discovery_lcd.o
                0x20000058                Font24
 .data.Font12   0x20000060        0x8 ./Drivers/BSP/STM32F429I-Discovery/stm32f429i_discovery_lcd.o
                0x20000060                Font12
 .data.sdramstatus.2
                0x20000068        0x1 ./Drivers/BSP/STM32F429I-Discovery/stm32f429i_discovery_sdram.o
 *fill*         0x20000069        0x3 
 .data.uwTickPrio
                0x2000006c        0x4 ./Drivers/STM32F4xx_HAL_Driver/Src/stm32f4xx_hal.o
                0x2000006c                uwTickPrio
 .data.uwTickFreq
                0x20000070        0x1 ./Drivers/STM32F4xx_HAL_Driver/Src/stm32f4xx_hal.o
                0x20000070                uwTickFreq
 *(.RamFunc)
 *(.RamFunc*)
                0x20000074                        . = ALIGN (0x4)
 *fill*         0x20000071        0x3 
                0x20000074                        _edata = .
                0x0800cccc                        _siccmram = LOADADDR (.ccmram)

.igot.plt       0x20000074        0x0 load address 0x0800cccc
 .igot.plt      0x20000074        0x0 E:/HUST/Embedded System/STM32CubeIDE_1.17.0/STM32CubeIDE/plugins/com.st.stm32cube.ide.mcu.externaltools.gnu-tools-for-stm32.12.3.rel1.win32_1.1.0.202410251130/tools/bin/../lib/gcc/arm-none-eabi/12.3.1/thumb/v7e-m+fp/hard/crtbegin.o

.ccmram         0x10000000        0x0 load address 0x0800cccc
                0x10000000                        . = ALIGN (0x4)
                0x10000000                        _sccmram = .
 *(.ccmram)
 *(.ccmram*)
                0x10000000                        . = ALIGN (0x4)
                0x10000000                        _eccmram = .
                0x10000000                        . = ALIGN (0x4)

.bss            0x20000074     0x1280
                0x20000074                        _sbss = .
                0x20000074                        __bss_start__ = _sbss
 *(.bss)
 .bss           0x20000074       0x1c E:/HUST/Embedded System/STM32CubeIDE_1.17.0/STM32CubeIDE/plugins/com.st.stm32cube.ide.mcu.externaltools.gnu-tools-for-stm32.12.3.rel1.win32_1.1.0.202410251130/tools/bin/../lib/gcc/arm-none-eabi/12.3.1/thumb/v7e-m+fp/hard/crtbegin.o
 *(.bss*)
 .bss.tetris    0x20000090      0xe10 ./Core/Src/TETRIS.o
                0x20000090                tetris
 .bss.TETRIS_Score
                0x20000ea0        0x4 ./Core/Src/TETRIS.o
                0x20000ea0                TETRIS_Score
 .bss.tetrominoLocX
                0x20000ea4        0x4 ./Core/Src/TETRIS.o
                0x20000ea4                tetrominoLocX
 .bss.tetrominoLocY
                0x20000ea8        0x4 ./Core/Src/TETRIS.o
                0x20000ea8                tetrominoLocY
 .bss.CurrentState
                0x20000eac        0x2 ./Core/Src/TETRIS.o
                0x20000eac                CurrentState
 .bss.NextPiece
                0x20000eae        0x2 ./Core/Src/TETRIS.o
                0x20000eae                NextPiece
 .bss.colour    0x20000eb0        0x2 ./Core/Src/TETRIS.o
                0x20000eb0                colour
 .bss.Pause     0x20000eb2        0x1 ./Core/Src/TETRIS.o
                0x20000eb2                Pause
 .bss.fullrow   0x20000eb3        0x1 ./Core/Src/TETRIS.o
                0x20000eb3                fullrow
 .bss.hdma2d    0x20000eb4       0x40 ./Core/Src/main.o
                0x20000eb4                hdma2d
 .bss.hi2c1     0x20000ef4       0x54 ./Core/Src/main.o
                0x20000ef4                hi2c1
 .bss.hltdc     0x20000f48       0xa8 ./Core/Src/main.o
                0x20000f48                hltdc
 .bss.hrng      0x20000ff0       0x10 ./Core/Src/main.o
                0x20000ff0                hrng
 .bss.hspi1     0x20001000       0x58 ./Core/Src/main.o
                0x20001000                hspi1
 .bss.hsdram1   0x20001058       0x34 ./Core/Src/main.o
                0x20001058                hsdram1
 .bss.TETRIS_Snake
                0x2000108c        0x4 ./Core/Src/main.o
                0x2000108c                TETRIS_Snake
 .bss.isKeyHold
                0x20001090        0x4 ./Core/Src/main.o
                0x20001090                isKeyHold
 .bss.randomNum
                0x20001094        0x4 ./Core/Src/main.o
                0x20001094                randomNum
 .bss.FMC_Initialized
                0x20001098        0x4 ./Core/Src/stm32f4xx_hal_msp.o
 .bss.SpiHandle
                0x2000109c       0x58 ./Drivers/BSP/STM32F429I-Discovery/stm32f429i_discovery.o
 .bss.Is_LCD_IO_Initialized
                0x200010f4        0x1 ./Drivers/BSP/STM32F429I-Discovery/stm32f429i_discovery.o
 *fill*         0x200010f5        0x3 
 .bss.LtdcHandler
                0x200010f8       0xa8 ./Drivers/BSP/STM32F429I-Discovery/stm32f429i_discovery_lcd.o
                0x200010f8                LtdcHandler
 .bss.Dma2dHandler
                0x200011a0       0x40 ./Drivers/BSP/STM32F429I-Discovery/stm32f429i_discovery_lcd.o
 .bss.PeriphClkInitStruct
                0x200011e0       0x30 ./Drivers/BSP/STM32F429I-Discovery/stm32f429i_discovery_lcd.o
 .bss.ActiveLayer
                0x20001210        0x4 ./Drivers/BSP/STM32F429I-Discovery/stm32f429i_discovery_lcd.o
 .bss.DrawProp  0x20001214       0x18 ./Drivers/BSP/STM32F429I-Discovery/stm32f429i_discovery_lcd.o
 .bss.LcdDrv    0x2000122c        0x4 ./Drivers/BSP/STM32F429I-Discovery/stm32f429i_discovery_lcd.o
                0x2000122c                LcdDrv
 .bss.SdramHandle
                0x20001230       0x34 ./Drivers/BSP/STM32F429I-Discovery/stm32f429i_discovery_sdram.o
 .bss.Timing    0x20001264       0x1c ./Drivers/BSP/STM32F429I-Discovery/stm32f429i_discovery_sdram.o
 .bss.Command   0x20001280       0x10 ./Drivers/BSP/STM32F429I-Discovery/stm32f429i_discovery_sdram.o
 .bss.dmaHandle.1
                0x20001290       0x60 ./Drivers/BSP/STM32F429I-Discovery/stm32f429i_discovery_sdram.o
 .bss.uwTick    0x200012f0        0x4 ./Drivers/STM32F4xx_HAL_Driver/Src/stm32f4xx_hal.o
                0x200012f0                uwTick
 *(COMMON)
                0x200012f4                        . = ALIGN (0x4)
                0x200012f4                        _ebss = .
                0x200012f4                        __bss_end__ = _ebss

._user_heap_stack
                0x200012f4      0x604
                0x200012f8                        . = ALIGN (0x8)
 *fill*         0x200012f4        0x4 
                [!provide]                        PROVIDE (end = .)
                0x200012f8                        PROVIDE (_end = .)
                0x200014f8                        . = (. + _Min_Heap_Size)
 *fill*         0x200012f8      0x200 
                0x200018f8                        . = (. + _Min_Stack_Size)
 *fill*         0x200014f8      0x400 
                0x200018f8                        . = ALIGN (0x8)

/DISCARD/
 libc.a(*)
 libm.a(*)
 libgcc.a(*)

.ARM.attributes
                0x00000000       0x30
 *(.ARM.attributes)
 .ARM.attributes
                0x00000000       0x22 E:/HUST/Embedded System/STM32CubeIDE_1.17.0/STM32CubeIDE/plugins/com.st.stm32cube.ide.mcu.externaltools.gnu-tools-for-stm32.12.3.rel1.win32_1.1.0.202410251130/tools/bin/../lib/gcc/arm-none-eabi/12.3.1/thumb/v7e-m+fp/hard/crti.o
 .ARM.attributes
                0x00000022       0x34 E:/HUST/Embedded System/STM32CubeIDE_1.17.0/STM32CubeIDE/plugins/com.st.stm32cube.ide.mcu.externaltools.gnu-tools-for-stm32.12.3.rel1.win32_1.1.0.202410251130/tools/bin/../lib/gcc/arm-none-eabi/12.3.1/thumb/v7e-m+fp/hard/crtbegin.o
 .ARM.attributes
                0x00000056       0x34 ./Core/Src/TETRIS.o
 .ARM.attributes
                0x0000008a       0x34 ./Core/Src/Tetromino.o
 .ARM.attributes
                0x000000be       0x34 ./Core/Src/main.o
 .ARM.attributes
                0x000000f2       0x34 ./Core/Src/stm32f4xx_hal_msp.o
 .ARM.attributes
                0x00000126       0x34 ./Core/Src/stm32f4xx_it.o
 .ARM.attributes
                0x0000015a       0x34 ./Core/Src/system_stm32f4xx.o
 .ARM.attributes
                0x0000018e       0x21 ./Core/Startup/startup_stm32f429zitx.o
 .ARM.attributes
                0x000001af       0x34 ./Drivers/BSP/Components/ili9341/ili9341.o
 .ARM.attributes
                0x000001e3       0x34 ./Drivers/BSP/STM32F429I-Discovery/stm32f429i_discovery.o
 .ARM.attributes
                0x00000217       0x34 ./Drivers/BSP/STM32F429I-Discovery/stm32f429i_discovery_lcd.o
 .ARM.attributes
                0x0000024b       0x34 ./Drivers/BSP/STM32F429I-Discovery/stm32f429i_discovery_sdram.o
 .ARM.attributes
                0x0000027f       0x34 ./Drivers/STM32F4xx_HAL_Driver/Src/stm32f4xx_hal.o
 .ARM.attributes
                0x000002b3       0x34 ./Drivers/STM32F4xx_HAL_Driver/Src/stm32f4xx_hal_cortex.o
 .ARM.attributes
                0x000002e7       0x34 ./Drivers/STM32F4xx_HAL_Driver/Src/stm32f4xx_hal_dma.o
 .ARM.attributes
                0x0000031b       0x34 ./Drivers/STM32F4xx_HAL_Driver/Src/stm32f4xx_hal_dma2d.o
 .ARM.attributes
                0x0000034f       0x34 ./Drivers/STM32F4xx_HAL_Driver/Src/stm32f4xx_hal_gpio.o
 .ARM.attributes
                0x00000383       0x34 ./Drivers/STM32F4xx_HAL_Driver/Src/stm32f4xx_hal_i2c.o
 .ARM.attributes
                0x000003b7       0x34 ./Drivers/STM32F4xx_HAL_Driver/Src/stm32f4xx_hal_i2c_ex.o
 .ARM.attributes
                0x000003eb       0x34 ./Drivers/STM32F4xx_HAL_Driver/Src/stm32f4xx_hal_ltdc.o
 .ARM.attributes
                0x0000041f       0x34 ./Drivers/STM32F4xx_HAL_Driver/Src/stm32f4xx_hal_rcc.o
 .ARM.attributes
                0x00000453       0x34 ./Drivers/STM32F4xx_HAL_Driver/Src/stm32f4xx_hal_rcc_ex.o
 .ARM.attributes
                0x00000487       0x34 ./Drivers/STM32F4xx_HAL_Driver/Src/stm32f4xx_hal_rng.o
 .ARM.attributes
                0x000004bb       0x34 ./Drivers/STM32F4xx_HAL_Driver/Src/stm32f4xx_hal_sdram.o
 .ARM.attributes
                0x000004ef       0x34 ./Drivers/STM32F4xx_HAL_Driver/Src/stm32f4xx_hal_spi.o
 .ARM.attributes
                0x00000523       0x34 ./Drivers/STM32F4xx_HAL_Driver/Src/stm32f4xx_ll_fmc.o
 .ARM.attributes
                0x00000557       0x34 E:/HUST/Embedded System/STM32CubeIDE_1.17.0/STM32CubeIDE/plugins/com.st.stm32cube.ide.mcu.externaltools.gnu-tools-for-stm32.12.3.rel1.win32_1.1.0.202410251130/tools/bin/../lib/gcc/arm-none-eabi/12.3.1/../../../../arm-none-eabi/lib/thumb/v7e-m+fp/hard\libc_nano.a(libc_a-memset.o)
 .ARM.attributes
                0x0000058b       0x34 E:/HUST/Embedded System/STM32CubeIDE_1.17.0/STM32CubeIDE/plugins/com.st.stm32cube.ide.mcu.externaltools.gnu-tools-for-stm32.12.3.rel1.win32_1.1.0.202410251130/tools/bin/../lib/gcc/arm-none-eabi/12.3.1/../../../../arm-none-eabi/lib/thumb/v7e-m+fp/hard\libc_nano.a(libc_a-init.o)
 .ARM.attributes
                0x000005bf       0x22 E:/HUST/Embedded System/STM32CubeIDE_1.17.0/STM32CubeIDE/plugins/com.st.stm32cube.ide.mcu.externaltools.gnu-tools-for-stm32.12.3.rel1.win32_1.1.0.202410251130/tools/bin/../lib/gcc/arm-none-eabi/12.3.1/thumb/v7e-m+fp/hard\libgcc.a(_aeabi_uldivmod.o)
 .ARM.attributes
                0x000005e1       0x34 E:/HUST/Embedded System/STM32CubeIDE_1.17.0/STM32CubeIDE/plugins/com.st.stm32cube.ide.mcu.externaltools.gnu-tools-for-stm32.12.3.rel1.win32_1.1.0.202410251130/tools/bin/../lib/gcc/arm-none-eabi/12.3.1/thumb/v7e-m+fp/hard\libgcc.a(_udivmoddi4.o)
 .ARM.attributes
                0x00000615       0x22 E:/HUST/Embedded System/STM32CubeIDE_1.17.0/STM32CubeIDE/plugins/com.st.stm32cube.ide.mcu.externaltools.gnu-tools-for-stm32.12.3.rel1.win32_1.1.0.202410251130/tools/bin/../lib/gcc/arm-none-eabi/12.3.1/thumb/v7e-m+fp/hard\libgcc.a(_dvmd_tls.o)
 .ARM.attributes
                0x00000637       0x22 E:/HUST/Embedded System/STM32CubeIDE_1.17.0/STM32CubeIDE/plugins/com.st.stm32cube.ide.mcu.externaltools.gnu-tools-for-stm32.12.3.rel1.win32_1.1.0.202410251130/tools/bin/../lib/gcc/arm-none-eabi/12.3.1/thumb/v7e-m+fp/hard/crtn.o
OUTPUT(Lab02_1.elf elf32-littlearm)
LOAD linker stubs
LOAD E:/HUST/Embedded System/STM32CubeIDE_1.17.0/STM32CubeIDE/plugins/com.st.stm32cube.ide.mcu.externaltools.gnu-tools-for-stm32.12.3.rel1.win32_1.1.0.202410251130/tools/bin/../lib/gcc/arm-none-eabi/12.3.1/../../../../arm-none-eabi/lib/thumb/v7e-m+fp/hard\libc.a
LOAD E:/HUST/Embedded System/STM32CubeIDE_1.17.0/STM32CubeIDE/plugins/com.st.stm32cube.ide.mcu.externaltools.gnu-tools-for-stm32.12.3.rel1.win32_1.1.0.202410251130/tools/bin/../lib/gcc/arm-none-eabi/12.3.1/../../../../arm-none-eabi/lib/thumb/v7e-m+fp/hard\libm.a
LOAD E:/HUST/Embedded System/STM32CubeIDE_1.17.0/STM32CubeIDE/plugins/com.st.stm32cube.ide.mcu.externaltools.gnu-tools-for-stm32.12.3.rel1.win32_1.1.0.202410251130/tools/bin/../lib/gcc/arm-none-eabi/12.3.1/thumb/v7e-m+fp/hard\libgcc.a

.debug_info     0x00000000    0x153b8
 .debug_info    0x00000000      0x802 ./Core/Src/TETRIS.o
 .debug_info    0x00000802      0x50c ./Core/Src/Tetromino.o
 .debug_info    0x00000d0e     0x1df0 ./Core/Src/main.o
 .debug_info    0x00002afe     0x1afe ./Core/Src/stm32f4xx_hal_msp.o
 .debug_info    0x000045fc      0x257 ./Core/Src/stm32f4xx_it.o
 .debug_info    0x00004853      0x52e ./Core/Src/system_stm32f4xx.o
 .debug_info    0x00004d81       0x30 ./Core/Startup/startup_stm32f429zitx.o
 .debug_info    0x00004db1      0x388 ./Drivers/BSP/Components/ili9341/ili9341.o
 .debug_info    0x00005139     0x198d ./Drivers/BSP/STM32F429I-Discovery/stm32f429i_discovery.o
 .debug_info    0x00006ac6     0x248f ./Drivers/BSP/STM32F429I-Discovery/stm32f429i_discovery_lcd.o
 .debug_info    0x00008f55     0x1010 ./Drivers/BSP/STM32F429I-Discovery/stm32f429i_discovery_sdram.o
 .debug_info    0x00009f65      0x9be ./Drivers/STM32F4xx_HAL_Driver/Src/stm32f4xx_hal.o
 .debug_info    0x0000a923      0xd7c ./Drivers/STM32F4xx_HAL_Driver/Src/stm32f4xx_hal_cortex.o
 .debug_info    0x0000b69f      0x8e7 ./Drivers/STM32F4xx_HAL_Driver/Src/stm32f4xx_hal_dma.o
 .debug_info    0x0000bf86      0xe6e ./Drivers/STM32F4xx_HAL_Driver/Src/stm32f4xx_hal_dma2d.o
 .debug_info    0x0000cdf4      0x6cc ./Drivers/STM32F4xx_HAL_Driver/Src/stm32f4xx_hal_gpio.o
 .debug_info    0x0000d4c0     0x23d4 ./Drivers/STM32F4xx_HAL_Driver/Src/stm32f4xx_hal_i2c.o
 .debug_info    0x0000f894      0x672 ./Drivers/STM32F4xx_HAL_Driver/Src/stm32f4xx_hal_i2c_ex.o
 .debug_info    0x0000ff06     0x1007 ./Drivers/STM32F4xx_HAL_Driver/Src/stm32f4xx_hal_ltdc.o
 .debug_info    0x00010f0d      0x8c9 ./Drivers/STM32F4xx_HAL_Driver/Src/stm32f4xx_hal_rcc.o
 .debug_info    0x000117d6      0x651 ./Drivers/STM32F4xx_HAL_Driver/Src/stm32f4xx_hal_rcc_ex.o
 .debug_info    0x00011e27      0x47a ./Drivers/STM32F4xx_HAL_Driver/Src/stm32f4xx_hal_rng.o
 .debug_info    0x000122a1      0xd30 ./Drivers/STM32F4xx_HAL_Driver/Src/stm32f4xx_hal_sdram.o
 .debug_info    0x00012fd1     0x15bf ./Drivers/STM32F4xx_HAL_Driver/Src/stm32f4xx_hal_spi.o
 .debug_info    0x00014590      0xe28 ./Drivers/STM32F4xx_HAL_Driver/Src/stm32f4xx_ll_fmc.o

.debug_abbrev   0x00000000     0x34ac
 .debug_abbrev  0x00000000      0x28b ./Core/Src/TETRIS.o
 .debug_abbrev  0x0000028b      0x119 ./Core/Src/Tetromino.o
 .debug_abbrev  0x000003a4      0x36c ./Core/Src/main.o
 .debug_abbrev  0x00000710      0x270 ./Core/Src/stm32f4xx_hal_msp.o
 .debug_abbrev  0x00000980      0x135 ./Core/Src/stm32f4xx_it.o
 .debug_abbrev  0x00000ab5      0x11a ./Core/Src/system_stm32f4xx.o
 .debug_abbrev  0x00000bcf       0x24 ./Core/Startup/startup_stm32f429zitx.o
 .debug_abbrev  0x00000bf3      0x1ad ./Drivers/BSP/Components/ili9341/ili9341.o
 .debug_abbrev  0x00000da0      0x2fc ./Drivers/BSP/STM32F429I-Discovery/stm32f429i_discovery.o
 .debug_abbrev  0x0000109c      0x33f ./Drivers/BSP/STM32F429I-Discovery/stm32f429i_discovery_lcd.o
 .debug_abbrev  0x000013db      0x285 ./Drivers/BSP/STM32F429I-Discovery/stm32f429i_discovery_sdram.o
 .debug_abbrev  0x00001660      0x213 ./Drivers/STM32F4xx_HAL_Driver/Src/stm32f4xx_hal.o
 .debug_abbrev  0x00001873      0x327 ./Drivers/STM32F4xx_HAL_Driver/Src/stm32f4xx_hal_cortex.o
 .debug_abbrev  0x00001b9a      0x264 ./Drivers/STM32F4xx_HAL_Driver/Src/stm32f4xx_hal_dma.o
 .debug_abbrev  0x00001dfe      0x23e ./Drivers/STM32F4xx_HAL_Driver/Src/stm32f4xx_hal_dma2d.o
 .debug_abbrev  0x0000203c      0x1d4 ./Drivers/STM32F4xx_HAL_Driver/Src/stm32f4xx_hal_gpio.o
 .debug_abbrev  0x00002210      0x2ad ./Drivers/STM32F4xx_HAL_Driver/Src/stm32f4xx_hal_i2c.o
 .debug_abbrev  0x000024bd      0x157 ./Drivers/STM32F4xx_HAL_Driver/Src/stm32f4xx_hal_i2c_ex.o
 .debug_abbrev  0x00002614      0x21e ./Drivers/STM32F4xx_HAL_Driver/Src/stm32f4xx_hal_ltdc.o
 .debug_abbrev  0x00002832      0x2b6 ./Drivers/STM32F4xx_HAL_Driver/Src/stm32f4xx_hal_rcc.o
 .debug_abbrev  0x00002ae8      0x1af ./Drivers/STM32F4xx_HAL_Driver/Src/stm32f4xx_hal_rcc_ex.o
 .debug_abbrev  0x00002c97      0x1bd ./Drivers/STM32F4xx_HAL_Driver/Src/stm32f4xx_hal_rng.o
 .debug_abbrev  0x00002e54      0x230 ./Drivers/STM32F4xx_HAL_Driver/Src/stm32f4xx_hal_sdram.o
 .debug_abbrev  0x00003084      0x284 ./Drivers/STM32F4xx_HAL_Driver/Src/stm32f4xx_hal_spi.o
 .debug_abbrev  0x00003308      0x1a4 ./Drivers/STM32F4xx_HAL_Driver/Src/stm32f4xx_ll_fmc.o

.debug_aranges  0x00000000     0x1408
 .debug_aranges
                0x00000000       0x78 ./Core/Src/TETRIS.o
 .debug_aranges
                0x00000078       0xc0 ./Core/Src/Tetromino.o
 .debug_aranges
                0x00000138       0xb0 ./Core/Src/main.o
 .debug_aranges
                0x000001e8       0x90 ./Core/Src/stm32f4xx_hal_msp.o
 .debug_aranges
                0x00000278       0x68 ./Core/Src/stm32f4xx_it.o
 .debug_aranges
                0x000002e0       0x28 ./Core/Src/system_stm32f4xx.o
 .debug_aranges
                0x00000308       0x28 ./Core/Startup/startup_stm32f429zitx.o
 .debug_aranges
                0x00000330       0x60 ./Drivers/BSP/Components/ili9341/ili9341.o
 .debug_aranges
                0x00000390      0x138 ./Drivers/BSP/STM32F429I-Discovery/stm32f429i_discovery.o
 .debug_aranges
                0x000004c8      0x1a8 ./Drivers/BSP/STM32F429I-Discovery/stm32f429i_discovery_lcd.o
 .debug_aranges
                0x00000670       0x68 ./Drivers/BSP/STM32F429I-Discovery/stm32f429i_discovery_sdram.o
 .debug_aranges
                0x000006d8      0x100 ./Drivers/STM32F4xx_HAL_Driver/Src/stm32f4xx_hal.o
 .debug_aranges
                0x000007d8      0x118 ./Drivers/STM32F4xx_HAL_Driver/Src/stm32f4xx_hal_cortex.o
 .debug_aranges
                0x000008f0       0x90 ./Drivers/STM32F4xx_HAL_Driver/Src/stm32f4xx_hal_dma.o
 .debug_aranges
                0x00000980      0x118 ./Drivers/STM32F4xx_HAL_Driver/Src/stm32f4xx_hal_dma2d.o
 .debug_aranges
                0x00000a98       0x58 ./Drivers/STM32F4xx_HAL_Driver/Src/stm32f4xx_hal_gpio.o
 .debug_aranges
                0x00000af0      0x2a0 ./Drivers/STM32F4xx_HAL_Driver/Src/stm32f4xx_hal_i2c.o
 .debug_aranges
                0x00000d90       0x28 ./Drivers/STM32F4xx_HAL_Driver/Src/stm32f4xx_hal_i2c_ex.o
 .debug_aranges
                0x00000db8      0x158 ./Drivers/STM32F4xx_HAL_Driver/Src/stm32f4xx_hal_ltdc.o
 .debug_aranges
                0x00000f10       0x88 ./Drivers/STM32F4xx_HAL_Driver/Src/stm32f4xx_hal_rcc.o
 .debug_aranges
                0x00000f98       0x58 ./Drivers/STM32F4xx_HAL_Driver/Src/stm32f4xx_hal_rcc_ex.o
 .debug_aranges
                0x00000ff0       0x88 ./Drivers/STM32F4xx_HAL_Driver/Src/stm32f4xx_hal_rng.o
 .debug_aranges
                0x00001078       0xd0 ./Drivers/STM32F4xx_HAL_Driver/Src/stm32f4xx_hal_sdram.o
 .debug_aranges
                0x00001148      0x1d0 ./Drivers/STM32F4xx_HAL_Driver/Src/stm32f4xx_hal_spi.o
 .debug_aranges
                0x00001318       0xf0 ./Drivers/STM32F4xx_HAL_Driver/Src/stm32f4xx_ll_fmc.o

.debug_rnglists
                0x00000000      0xf74
 .debug_rnglists
                0x00000000       0x5c ./Core/Src/TETRIS.o
 .debug_rnglists
                0x0000005c       0xa0 ./Core/Src/Tetromino.o
 .debug_rnglists
                0x000000fc       0x85 ./Core/Src/main.o
 .debug_rnglists
                0x00000181       0x6c ./Core/Src/stm32f4xx_hal_msp.o
 .debug_rnglists
                0x000001ed       0x49 ./Core/Src/stm32f4xx_it.o
 .debug_rnglists
                0x00000236       0x1a ./Core/Src/system_stm32f4xx.o
 .debug_rnglists
                0x00000250       0x19 ./Core/Startup/startup_stm32f429zitx.o
 .debug_rnglists
                0x00000269       0x44 ./Drivers/BSP/Components/ili9341/ili9341.o
 .debug_rnglists
                0x000002ad       0xea ./Drivers/BSP/STM32F429I-Discovery/stm32f429i_discovery.o
 .debug_rnglists
                0x00000397      0x14d ./Drivers/BSP/STM32F429I-Discovery/stm32f429i_discovery_lcd.o
 .debug_rnglists
                0x000004e4       0x4c ./Drivers/BSP/STM32F429I-Discovery/stm32f429i_discovery_sdram.o
 .debug_rnglists
                0x00000530       0xbb ./Drivers/STM32F4xx_HAL_Driver/Src/stm32f4xx_hal.o
 .debug_rnglists
                0x000005eb       0xce ./Drivers/STM32F4xx_HAL_Driver/Src/stm32f4xx_hal_cortex.o
 .debug_rnglists
                0x000006b9       0x70 ./Drivers/STM32F4xx_HAL_Driver/Src/stm32f4xx_hal_dma.o
 .debug_rnglists
                0x00000729       0xdc ./Drivers/STM32F4xx_HAL_Driver/Src/stm32f4xx_hal_dma2d.o
 .debug_rnglists
                0x00000805       0x3f ./Drivers/STM32F4xx_HAL_Driver/Src/stm32f4xx_hal_gpio.o
 .debug_rnglists
                0x00000844      0x23f ./Drivers/STM32F4xx_HAL_Driver/Src/stm32f4xx_hal_i2c.o
 .debug_rnglists
                0x00000a83       0x19 ./Drivers/STM32F4xx_HAL_Driver/Src/stm32f4xx_hal_i2c_ex.o
 .debug_rnglists
                0x00000a9c      0x109 ./Drivers/STM32F4xx_HAL_Driver/Src/stm32f4xx_hal_ltdc.o
 .debug_rnglists
                0x00000ba5       0x66 ./Drivers/STM32F4xx_HAL_Driver/Src/stm32f4xx_hal_rcc.o
 .debug_rnglists
                0x00000c0b       0x43 ./Drivers/STM32F4xx_HAL_Driver/Src/stm32f4xx_hal_rcc_ex.o
 .debug_rnglists
                0x00000c4e       0x63 ./Drivers/STM32F4xx_HAL_Driver/Src/stm32f4xx_hal_rng.o
 .debug_rnglists
                0x00000cb1       0x9e ./Drivers/STM32F4xx_HAL_Driver/Src/stm32f4xx_hal_sdram.o
 .debug_rnglists
                0x00000d4f      0x16f ./Drivers/STM32F4xx_HAL_Driver/Src/stm32f4xx_hal_spi.o
 .debug_rnglists
                0x00000ebe       0xb6 ./Drivers/STM32F4xx_HAL_Driver/Src/stm32f4xx_ll_fmc.o

.debug_macro    0x00000000     0x3f87
 .debug_macro   0x00000000      0x408 ./Core/Src/TETRIS.o
 .debug_macro   0x00000408      0x408 ./Core/Src/Tetromino.o
 .debug_macro   0x00000810      0x408 ./Core/Src/main.o
 .debug_macro   0x00000c18      0x3fc ./Core/Src/stm32f4xx_hal_msp.o
 .debug_macro   0x00001014      0x406 ./Core/Src/stm32f4xx_it.o
 .debug_macro   0x0000141a      0x222 ./Core/Src/system_stm32f4xx.o
 .debug_macro   0x0000163c       0x7c ./Drivers/BSP/Components/ili9341/ili9341.o
 .debug_macro   0x000016b8      0x249 ./Drivers/BSP/STM32F429I-Discovery/stm32f429i_discovery.o
 .debug_macro   0x00001901      0x25f ./Drivers/BSP/STM32F429I-Discovery/stm32f429i_discovery.o
 .debug_macro   0x00001b60      0x28f ./Drivers/BSP/STM32F429I-Discovery/stm32f429i_discovery_lcd.o
 .debug_macro   0x00001def      0x23a ./Drivers/BSP/STM32F429I-Discovery/stm32f429i_discovery_sdram.o
 .debug_macro   0x00002029       0xaa ./Drivers/BSP/STM32F429I-Discovery/stm32f429i_discovery_sdram.o
 .debug_macro   0x000020d3      0x27c ./Drivers/STM32F4xx_HAL_Driver/Src/stm32f4xx_hal.o
 .debug_macro   0x0000234f      0x21c ./Drivers/STM32F4xx_HAL_Driver/Src/stm32f4xx_hal_cortex.o
 .debug_macro   0x0000256b      0x222 ./Drivers/STM32F4xx_HAL_Driver/Src/stm32f4xx_hal_dma.o
 .debug_macro   0x0000278d      0x22b ./Drivers/STM32F4xx_HAL_Driver/Src/stm32f4xx_hal_dma2d.o
 .debug_macro   0x000029b8      0x252 ./Drivers/STM32F4xx_HAL_Driver/Src/stm32f4xx_hal_gpio.o
 .debug_macro   0x00002c0a      0x263 ./Drivers/STM32F4xx_HAL_Driver/Src/stm32f4xx_hal_i2c.o
 .debug_macro   0x00002e6d      0x21c ./Drivers/STM32F4xx_HAL_Driver/Src/stm32f4xx_hal_i2c_ex.o
 .debug_macro   0x00003089      0x21d ./Drivers/STM32F4xx_HAL_Driver/Src/stm32f4xx_hal_ltdc.o
 .debug_macro   0x000032a6      0x240 ./Drivers/STM32F4xx_HAL_Driver/Src/stm32f4xx_hal_rcc.o
 .debug_macro   0x000034e6      0x21c ./Drivers/STM32F4xx_HAL_Driver/Src/stm32f4xx_hal_rcc_ex.o
 .debug_macro   0x00003702      0x222 ./Drivers/STM32F4xx_HAL_Driver/Src/stm32f4xx_hal_rng.o
 .debug_macro   0x00003924      0x21c ./Drivers/STM32F4xx_HAL_Driver/Src/stm32f4xx_hal_sdram.o
 .debug_macro   0x00003b40      0x22b ./Drivers/STM32F4xx_HAL_Driver/Src/stm32f4xx_hal_spi.o
 .debug_macro   0x00003d6b      0x21c ./Drivers/STM32F4xx_HAL_Driver/Src/stm32f4xx_ll_fmc.o

.debug_line     0x00000000    0x1b579
 .debug_line    0x00000000     0x13ba ./Core/Src/TETRIS.o
 .debug_line    0x000013ba     0x2831 ./Core/Src/Tetromino.o
 .debug_line    0x00003beb     0x119e ./Core/Src/main.o
 .debug_line    0x00004d89     0x1023 ./Core/Src/stm32f4xx_hal_msp.o
 .debug_line    0x00005dac      0xe34 ./Core/Src/stm32f4xx_it.o
 .debug_line    0x00006be0      0x905 ./Core/Src/system_stm32f4xx.o
 .debug_line    0x000074e5       0x77 ./Core/Startup/startup_stm32f429zitx.o
 .debug_line    0x0000755c      0x63a ./Drivers/BSP/Components/ili9341/ili9341.o
 .debug_line    0x00007b96      0xda8 ./Drivers/BSP/STM32F429I-Discovery/stm32f429i_discovery.o
 .debug_line    0x0000893e     0x174d ./Drivers/BSP/STM32F429I-Discovery/stm32f429i_discovery_lcd.o
 .debug_line    0x0000a08b      0xa73 ./Drivers/BSP/STM32F429I-Discovery/stm32f429i_discovery_sdram.o
 .debug_line    0x0000aafe      0xb9e ./Drivers/STM32F4xx_HAL_Driver/Src/stm32f4xx_hal.o
 .debug_line    0x0000b69c      0xe15 ./Drivers/STM32F4xx_HAL_Driver/Src/stm32f4xx_hal_cortex.o
 .debug_line    0x0000c4b1     0x10df ./Drivers/STM32F4xx_HAL_Driver/Src/stm32f4xx_hal_dma.o
 .debug_line    0x0000d590     0x1338 ./Drivers/STM32F4xx_HAL_Driver/Src/stm32f4xx_hal_dma2d.o
 .debug_line    0x0000e8c8      0xd30 ./Drivers/STM32F4xx_HAL_Driver/Src/stm32f4xx_hal_gpio.o
 .debug_line    0x0000f5f8     0x3ae3 ./Drivers/STM32F4xx_HAL_Driver/Src/stm32f4xx_hal_i2c.o
 .debug_line    0x000130db      0x8f5 ./Drivers/STM32F4xx_HAL_Driver/Src/stm32f4xx_hal_i2c_ex.o
 .debug_line    0x000139d0     0x18ff ./Drivers/STM32F4xx_HAL_Driver/Src/stm32f4xx_hal_ltdc.o
 .debug_line    0x000152cf      0xec4 ./Drivers/STM32F4xx_HAL_Driver/Src/stm32f4xx_hal_rcc.o
 .debug_line    0x00016193      0xd36 ./Drivers/STM32F4xx_HAL_Driver/Src/stm32f4xx_hal_rcc_ex.o
 .debug_line    0x00016ec9      0xaea ./Drivers/STM32F4xx_HAL_Driver/Src/stm32f4xx_hal_rng.o
 .debug_line    0x000179b3      0xdd6 ./Drivers/STM32F4xx_HAL_Driver/Src/stm32f4xx_hal_sdram.o
 .debug_line    0x00018789     0x1dd0 ./Drivers/STM32F4xx_HAL_Driver/Src/stm32f4xx_hal_spi.o
 .debug_line    0x0001a559     0x1020 ./Drivers/STM32F4xx_HAL_Driver/Src/stm32f4xx_ll_fmc.o

.debug_str      0x00000000    0xdd940
 .debug_str     0x00000000    0xd7cc2 ./Core/Src/TETRIS.o
                              0xd7f9a (size before relaxing)
 .debug_str     0x000d7cc2       0xaf ./Core/Src/Tetromino.o
                              0xd7dd4 (size before relaxing)
 .debug_str     0x000d7d71     0x1282 ./Core/Src/main.o
                              0xd9149 (size before relaxing)
 .debug_str     0x000d8ff3      0x680 ./Core/Src/stm32f4xx_hal_msp.o
                              0xd9222 (size before relaxing)
 .debug_str     0x000d9673       0xf0 ./Core/Src/stm32f4xx_it.o
                              0xd7e5f (size before relaxing)
 .debug_str     0x000d9763       0xf0 ./Core/Src/system_stm32f4xx.o
                              0xd1f6a (size before relaxing)
 .debug_str     0x000d9853       0x44 ./Core/Startup/startup_stm32f429zitx.o
                                 0x6a (size before relaxing)
 .debug_str     0x000d9897      0x183 ./Drivers/BSP/Components/ili9341/ili9341.o
                               0x45d7 (size before relaxing)
 .debug_str     0x000d9a1a      0x550 ./Drivers/BSP/STM32F429I-Discovery/stm32f429i_discovery.o
                              0xd4173 (size before relaxing)
 .debug_str     0x000d9f6a      0x8e3 ./Drivers/BSP/STM32F429I-Discovery/stm32f429i_discovery_lcd.o
                              0xd5199 (size before relaxing)
 .debug_str     0x000da84d      0x297 ./Drivers/BSP/STM32F429I-Discovery/stm32f429i_discovery_sdram.o
                              0xd4075 (size before relaxing)
 .debug_str     0x000daae4      0x648 ./Drivers/STM32F4xx_HAL_Driver/Src/stm32f4xx_hal.o
                              0xd2b78 (size before relaxing)
 .debug_str     0x000db12c      0x31c ./Drivers/STM32F4xx_HAL_Driver/Src/stm32f4xx_hal_cortex.o
                              0xd285d (size before relaxing)
 .debug_str     0x000db448      0x2e9 ./Drivers/STM32F4xx_HAL_Driver/Src/stm32f4xx_hal_dma.o
                              0xd235c (size before relaxing)
 .debug_str     0x000db731      0x357 ./Drivers/STM32F4xx_HAL_Driver/Src/stm32f4xx_hal_dma2d.o
                              0xd2531 (size before relaxing)
 .debug_str     0x000dba88      0x1a5 ./Drivers/STM32F4xx_HAL_Driver/Src/stm32f4xx_hal_gpio.o
                              0xd217d (size before relaxing)
 .debug_str     0x000dbc2d      0xa56 ./Drivers/STM32F4xx_HAL_Driver/Src/stm32f4xx_hal_i2c.o
                              0xd2f12 (size before relaxing)
 .debug_str     0x000dc683       0x3b ./Drivers/STM32F4xx_HAL_Driver/Src/stm32f4xx_hal_i2c_ex.o
                              0xd2324 (size before relaxing)
 .debug_str     0x000dc6be      0x23a ./Drivers/STM32F4xx_HAL_Driver/Src/stm32f4xx_hal_ltdc.o
                              0xd257f (size before relaxing)
 .debug_str     0x000dc8f8      0x213 ./Drivers/STM32F4xx_HAL_Driver/Src/stm32f4xx_hal_rcc.o
                              0xd2389 (size before relaxing)
 .debug_str     0x000dcb0b      0x133 ./Drivers/STM32F4xx_HAL_Driver/Src/stm32f4xx_hal_rcc_ex.o
                              0xd2150 (size before relaxing)
 .debug_str     0x000dcc3e      0x120 ./Drivers/STM32F4xx_HAL_Driver/Src/stm32f4xx_hal_rng.o
                              0xd203b (size before relaxing)
 .debug_str     0x000dcd5e      0x290 ./Drivers/STM32F4xx_HAL_Driver/Src/stm32f4xx_hal_sdram.o
                              0xd2613 (size before relaxing)
 .debug_str     0x000dcfee      0x4df ./Drivers/STM32F4xx_HAL_Driver/Src/stm32f4xx_hal_spi.o
                              0xd27e5 (size before relaxing)
 .debug_str     0x000dd4cd      0x473 ./Drivers/STM32F4xx_HAL_Driver/Src/stm32f4xx_ll_fmc.o
                              0xd257a (size before relaxing)

.comment        0x00000000       0x43
 .comment       0x00000000       0x43 ./Core/Src/TETRIS.o
                                 0x44 (size before relaxing)
 .comment       0x00000043       0x44 ./Core/Src/Tetromino.o
 .comment       0x00000043       0x44 ./Core/Src/main.o
 .comment       0x00000043       0x44 ./Core/Src/stm32f4xx_hal_msp.o
 .comment       0x00000043       0x44 ./Core/Src/stm32f4xx_it.o
 .comment       0x00000043       0x44 ./Core/Src/system_stm32f4xx.o
 .comment       0x00000043       0x44 ./Drivers/BSP/Components/ili9341/ili9341.o
 .comment       0x00000043       0x44 ./Drivers/BSP/STM32F429I-Discovery/stm32f429i_discovery.o
 .comment       0x00000043       0x44 ./Drivers/BSP/STM32F429I-Discovery/stm32f429i_discovery_lcd.o
 .comment       0x00000043       0x44 ./Drivers/BSP/STM32F429I-Discovery/stm32f429i_discovery_sdram.o
 .comment       0x00000043       0x44 ./Drivers/STM32F4xx_HAL_Driver/Src/stm32f4xx_hal.o
 .comment       0x00000043       0x44 ./Drivers/STM32F4xx_HAL_Driver/Src/stm32f4xx_hal_cortex.o
 .comment       0x00000043       0x44 ./Drivers/STM32F4xx_HAL_Driver/Src/stm32f4xx_hal_dma.o
 .comment       0x00000043       0x44 ./Drivers/STM32F4xx_HAL_Driver/Src/stm32f4xx_hal_dma2d.o
 .comment       0x00000043       0x44 ./Drivers/STM32F4xx_HAL_Driver/Src/stm32f4xx_hal_gpio.o
 .comment       0x00000043       0x44 ./Drivers/STM32F4xx_HAL_Driver/Src/stm32f4xx_hal_i2c.o
 .comment       0x00000043       0x44 ./Drivers/STM32F4xx_HAL_Driver/Src/stm32f4xx_hal_i2c_ex.o
 .comment       0x00000043       0x44 ./Drivers/STM32F4xx_HAL_Driver/Src/stm32f4xx_hal_ltdc.o
 .comment       0x00000043       0x44 ./Drivers/STM32F4xx_HAL_Driver/Src/stm32f4xx_hal_rcc.o
 .comment       0x00000043       0x44 ./Drivers/STM32F4xx_HAL_Driver/Src/stm32f4xx_hal_rcc_ex.o
 .comment       0x00000043       0x44 ./Drivers/STM32F4xx_HAL_Driver/Src/stm32f4xx_hal_rng.o
 .comment       0x00000043       0x44 ./Drivers/STM32F4xx_HAL_Driver/Src/stm32f4xx_hal_sdram.o
 .comment       0x00000043       0x44 ./Drivers/STM32F4xx_HAL_Driver/Src/stm32f4xx_hal_spi.o
 .comment       0x00000043       0x44 ./Drivers/STM32F4xx_HAL_Driver/Src/stm32f4xx_ll_fmc.o

.debug_frame    0x00000000     0x5370
 .debug_frame   0x00000000      0x1bc ./Core/Src/TETRIS.o
 .debug_frame   0x000001bc      0x34c ./Core/Src/Tetromino.o
 .debug_frame   0x00000508      0x25c ./Core/Src/main.o
 .debug_frame   0x00000764      0x230 ./Core/Src/stm32f4xx_hal_msp.o
 .debug_frame   0x00000994      0x120 ./Core/Src/stm32f4xx_it.o
 .debug_frame   0x00000ab4       0x58 ./Core/Src/system_stm32f4xx.o
 .debug_frame   0x00000b0c      0x12c ./Drivers/BSP/Components/ili9341/ili9341.o
 .debug_frame   0x00000c38      0x4ec ./Drivers/BSP/STM32F429I-Discovery/stm32f429i_discovery.o
 .debug_frame   0x00001124      0x75c ./Drivers/BSP/STM32F429I-Discovery/stm32f429i_discovery_lcd.o
 .debug_frame   0x00001880      0x168 ./Drivers/BSP/STM32F429I-Discovery/stm32f429i_discovery_sdram.o
 .debug_frame   0x000019e8      0x3b4 ./Drivers/STM32F4xx_HAL_Driver/Src/stm32f4xx_hal.o
 .debug_frame   0x00001d9c      0x498 ./Drivers/STM32F4xx_HAL_Driver/Src/stm32f4xx_hal_cortex.o
 .debug_frame   0x00002234      0x250 ./Drivers/STM32F4xx_HAL_Driver/Src/stm32f4xx_hal_dma.o
 .debug_frame   0x00002484      0x4e0 ./Drivers/STM32F4xx_HAL_Driver/Src/stm32f4xx_hal_dma2d.o
 .debug_frame   0x00002964      0x14c ./Drivers/STM32F4xx_HAL_Driver/Src/stm32f4xx_hal_gpio.o
 .debug_frame   0x00002ab0      0xc5c ./Drivers/STM32F4xx_HAL_Driver/Src/stm32f4xx_hal_i2c.o
 .debug_frame   0x0000370c       0x60 ./Drivers/STM32F4xx_HAL_Driver/Src/stm32f4xx_hal_i2c_ex.o
 .debug_frame   0x0000376c      0x61c ./Drivers/STM32F4xx_HAL_Driver/Src/stm32f4xx_hal_ltdc.o
 .debug_frame   0x00003d88      0x1f4 ./Drivers/STM32F4xx_HAL_Driver/Src/stm32f4xx_hal_rcc.o
 .debug_frame   0x00003f7c      0x13c ./Drivers/STM32F4xx_HAL_Driver/Src/stm32f4xx_hal_rcc_ex.o
 .debug_frame   0x000040b8      0x22c ./Drivers/STM32F4xx_HAL_Driver/Src/stm32f4xx_hal_rng.o
 .debug_frame   0x000042e4      0x37c ./Drivers/STM32F4xx_HAL_Driver/Src/stm32f4xx_hal_sdram.o
 .debug_frame   0x00004660      0x824 ./Drivers/STM32F4xx_HAL_Driver/Src/stm32f4xx_hal_spi.o
 .debug_frame   0x00004e84      0x440 ./Drivers/STM32F4xx_HAL_Driver/Src/stm32f4xx_ll_fmc.o
 .debug_frame   0x000052c4       0x20 E:/HUST/Embedded System/STM32CubeIDE_1.17.0/STM32CubeIDE/plugins/com.st.stm32cube.ide.mcu.externaltools.gnu-tools-for-stm32.12.3.rel1.win32_1.1.0.202410251130/tools/bin/../lib/gcc/arm-none-eabi/12.3.1/../../../../arm-none-eabi/lib/thumb/v7e-m+fp/hard\libc_nano.a(libc_a-memset.o)
 .debug_frame   0x000052e4       0x2c E:/HUST/Embedded System/STM32CubeIDE_1.17.0/STM32CubeIDE/plugins/com.st.stm32cube.ide.mcu.externaltools.gnu-tools-for-stm32.12.3.rel1.win32_1.1.0.202410251130/tools/bin/../lib/gcc/arm-none-eabi/12.3.1/../../../../arm-none-eabi/lib/thumb/v7e-m+fp/hard\libc_nano.a(libc_a-init.o)
 .debug_frame   0x00005310       0x2c E:/HUST/Embedded System/STM32CubeIDE_1.17.0/STM32CubeIDE/plugins/com.st.stm32cube.ide.mcu.externaltools.gnu-tools-for-stm32.12.3.rel1.win32_1.1.0.202410251130/tools/bin/../lib/gcc/arm-none-eabi/12.3.1/thumb/v7e-m+fp/hard\libgcc.a(_aeabi_uldivmod.o)
 .debug_frame   0x0000533c       0x34 E:/HUST/Embedded System/STM32CubeIDE_1.17.0/STM32CubeIDE/plugins/com.st.stm32cube.ide.mcu.externaltools.gnu-tools-for-stm32.12.3.rel1.win32_1.1.0.202410251130/tools/bin/../lib/gcc/arm-none-eabi/12.3.1/thumb/v7e-m+fp/hard\libgcc.a(_udivmoddi4.o)

.debug_line_str
                0x00000000       0x4e
 .debug_line_str
                0x00000000       0x4e ./Core/Startup/startup_stm32f429zitx.o
