../Core/Src/Tetromino.c:7:6:BlockI1	24	static
../Core/Src/Tetromino.c:66:6:BlockI2	24	static
../Core/Src/Tetromino.c:116:6:BlockJ1	24	static
../Core/Src/Tetromino.c:169:6:BlockJ2	24	static
../Core/Src/Tetromino.c:220:6:BlockJ3	24	static
../Core/Src/Tetromino.c:273:6:BlockJ4	24	static
../Core/Src/Tetromino.c:324:6:BlockL1	24	static
../Core/Src/Tetromino.c:377:6:BlockL2	24	static
../Core/Src/Tetromino.c:428:6:BlockL3	24	static
../Core/Src/Tetromino.c:481:6:BlockL4	24	static
../Core/Src/Tetromino.c:532:6:BlockO	24	static
../Core/Src/Tetromino.c:578:6:BlockS1	24	static
../Core/Src/Tetromino.c:631:6:BlockS2	24	static
../Core/Src/Tetromino.c:682:6:BlockT1	24	static
../Core/Src/Tetromino.c:735:6:BlockT2	24	static
../Core/Src/Tetromino.c:786:6:BlockT3	24	static
../Core/Src/Tetromino.c:839:6:BlockT4	24	static
../Core/Src/Tetromino.c:890:6:BlockZ1	24	static
../Core/Src/Tetromino.c:943:6:BlockZ2	24	static
../Core/Src/Tetromino.c:994:6:PrintTetromino	8	static
../Core/Src/Tetromino.c:1020:6:PrintNextPiece	16	static
